2025-04-04 07:46:50 - execution_system - WARNING - Could not initialize LLM client: No module named 'tiktoken'
2025-04-04 07:47:12 - execution_system - WARNING - Could not initialize LLM client: Unable to generate pydantic-core schema for <class 'groq.Groq'>. Set `arbitrary_types_allowed=True` in the model_config to ignore this error or implement `__get_pydantic_core_schema__` on your type to fully support it.

If you got this error by calling handler(<some type>) within `__get_pydantic_core_schema__` then you likely need to call `handler.generate_schema(<some type>)` since we do not call `__get_pydantic_core_schema__` on `<some type>` otherwise to avoid infinite recursion.

For further information visit https://errors.pydantic.dev/2.11/u/schema-for-unknown-type
2025-04-04 17:37:43 - execution_system - INFO - Executing task task_20250404173737_1: 'Prepare the cleaning station and utensils'
2025-04-04 17:37:43 - execution_system - INFO - Attempt 1/4 for task task_20250404173737_1
2025-04-04 17:37:44 - execution_system - INFO - LLM indicated no suitable skill for task: task_20250404173737_1 ('Prepare the cleaning station and utensils')
2025-04-04 17:37:44 - execution_system - INFO - No skill dispatched for task task_20250404173737_1. Attempting LLM execution.
2025-04-04 17:37:44 - execution_system - INFO - Task task_20250404173737_1 completed successfully in attempt 1.
2025-04-04 17:37:44 - execution_system - INFO - Finished execution for task task_20250404173737_1. Success: True, Time: 1.27s
2025-04-04 17:56:35 - execution_system - INFO - Executing task user_cmd_20250404175635086645: ''
2025-04-04 17:56:35 - execution_system - INFO - Attempt 1/4 for task user_cmd_20250404175635086645
2025-04-04 18:00:03 - execution_system - INFO - Executing task task_20250404180002_1: 'Define what constitutes a viral meme'
2025-04-04 18:00:03 - execution_system - INFO - Attempt 1/4 for task task_20250404180002_1
2025-04-04 18:00:04 - execution_system - INFO - LLM successfully parsed task 'task_20250404180002_1' to skill: 'web', params: {'action': 'search', 'query': 'define viral meme'}
2025-04-04 18:00:04 - execution_system - INFO - Attempting to execute task 'task_20250404180002_1' using skill: 'web'
2025-04-04 18:00:05 - execution_system - INFO - Task task_20250404180002_1 completed successfully in attempt 1.
2025-04-04 18:00:05 - execution_system - INFO - Finished execution for task task_20250404180002_1. Success: True, Time: 1.95s
2025-04-04 18:01:26 - execution_system - INFO - Executing task task_20250404173737_1: 'Prepare the cleaning station and utensils'
2025-04-04 18:01:26 - execution_system - INFO - Attempt 1/4 for task task_20250404173737_1
2025-04-04 18:01:26 - execution_system - INFO - LLM indicated no suitable skill for task: task_20250404173737_1 ('Prepare the cleaning station and utensils')
2025-04-04 18:01:26 - execution_system - INFO - No skill dispatched for task task_20250404173737_1. Attempting LLM execution.
2025-04-04 18:01:27 - execution_system - INFO - Task task_20250404173737_1 completed successfully in attempt 1.
2025-04-04 18:01:27 - execution_system - INFO - Finished execution for task task_20250404173737_1. Success: True, Time: 1.34s
2025-04-04 18:02:59 - execution_system - INFO - Executing task task_20250404180258_1: 'Define search parameters for meme virality'
2025-04-04 18:02:59 - execution_system - INFO - Attempt 1/4 for task task_20250404180258_1
2025-04-04 18:03:00 - execution_system - INFO - LLM successfully parsed task 'task_20250404180258_1' to skill: 'web', params: {'action': 'search', 'query': 'meme virality'}
2025-04-04 18:03:00 - execution_system - INFO - Attempting to execute task 'task_20250404180258_1' using skill: 'web'
2025-04-04 18:03:01 - execution_system - INFO - Task task_20250404180258_1 completed successfully in attempt 1.
2025-04-04 18:03:01 - execution_system - INFO - Finished execution for task task_20250404180258_1. Success: True, Time: 1.90s
2025-04-04 18:03:57 - execution_system - INFO - Executing task task_20250404180355_1: 'Define search criteria for viral memes'
2025-04-04 18:03:57 - execution_system - INFO - Attempt 1/4 for task task_20250404180355_1
2025-04-04 18:03:58 - execution_system - INFO - LLM successfully parsed task 'task_20250404180355_1' to skill: 'web', params: {'action': 'search', 'query': 'viral memes'}
2025-04-04 18:03:58 - execution_system - INFO - Attempting to execute task 'task_20250404180355_1' using skill: 'web'
2025-04-04 18:03:59 - execution_system - INFO - Task task_20250404180355_1 completed successfully in attempt 1.
2025-04-04 18:03:59 - execution_system - INFO - Finished execution for task task_20250404180355_1. Success: True, Time: 1.90s
2025-04-04 18:04:04 - execution_system - INFO - Executing task task_20250404180355_1: 'Define search criteria for viral memes'
2025-04-04 18:04:04 - execution_system - INFO - Attempt 1/4 for task task_20250404180355_1
2025-04-04 18:04:05 - execution_system - INFO - LLM successfully parsed task 'task_20250404180355_1' to skill: 'web', params: {'action': 'search', 'query': 'viral memes'}
2025-04-04 18:04:05 - execution_system - INFO - Attempting to execute task 'task_20250404180355_1' using skill: 'web'
2025-04-04 18:04:06 - execution_system - INFO - Task task_20250404180355_1 completed successfully in attempt 1.
2025-04-04 18:04:06 - execution_system - INFO - Finished execution for task task_20250404180355_1. Success: True, Time: 2.07s
2025-04-04 18:05:43 - execution_system - INFO - Executing task task_20250404180542_1: 'Define the scope of the meme search'
2025-04-04 18:05:43 - execution_system - INFO - Attempt 1/4 for task task_20250404180542_1
2025-04-04 18:05:44 - execution_system - INFO - LLM successfully parsed task 'task_20250404180542_1' to skill: 'web', params: {'action': 'search', 'query': 'meme search'}
2025-04-04 18:05:44 - execution_system - INFO - Attempting to execute task 'task_20250404180542_1' using skill: 'web'
2025-04-04 18:05:45 - execution_system - INFO - Task task_20250404180542_1 completed successfully in attempt 1.
2025-04-04 18:05:45 - execution_system - INFO - Finished execution for task task_20250404180542_1. Success: True, Time: 1.51s
2025-04-04 18:06:03 - execution_system - INFO - Executing task task_20250404180542_1: 'Define the scope of the meme search'
2025-04-04 18:06:03 - execution_system - INFO - Attempt 1/4 for task task_20250404180542_1
2025-04-04 18:06:03 - execution_system - INFO - LLM successfully parsed task 'task_20250404180542_1' to skill: 'web', params: {'action': 'search', 'query': 'meme search'}
2025-04-04 18:06:03 - execution_system - INFO - Attempting to execute task 'task_20250404180542_1' using skill: 'web'
2025-04-04 18:06:04 - execution_system - INFO - Task task_20250404180542_1 completed successfully in attempt 1.
2025-04-04 18:06:04 - execution_system - INFO - Finished execution for task task_20250404180542_1. Success: True, Time: 1.82s
2025-04-04 18:07:13 - execution_system - INFO - Executing task task_20250404180711_1: 'Define the scope of the meme search (e.g., specific platforms, time frame, topics)'
2025-04-04 18:07:13 - execution_system - INFO - Attempt 1/4 for task task_20250404180711_1
2025-04-04 18:07:13 - execution_system - INFO - LLM successfully parsed task 'task_20250404180711_1' to skill: 'web', params: {'action': 'search', 'query': 'meme search scope'}
2025-04-04 18:07:13 - execution_system - INFO - Attempting to execute task 'task_20250404180711_1' using skill: 'web'
2025-04-04 18:07:14 - execution_system - INFO - Task task_20250404180711_1 completed successfully in attempt 1.
2025-04-04 18:07:14 - execution_system - INFO - Finished execution for task task_20250404180711_1. Success: True, Time: 1.65s
2025-04-04 18:07:24 - execution_system - INFO - Executing task task_20250404180711_2: 'Research existing meme tracking tools and APIs (e.g., Reddit, Twitter, Google Trends)'
2025-04-04 18:07:24 - execution_system - INFO - Attempt 1/4 for task task_20250404180711_2
2025-04-04 18:07:25 - execution_system - INFO - LLM successfully parsed task 'task_20250404180711_2' to skill: 'web', params: {'action': 'search', 'query': 'meme tracking tools and APIs (e.g., Reddit, Twitter, Google Trends)'}
2025-04-04 18:07:25 - execution_system - INFO - Attempting to execute task 'task_20250404180711_2' using skill: 'web'
2025-04-04 18:07:26 - execution_system - INFO - Task task_20250404180711_2 completed successfully in attempt 1.
2025-04-04 18:07:26 - execution_system - INFO - Finished execution for task task_20250404180711_2. Success: True, Time: 1.85s
2025-04-04 18:07:28 - execution_system - INFO - Executing task task_20250404180711_3: 'Identify and prioritize the most relevant metrics for measuring meme virality (e.g., engagement, shares, views)'
2025-04-04 18:07:28 - execution_system - INFO - Attempt 1/4 for task task_20250404180711_3
2025-04-04 18:07:30 - execution_system - INFO - LLM successfully parsed task 'task_20250404180711_3' to skill: 'web', params: {'action': 'search', 'query': 'meme virality metrics'}
2025-04-04 18:07:30 - execution_system - INFO - Attempting to execute task 'task_20250404180711_3' using skill: 'web'
2025-04-04 18:07:32 - execution_system - INFO - Task task_20250404180711_3 completed successfully in attempt 1.
2025-04-04 18:07:32 - execution_system - INFO - Finished execution for task task_20250404180711_3. Success: True, Time: 3.42s
2025-04-04 18:07:32 - execution_system - INFO - Executing task task_20250404180711_4: 'Develop a data collection plan (e.g., web scraping, API integrations, manual data entry)'
2025-04-04 18:07:32 - execution_system - INFO - Attempt 1/4 for task task_20250404180711_4
2025-04-04 18:07:32 - execution_system - INFO - LLM successfully parsed task 'task_20250404180711_4' to skill: 'web', params: {'action': 'browse'}
2025-04-04 18:07:32 - execution_system - INFO - Attempting to execute task 'task_20250404180711_4' using skill: 'web'
2025-04-04 18:07:32 - execution_system - WARNING - Attempt 1 failed for task task_20250404180711_4: Missing required parameter 'url' for action 'browse'.
2025-04-04 18:07:32 - execution_system - INFO - Retrying task task_20250404180711_4 in 1.00 seconds...
2025-04-04 18:07:34 - execution_system - INFO - Attempt 2/4 for task task_20250404180711_4
2025-04-04 18:07:34 - execution_system - INFO - LLM successfully parsed task 'task_20250404180711_4' to skill: 'web', params: {'action': 'browse'}
2025-04-04 18:07:34 - execution_system - INFO - Attempting to execute task 'task_20250404180711_4' using skill: 'web'
2025-04-04 18:07:34 - execution_system - WARNING - Attempt 2 failed for task task_20250404180711_4: Missing required parameter 'url' for action 'browse'.
2025-04-04 18:07:34 - execution_system - INFO - Retrying task task_20250404180711_4 in 2.00 seconds...
2025-04-04 18:07:36 - execution_system - INFO - Attempt 3/4 for task task_20250404180711_4
2025-04-04 18:07:37 - execution_system - INFO - LLM successfully parsed task 'task_20250404180711_4' to skill: 'web', params: {'action': 'browse'}
2025-04-04 18:07:37 - execution_system - INFO - Attempting to execute task 'task_20250404180711_4' using skill: 'web'
2025-04-04 18:07:37 - execution_system - WARNING - Attempt 3 failed for task task_20250404180711_4: Missing required parameter 'url' for action 'browse'.
2025-04-04 18:07:37 - execution_system - INFO - Retrying task task_20250404180711_4 in 4.00 seconds...
2025-04-04 18:07:41 - execution_system - INFO - Attempt 4/4 for task task_20250404180711_4
2025-04-04 18:07:41 - execution_system - INFO - LLM successfully parsed task 'task_20250404180711_4' to skill: 'web', params: {'action': 'browse'}
2025-04-04 18:07:41 - execution_system - INFO - Attempting to execute task 'task_20250404180711_4' using skill: 'web'
2025-04-04 18:07:41 - execution_system - WARNING - Attempt 4 failed for task task_20250404180711_4: Missing required parameter 'url' for action 'browse'.
2025-04-04 18:07:41 - execution_system - ERROR - Task task_20250404180711_4 failed after maximum retries (3).
2025-04-04 18:07:41 - execution_system - INFO - Primary execution failed for task task_20250404180711_4. Trying fallback strategies...
2025-04-04 18:07:41 - execution_system - INFO - Attempting fallback strategy 'simple' for task task_20250404180711_4
2025-04-04 18:07:42 - execution_system - INFO - LLM successfully parsed task 'task_20250404180711_4' to skill: 'web', params: {'action': 'browse'}
2025-04-04 18:07:42 - execution_system - INFO - Attempting to execute task 'task_20250404180711_4' using skill: 'web'
2025-04-04 18:07:42 - execution_system - WARNING - Fallback strategy 'simple' failed for task task_20250404180711_4: Missing required parameter 'url' for action 'browse'.
2025-04-04 18:07:42 - execution_system - INFO - Attempting fallback strategy 'robust' for task task_20250404180711_4
2025-04-04 18:07:43 - execution_system - INFO - LLM successfully parsed task 'task_20250404180711_4' to skill: 'web', params: {'action': 'browse'}
2025-04-04 18:07:43 - execution_system - INFO - Attempting to execute task 'task_20250404180711_4' using skill: 'web'
2025-04-04 18:07:43 - execution_system - WARNING - Fallback strategy 'robust' failed for task task_20250404180711_4: Missing required parameter 'url' for action 'browse'.
2025-04-04 18:07:43 - execution_system - INFO - Finished execution for task task_20250404180711_4. Success: False, Time: 10.55s
2025-04-04 18:07:43 - execution_system - INFO - Task task_20250404180711_4 failure diagnosis: Diagnosis: The error message indicates that the task failed because a required parameter 'url' was missing for the action 'browse'. This suggests that the task is attempting to perform a web scraping or browsing action, but is missing the necessary URL to access the desired webpage or data source.

Suggestion: The recovery strategy would be to retry the task with the correct URL parameter provided. If the URL is not known, the task planner should be modified to include the necessary URL information before attempting to execute the task. If the URL is not available or cannot be determined, the task should be reported as failed and the planner should be informed to retry the task with a different approach or to manually review and correct the task plan.
2025-04-04 18:09:06 - execution_system - INFO - Executing task task_20250404180905_1: 'Define the scope of the meme search'
2025-04-04 18:09:06 - execution_system - INFO - Attempt 1/4 for task task_20250404180905_1
2025-04-04 18:09:07 - execution_system - INFO - LLM successfully parsed task 'task_20250404180905_1' to skill: 'web', params: {'action': 'search', 'query': 'meme search'}
2025-04-04 18:09:07 - execution_system - INFO - Attempting to execute task 'task_20250404180905_1' using skill: 'web'
2025-04-04 18:09:08 - execution_system - INFO - Task task_20250404180905_1 completed successfully in attempt 1.
2025-04-04 18:09:08 - execution_system - INFO - Finished execution for task task_20250404180905_1. Success: True, Time: 1.52s
2025-04-04 18:09:17 - execution_system - INFO - Executing task task_20250404180905_2: 'Choose a meme platform (e.g. Reddit, 9GAG, Instagram)'
2025-04-04 18:09:17 - execution_system - INFO - Attempt 1/4 for task task_20250404180905_2
2025-04-04 18:09:17 - execution_system - ERROR - Failed to parse LLM response for skill parsing: Expecting ',' delimiter: line 5 column 21 (char 87). Raw response:
{
  "skill_name": "web",
  "parameters": {
    "action": "browse",
    "url": "Reddit" // or "9GAG" or "Instagram"
  }
}
2025-04-04 18:09:17 - execution_system - INFO - No skill dispatched for task task_20250404180905_2. Attempting LLM execution.
2025-04-04 18:09:18 - execution_system - INFO - Task task_20250404180905_2 completed successfully in attempt 1.
2025-04-04 18:09:18 - execution_system - INFO - Finished execution for task task_20250404180905_2. Success: True, Time: 1.22s
2025-04-04 18:09:23 - execution_system - INFO - Executing task user_cmd_20250404180923866124: '?'
2025-04-04 18:09:23 - execution_system - INFO - Attempt 1/4 for task user_cmd_20250404180923866124
2025-04-04 18:09:24 - execution_system - INFO - LLM successfully parsed task 'user_cmd_20250404180923866124' to skill: 'web', params: {'action': 'browse'}
2025-04-04 18:09:24 - execution_system - INFO - Attempting to execute task 'user_cmd_20250404180923866124' using skill: 'web'
2025-04-04 18:09:24 - execution_system - WARNING - Attempt 1 failed for task user_cmd_20250404180923866124: Missing required parameter 'url' for action 'browse'.
2025-04-04 18:09:24 - execution_system - INFO - Retrying task user_cmd_20250404180923866124 in 1.00 seconds...
2025-04-04 18:09:25 - execution_system - INFO - Attempt 2/4 for task user_cmd_20250404180923866124
2025-04-04 18:09:26 - execution_system - INFO - LLM successfully parsed task 'user_cmd_20250404180923866124' to skill: 'web', params: {'action': 'browse'}
2025-04-04 18:09:26 - execution_system - INFO - Attempting to execute task 'user_cmd_20250404180923866124' using skill: 'web'
2025-04-04 18:09:26 - execution_system - WARNING - Attempt 2 failed for task user_cmd_20250404180923866124: Missing required parameter 'url' for action 'browse'.
2025-04-04 18:09:26 - execution_system - INFO - Retrying task user_cmd_20250404180923866124 in 2.00 seconds...
2025-04-04 18:09:28 - execution_system - INFO - Attempt 3/4 for task user_cmd_20250404180923866124
2025-04-04 18:09:28 - execution_system - INFO - LLM successfully parsed task 'user_cmd_20250404180923866124' to skill: 'web', params: {'action': 'browse'}
2025-04-04 18:09:28 - execution_system - INFO - Attempting to execute task 'user_cmd_20250404180923866124' using skill: 'web'
2025-04-04 18:09:28 - execution_system - WARNING - Attempt 3 failed for task user_cmd_20250404180923866124: Missing required parameter 'url' for action 'browse'.
2025-04-04 18:09:28 - execution_system - INFO - Retrying task user_cmd_20250404180923866124 in 4.00 seconds...
2025-04-04 18:09:32 - execution_system - INFO - Attempt 4/4 for task user_cmd_20250404180923866124
2025-04-04 18:09:33 - execution_system - INFO - LLM successfully parsed task 'user_cmd_20250404180923866124' to skill: 'web', params: {'action': 'browse'}
2025-04-04 18:09:33 - execution_system - INFO - Attempting to execute task 'user_cmd_20250404180923866124' using skill: 'web'
2025-04-04 18:09:33 - execution_system - WARNING - Attempt 4 failed for task user_cmd_20250404180923866124: Missing required parameter 'url' for action 'browse'.
2025-04-04 18:09:33 - execution_system - ERROR - Task user_cmd_20250404180923866124 failed after maximum retries (3).
2025-04-04 18:09:33 - execution_system - INFO - Primary execution failed for task user_cmd_20250404180923866124. Trying fallback strategies...
2025-04-04 18:09:33 - execution_system - INFO - Attempting fallback strategy 'simple' for task user_cmd_20250404180923866124
2025-04-04 18:09:34 - execution_system - INFO - LLM successfully parsed task 'user_cmd_20250404180923866124' to skill: 'web', params: {'action': 'browse'}
2025-04-04 18:09:34 - execution_system - INFO - Attempting to execute task 'user_cmd_20250404180923866124' using skill: 'web'
2025-04-04 18:09:34 - execution_system - WARNING - Fallback strategy 'simple' failed for task user_cmd_20250404180923866124: Missing required parameter 'url' for action 'browse'.
2025-04-04 18:09:34 - execution_system - INFO - Attempting fallback strategy 'robust' for task user_cmd_20250404180923866124
2025-04-04 18:09:34 - execution_system - INFO - LLM successfully parsed task 'user_cmd_20250404180923866124' to skill: 'web', params: {'action': 'browse'}
2025-04-04 18:09:34 - execution_system - INFO - Attempting to execute task 'user_cmd_20250404180923866124' using skill: 'web'
2025-04-04 18:09:34 - execution_system - WARNING - Fallback strategy 'robust' failed for task user_cmd_20250404180923866124: Missing required parameter 'url' for action 'browse'.
2025-04-04 18:09:34 - execution_system - INFO - Finished execution for task user_cmd_20250404180923866124. Success: False, Time: 10.82s
2025-04-04 18:09:35 - execution_system - INFO - Task user_cmd_20250404180923866124 failure diagnosis: Diagnosis: The task failed due to a missing required parameter 'url' for the 'browse' action. This suggests that the task did not provide the necessary input for the 'browse' action, which is a crucial piece of information for the action to function correctly.

Suggestion: The recovery strategy would be to review the task description and metadata to ensure that the 'url' parameter is provided. If the parameter is still missing, the task should be modified to include the required 'url' parameter. If the task is unable to provide the 'url' parameter, the execution should be retried with a different plan or a fallback skill should be used.
2025-04-04 18:09:36 - execution_system - INFO - Executing task task_20250404180905_3: 'Determine the time frame for the meme search (e.g. past 24 hours, past week)'
2025-04-04 18:09:36 - execution_system - INFO - Attempt 1/4 for task task_20250404180905_3
2025-04-04 18:09:38 - execution_system - INFO - LLM successfully parsed task 'task_20250404180905_3' to skill: 'web', params: {'action': 'search', 'query': 'meme search'}
2025-04-04 18:09:38 - execution_system - INFO - Attempting to execute task 'task_20250404180905_3' using skill: 'web'
2025-04-04 18:09:38 - execution_system - INFO - Task task_20250404180905_3 completed successfully in attempt 1.
2025-04-04 18:09:38 - execution_system - INFO - Finished execution for task task_20250404180905_3. Success: True, Time: 2.52s
2025-04-04 18:52:11 - execution_system - INFO - Loaded 3 execution strategies.
2025-04-04 18:53:09 - execution_system - INFO - Executing task task_20250404185307_1: 'Define what constitutes a 'viral meme''
2025-04-04 18:53:09 - execution_system - INFO - Attempt 1/4 for task task_20250404185307_1
2025-04-04 18:53:09 - execution_system - INFO - LLM successfully parsed task 'task_20250404185307_1' to skill: 'web', params: {'action': 'search', 'query': 'define viral meme'}
2025-04-04 18:53:09 - execution_system - INFO - Attempting to execute task 'task_20250404185307_1' using skill: 'web'
2025-04-04 18:53:11 - execution_system - INFO - Task task_20250404185307_1 completed successfully in attempt 1.
2025-04-04 18:53:11 - execution_system - INFO - Finished execution for task task_20250404185307_1. Success: True, Time: 2.19s
2025-04-04 18:53:19 - execution_system - INFO - Executing task task_20250404185307_2: 'Identify popular meme platforms (e.g. Reddit, Twitter, Instagram)'
2025-04-04 18:53:19 - execution_system - INFO - Attempt 1/4 for task task_20250404185307_2
2025-04-04 18:53:20 - execution_system - INFO - LLM successfully parsed task 'task_20250404185307_2' to skill: 'web', params: {'action': 'search', 'query': 'popular meme platforms'}
2025-04-04 18:53:20 - execution_system - INFO - Attempting to execute task 'task_20250404185307_2' using skill: 'web'
2025-04-04 18:53:21 - execution_system - INFO - Task task_20250404185307_2 completed successfully in attempt 1.
2025-04-04 18:53:21 - execution_system - INFO - Finished execution for task task_20250404185307_2. Success: True, Time: 1.82s
2025-04-04 18:53:27 - execution_system - INFO - Executing task user_cmd_20250404185327301441: 'Generate the report'
2025-04-04 18:53:27 - execution_system - INFO - Attempt 1/4 for task user_cmd_20250404185327301441
2025-04-04 18:53:27 - execution_system - INFO - LLM successfully parsed task 'user_cmd_20250404185327301441' to skill: 'read_file', params: {}
2025-04-04 18:53:27 - execution_system - INFO - Attempting to execute task 'user_cmd_20250404185327301441' using skill: 'read_file'
2025-04-04 18:53:27 - execution_system - ERROR - Parameter validation failed for skill 'read_file': Missing required parameter: 'file_path'
2025-04-04 18:53:27 - execution_system - WARNING - Attempt 1 failed for task user_cmd_20250404185327301441: Parameter validation failed for skill 'read_file': Missing required parameter: 'file_path'
2025-04-04 18:53:27 - execution_system - INFO - Retrying task user_cmd_20250404185327301441 in 1.00 seconds...
2025-04-04 18:53:28 - execution_system - INFO - Attempt 2/4 for task user_cmd_20250404185327301441
2025-04-04 18:53:29 - execution_system - INFO - LLM successfully parsed task 'user_cmd_20250404185327301441' to skill: 'read_file', params: {}
2025-04-04 18:53:29 - execution_system - INFO - Attempting to execute task 'user_cmd_20250404185327301441' using skill: 'read_file'
2025-04-04 18:53:29 - execution_system - ERROR - Parameter validation failed for skill 'read_file': Missing required parameter: 'file_path'
2025-04-04 18:53:29 - execution_system - WARNING - Attempt 2 failed for task user_cmd_20250404185327301441: Parameter validation failed for skill 'read_file': Missing required parameter: 'file_path'
2025-04-04 18:53:29 - execution_system - INFO - Retrying task user_cmd_20250404185327301441 in 2.00 seconds...
2025-04-04 18:53:31 - execution_system - INFO - Attempt 3/4 for task user_cmd_20250404185327301441
2025-04-04 18:53:32 - execution_system - INFO - LLM successfully parsed task 'user_cmd_20250404185327301441' to skill: 'read_file', params: {}
2025-04-04 18:53:32 - execution_system - INFO - Attempting to execute task 'user_cmd_20250404185327301441' using skill: 'read_file'
2025-04-04 18:53:32 - execution_system - ERROR - Parameter validation failed for skill 'read_file': Missing required parameter: 'file_path'
2025-04-04 18:53:32 - execution_system - WARNING - Attempt 3 failed for task user_cmd_20250404185327301441: Parameter validation failed for skill 'read_file': Missing required parameter: 'file_path'
2025-04-04 18:53:32 - execution_system - INFO - Retrying task user_cmd_20250404185327301441 in 4.00 seconds...
2025-04-04 18:53:36 - execution_system - INFO - Attempt 4/4 for task user_cmd_20250404185327301441
2025-04-04 18:53:36 - execution_system - INFO - LLM successfully parsed task 'user_cmd_20250404185327301441' to skill: 'read_file', params: {}
2025-04-04 18:53:36 - execution_system - INFO - Attempting to execute task 'user_cmd_20250404185327301441' using skill: 'read_file'
2025-04-04 18:53:36 - execution_system - ERROR - Parameter validation failed for skill 'read_file': Missing required parameter: 'file_path'
2025-04-04 18:53:36 - execution_system - WARNING - Attempt 4 failed for task user_cmd_20250404185327301441: Parameter validation failed for skill 'read_file': Missing required parameter: 'file_path'
2025-04-04 18:53:36 - execution_system - ERROR - Task user_cmd_20250404185327301441 failed after maximum retries (3).
2025-04-04 18:53:36 - execution_system - INFO - Primary execution failed for task user_cmd_20250404185327301441. Trying fallback strategies...
2025-04-04 18:53:36 - execution_system - INFO - Attempting fallback strategy 'simple' for task user_cmd_20250404185327301441
2025-04-04 18:53:38 - execution_system - INFO - LLM successfully parsed task 'user_cmd_20250404185327301441' to skill: 'read_file', params: {}
2025-04-04 18:53:38 - execution_system - INFO - Attempting to execute task 'user_cmd_20250404185327301441' using skill: 'read_file'
2025-04-04 18:53:38 - execution_system - ERROR - Parameter validation failed for skill 'read_file': Missing required parameter: 'file_path'
2025-04-04 18:53:38 - execution_system - WARNING - Fallback strategy 'simple' failed for task user_cmd_20250404185327301441: Parameter validation failed for skill 'read_file': Missing required parameter: 'file_path'
2025-04-04 18:53:38 - execution_system - INFO - Attempting fallback strategy 'robust' for task user_cmd_20250404185327301441
2025-04-04 18:53:40 - execution_system - INFO - LLM successfully parsed task 'user_cmd_20250404185327301441' to skill: 'read_file', params: {}
2025-04-04 18:53:40 - execution_system - INFO - Attempting to execute task 'user_cmd_20250404185327301441' using skill: 'read_file'
2025-04-04 18:53:40 - execution_system - ERROR - Parameter validation failed for skill 'read_file': Missing required parameter: 'file_path'
2025-04-04 18:53:40 - execution_system - WARNING - Fallback strategy 'robust' failed for task user_cmd_20250404185327301441: Parameter validation failed for skill 'read_file': Missing required parameter: 'file_path'
2025-04-04 18:53:40 - execution_system - INFO - Finished execution for task user_cmd_20250404185327301441. Success: False, Time: 12.71s
2025-04-04 18:53:40 - execution_system - INFO - Task user_cmd_20250404185327301441 failure diagnosis: Diagnosis: The likely cause of the error is that the 'read_file' skill is missing a required parameter 'file_path', which is necessary for the skill to function correctly.

Suggestion: Retry the task with the 'file_path' parameter provided. If the parameter is not known or cannot be determined, consider modifying the plan to use a different skill or fallback skill that can generate the report without relying on file input. If the issue persists, it may be worth reporting a bug to investigate the issue further.
2025-04-04 18:53:41 - execution_system - INFO - Executing task task_20250404185307_3: 'Use web scraping or API to collect meme data (e.g. post titles, comments, likes)'
2025-04-04 18:53:41 - execution_system - INFO - Attempt 1/4 for task task_20250404185307_3
2025-04-04 18:53:42 - execution_system - INFO - LLM successfully parsed task 'task_20250404185307_3' to skill: 'web', params: {'action': 'browse', 'query': 'meme data'}
2025-04-04 18:53:42 - execution_system - INFO - Attempting to execute task 'task_20250404185307_3' using skill: 'web'
2025-04-04 18:53:42 - execution_system - WARNING - Attempt 1 failed for task task_20250404185307_3: Missing required parameter 'url' for action 'browse'.
2025-04-04 18:53:42 - execution_system - INFO - Retrying task task_20250404185307_3 in 1.00 seconds...
2025-04-04 18:53:43 - execution_system - INFO - Attempt 2/4 for task task_20250404185307_3
2025-04-04 18:53:45 - execution_system - INFO - LLM successfully parsed task 'task_20250404185307_3' to skill: 'web', params: {'action': 'browse', 'query': 'meme data'}
2025-04-04 18:53:45 - execution_system - INFO - Attempting to execute task 'task_20250404185307_3' using skill: 'web'
2025-04-04 18:53:45 - execution_system - WARNING - Attempt 2 failed for task task_20250404185307_3: Missing required parameter 'url' for action 'browse'.
2025-04-04 18:53:45 - execution_system - INFO - Retrying task task_20250404185307_3 in 2.00 seconds...
2025-04-04 18:53:47 - execution_system - INFO - Attempt 3/4 for task task_20250404185307_3
2025-04-04 18:53:55 - execution_system - INFO - LLM successfully parsed task 'task_20250404185307_3' to skill: 'web', params: {'action': 'browse', 'query': 'meme data'}
2025-04-04 18:53:55 - execution_system - INFO - Attempting to execute task 'task_20250404185307_3' using skill: 'web'
2025-04-04 18:53:55 - execution_system - WARNING - Attempt 3 failed for task task_20250404185307_3: Missing required parameter 'url' for action 'browse'.
2025-04-04 18:53:55 - execution_system - INFO - Retrying task task_20250404185307_3 in 4.00 seconds...
2025-04-04 18:53:59 - execution_system - INFO - Attempt 4/4 for task task_20250404185307_3
2025-04-04 18:54:02 - execution_system - INFO - LLM successfully parsed task 'task_20250404185307_3' to skill: 'web', params: {'action': 'browse', 'query': 'meme data'}
2025-04-04 18:54:02 - execution_system - INFO - Attempting to execute task 'task_20250404185307_3' using skill: 'web'
2025-04-04 18:54:02 - execution_system - WARNING - Attempt 4 failed for task task_20250404185307_3: Missing required parameter 'url' for action 'browse'.
2025-04-04 18:54:02 - execution_system - ERROR - Task task_20250404185307_3 failed after maximum retries (3).
2025-04-04 18:54:02 - execution_system - INFO - Primary execution failed for task task_20250404185307_3. Trying fallback strategies...
2025-04-04 18:54:02 - execution_system - INFO - Attempting fallback strategy 'simple' for task task_20250404185307_3
2025-04-04 18:54:10 - execution_system - INFO - LLM successfully parsed task 'task_20250404185307_3' to skill: 'web', params: {'action': 'browse', 'query': 'meme data'}
2025-04-04 18:54:10 - execution_system - INFO - Attempting to execute task 'task_20250404185307_3' using skill: 'web'
2025-04-04 18:54:10 - execution_system - WARNING - Fallback strategy 'simple' failed for task task_20250404185307_3: Missing required parameter 'url' for action 'browse'.
2025-04-04 18:54:10 - execution_system - INFO - Attempting fallback strategy 'robust' for task task_20250404185307_3
2025-04-04 18:54:19 - execution_system - INFO - LLM successfully parsed task 'task_20250404185307_3' to skill: 'web', params: {'action': 'browse', 'query': 'meme data'}
2025-04-04 18:54:19 - execution_system - INFO - Attempting to execute task 'task_20250404185307_3' using skill: 'web'
2025-04-04 18:54:19 - execution_system - WARNING - Fallback strategy 'robust' failed for task task_20250404185307_3: Missing required parameter 'url' for action 'browse'.
2025-04-04 18:54:19 - execution_system - INFO - Finished execution for task task_20250404185307_3. Success: False, Time: 37.75s
2025-04-04 18:54:21 - execution_system - INFO - Task task_20250404185307_3 failure diagnosis: Diagnosis: The error message indicates that the task failed due to a missing required parameter 'url' for the 'browse' action. This suggests that the task is attempting to execute an action that requires a URL as input, but the necessary URL is not provided.

Suggestion: The recovery strategy would be to review the task description and metadata to ensure that the necessary URL is provided. If the URL is missing, the task should be modified to include the required parameter. If the URL is present, the task should be retried to see if the issue is resolved. If the issue persists, it may be necessary to investigate further to determine the root cause of the problem.
2025-04-04 19:07:14 - execution_system - INFO - Loaded 3 execution strategies.
2025-04-04 19:07:18 - execution_system - INFO - Loaded 3 execution strategies.
2025-04-04 19:07:34 - execution_system - INFO - Loaded 3 execution strategies.
2025-04-04 19:07:37 - execution_system - INFO - Loaded 3 execution strategies.
2025-04-04 19:14:15 - execution_system - INFO - Loaded 3 execution strategies.
2025-04-04 19:14:18 - execution_system - INFO - Loaded 3 execution strategies.
2025-04-04 19:26:02 - execution_system - INFO - Loaded 3 execution strategies.
2025-04-04 19:28:53 - execution_system - INFO - Loaded 3 execution strategies.
2025-04-04 19:30:15 - execution_system - INFO - Loaded 3 execution strategies.
2025-04-04 19:33:18 - execution_system - INFO - Loaded 3 execution strategies.
2025-04-04 19:37:17 - execution_system - INFO - Loaded 3 execution strategies.
2025-04-04 19:39:19 - execution_system - INFO - Executing task task_20250404193917_1: 'Define the objective and identify the required information'
2025-04-04 19:39:19 - execution_system - INFO - Attempt 1/4 for task task_20250404193917_1
2025-04-04 19:39:19 - execution_system - INFO - LLM indicated no suitable skill for task: task_20250404193917_1 ('Define the objective and identify the required information')
2025-04-04 19:39:19 - execution_system - ERROR - Unexpected error in strategy execution for task task_20250404193917_1: cannot unpack non-iterable NoneType object
Traceback (most recent call last):
  File "C:\Users\Administrator\Documents\GitHub\Jarvis-WIP\jarvis\execution.py", line 284, in _execute_with_strategy
    skill_name, params = self._parse_task_for_skill(task)
    ^^^^^^^^^^^^^^^^^^
TypeError: cannot unpack non-iterable NoneType object
2025-04-04 19:39:19 - execution_system - WARNING - Attempt 1 failed for task task_20250404193917_1: Unexpected error in strategy execution for task task_20250404193917_1: cannot unpack non-iterable NoneType object
2025-04-04 19:39:19 - execution_system - INFO - Retrying task task_20250404193917_1 in 1.00 seconds...
2025-04-04 19:39:20 - execution_system - INFO - Attempt 2/4 for task task_20250404193917_1
2025-04-04 19:39:20 - execution_system - INFO - LLM indicated no suitable skill for task: task_20250404193917_1 ('Define the objective and identify the required information')
2025-04-04 19:39:20 - execution_system - ERROR - Unexpected error in strategy execution for task task_20250404193917_1: cannot unpack non-iterable NoneType object
Traceback (most recent call last):
  File "C:\Users\Administrator\Documents\GitHub\Jarvis-WIP\jarvis\execution.py", line 284, in _execute_with_strategy
    skill_name, params = self._parse_task_for_skill(task)
    ^^^^^^^^^^^^^^^^^^
TypeError: cannot unpack non-iterable NoneType object
2025-04-04 19:39:20 - execution_system - WARNING - Attempt 2 failed for task task_20250404193917_1: Unexpected error in strategy execution for task task_20250404193917_1: cannot unpack non-iterable NoneType object
2025-04-04 19:39:20 - execution_system - INFO - Retrying task task_20250404193917_1 in 2.00 seconds...
2025-04-04 19:39:22 - execution_system - INFO - Attempt 3/4 for task task_20250404193917_1
2025-04-04 19:39:23 - execution_system - INFO - LLM indicated no suitable skill for task: task_20250404193917_1 ('Define the objective and identify the required information')
2025-04-04 19:39:23 - execution_system - ERROR - Unexpected error in strategy execution for task task_20250404193917_1: cannot unpack non-iterable NoneType object
Traceback (most recent call last):
  File "C:\Users\Administrator\Documents\GitHub\Jarvis-WIP\jarvis\execution.py", line 284, in _execute_with_strategy
    skill_name, params = self._parse_task_for_skill(task)
    ^^^^^^^^^^^^^^^^^^
TypeError: cannot unpack non-iterable NoneType object
2025-04-04 19:39:23 - execution_system - WARNING - Attempt 3 failed for task task_20250404193917_1: Unexpected error in strategy execution for task task_20250404193917_1: cannot unpack non-iterable NoneType object
2025-04-04 19:39:23 - execution_system - INFO - Retrying task task_20250404193917_1 in 4.00 seconds...
2025-04-04 19:39:27 - execution_system - INFO - Attempt 4/4 for task task_20250404193917_1
2025-04-04 19:39:27 - execution_system - INFO - LLM indicated no suitable skill for task: task_20250404193917_1 ('Define the objective and identify the required information')
2025-04-04 19:39:27 - execution_system - ERROR - Unexpected error in strategy execution for task task_20250404193917_1: cannot unpack non-iterable NoneType object
Traceback (most recent call last):
  File "C:\Users\Administrator\Documents\GitHub\Jarvis-WIP\jarvis\execution.py", line 284, in _execute_with_strategy
    skill_name, params = self._parse_task_for_skill(task)
    ^^^^^^^^^^^^^^^^^^
TypeError: cannot unpack non-iterable NoneType object
2025-04-04 19:39:27 - execution_system - WARNING - Attempt 4 failed for task task_20250404193917_1: Unexpected error in strategy execution for task task_20250404193917_1: cannot unpack non-iterable NoneType object
2025-04-04 19:39:27 - execution_system - ERROR - Task task_20250404193917_1 failed after maximum retries (3).
2025-04-04 19:39:27 - execution_system - INFO - Primary execution failed for task task_20250404193917_1. Trying fallback strategies...
2025-04-04 19:39:27 - execution_system - INFO - Attempting fallback strategy 'simple' for task task_20250404193917_1
2025-04-04 19:39:27 - execution_system - INFO - LLM indicated no suitable skill for task: task_20250404193917_1 ('Define the objective and identify the required information')
2025-04-04 19:39:27 - execution_system - ERROR - Unexpected error in strategy execution for task task_20250404193917_1: cannot unpack non-iterable NoneType object
Traceback (most recent call last):
  File "C:\Users\Administrator\Documents\GitHub\Jarvis-WIP\jarvis\execution.py", line 284, in _execute_with_strategy
    skill_name, params = self._parse_task_for_skill(task)
    ^^^^^^^^^^^^^^^^^^
TypeError: cannot unpack non-iterable NoneType object
2025-04-04 19:39:27 - execution_system - WARNING - Fallback strategy 'simple' failed for task task_20250404193917_1: Unexpected error in strategy execution for task task_20250404193917_1: cannot unpack non-iterable NoneType object
2025-04-04 19:39:27 - execution_system - INFO - Attempting fallback strategy 'robust' for task task_20250404193917_1
2025-04-04 19:39:27 - execution_system - INFO - LLM indicated no suitable skill for task: task_20250404193917_1 ('Define the objective and identify the required information')
2025-04-04 19:39:27 - execution_system - ERROR - Unexpected error in strategy execution for task task_20250404193917_1: cannot unpack non-iterable NoneType object
Traceback (most recent call last):
  File "C:\Users\Administrator\Documents\GitHub\Jarvis-WIP\jarvis\execution.py", line 284, in _execute_with_strategy
    skill_name, params = self._parse_task_for_skill(task)
    ^^^^^^^^^^^^^^^^^^
TypeError: cannot unpack non-iterable NoneType object
2025-04-04 19:39:27 - execution_system - WARNING - Fallback strategy 'robust' failed for task task_20250404193917_1: Unexpected error in strategy execution for task task_20250404193917_1: cannot unpack non-iterable NoneType object
2025-04-04 19:39:27 - execution_system - INFO - Finished execution for task task_20250404193917_1. Success: False, Time: 8.56s
2025-04-04 19:39:28 - execution_system - INFO - Task task_20250404193917_1 failure diagnosis: Diagnosis: The error message "cannot unpack non-iterable NoneType object" suggests that the task is attempting to process or unpack a value that is expected to be a collection (like a list or tuple) but is instead receiving a None value. This could be due to bad parameters, a skill bug, or an external API issue where the expected data is not being returned as anticipated. Given the task is in the "planning" phase, it's likely that the issue stems from the initial setup or data gathering process.

Suggestion: To recover from this error, it's suggested to first inspect the parameters and data being passed to the task to ensure they are correctly formatted and not null. If the data is being fetched from an external
2025-04-04 19:42:52 - execution_system - INFO - Loaded 3 execution strategies.
2025-04-04 19:43:51 - execution_system - INFO - Executing task task_20250404191419_1: 'Identify performance bottlenecks in the code'
2025-04-04 19:43:51 - execution_system - INFO - Attempt 1/4 for task task_20250404191419_1
2025-04-04 19:43:51 - execution_system - INFO - LLM indicated no suitable skill for task: task_20250404191419_1 ('Identify performance bottlenecks in the code')
2025-04-04 19:43:51 - execution_system - ERROR - Unexpected error in strategy execution for task task_20250404191419_1: cannot unpack non-iterable NoneType object
Traceback (most recent call last):
  File "C:\Users\Administrator\Documents\GitHub\Jarvis-WIP\jarvis\execution.py", line 284, in _execute_with_strategy
    parsed_result = self._parse_task_for_skill(task)
    ^^^^^^^^^^^^^^^^^^
TypeError: cannot unpack non-iterable NoneType object
2025-04-04 19:43:51 - execution_system - WARNING - Attempt 1 failed for task task_20250404191419_1: Unexpected error in strategy execution for task task_20250404191419_1: cannot unpack non-iterable NoneType object
2025-04-04 19:43:51 - execution_system - INFO - Retrying task task_20250404191419_1 in 1.00 seconds...
2025-04-04 19:43:52 - execution_system - INFO - Attempt 2/4 for task task_20250404191419_1
2025-04-04 19:43:52 - execution_system - INFO - LLM indicated no suitable skill for task: task_20250404191419_1 ('Identify performance bottlenecks in the code')
2025-04-04 19:43:52 - execution_system - ERROR - Unexpected error in strategy execution for task task_20250404191419_1: cannot unpack non-iterable NoneType object
Traceback (most recent call last):
  File "C:\Users\Administrator\Documents\GitHub\Jarvis-WIP\jarvis\execution.py", line 284, in _execute_with_strategy
    parsed_result = self._parse_task_for_skill(task)
    ^^^^^^^^^^^^^^^^^^
TypeError: cannot unpack non-iterable NoneType object
2025-04-04 19:43:52 - execution_system - WARNING - Attempt 2 failed for task task_20250404191419_1: Unexpected error in strategy execution for task task_20250404191419_1: cannot unpack non-iterable NoneType object
2025-04-04 19:43:52 - execution_system - INFO - Retrying task task_20250404191419_1 in 2.00 seconds...
2025-04-04 19:43:54 - execution_system - INFO - Attempt 3/4 for task task_20250404191419_1
2025-04-04 19:43:55 - execution_system - INFO - LLM indicated no suitable skill for task: task_20250404191419_1 ('Identify performance bottlenecks in the code')
2025-04-04 19:43:55 - execution_system - ERROR - Unexpected error in strategy execution for task task_20250404191419_1: cannot unpack non-iterable NoneType object
Traceback (most recent call last):
  File "C:\Users\Administrator\Documents\GitHub\Jarvis-WIP\jarvis\execution.py", line 284, in _execute_with_strategy
    parsed_result = self._parse_task_for_skill(task)
    ^^^^^^^^^^^^^^^^^^
TypeError: cannot unpack non-iterable NoneType object
2025-04-04 19:43:55 - execution_system - WARNING - Attempt 3 failed for task task_20250404191419_1: Unexpected error in strategy execution for task task_20250404191419_1: cannot unpack non-iterable NoneType object
2025-04-04 19:43:55 - execution_system - INFO - Retrying task task_20250404191419_1 in 4.00 seconds...
2025-04-04 19:43:59 - execution_system - INFO - Attempt 4/4 for task task_20250404191419_1
2025-04-04 19:43:59 - execution_system - INFO - LLM indicated no suitable skill for task: task_20250404191419_1 ('Identify performance bottlenecks in the code')
2025-04-04 19:43:59 - execution_system - ERROR - Unexpected error in strategy execution for task task_20250404191419_1: cannot unpack non-iterable NoneType object
Traceback (most recent call last):
  File "C:\Users\Administrator\Documents\GitHub\Jarvis-WIP\jarvis\execution.py", line 284, in _execute_with_strategy
    parsed_result = self._parse_task_for_skill(task)
    ^^^^^^^^^^^^^^^^^^
TypeError: cannot unpack non-iterable NoneType object
2025-04-04 19:43:59 - execution_system - WARNING - Attempt 4 failed for task task_20250404191419_1: Unexpected error in strategy execution for task task_20250404191419_1: cannot unpack non-iterable NoneType object
2025-04-04 19:43:59 - execution_system - ERROR - Task task_20250404191419_1 failed after maximum retries (3).
2025-04-04 19:43:59 - execution_system - INFO - Primary execution failed for task task_20250404191419_1. Trying fallback strategies...
2025-04-04 19:43:59 - execution_system - INFO - Attempting fallback strategy 'simple' for task task_20250404191419_1
2025-04-04 19:43:59 - execution_system - INFO - LLM indicated no suitable skill for task: task_20250404191419_1 ('Identify performance bottlenecks in the code')
2025-04-04 19:43:59 - execution_system - ERROR - Unexpected error in strategy execution for task task_20250404191419_1: cannot unpack non-iterable NoneType object
Traceback (most recent call last):
  File "C:\Users\Administrator\Documents\GitHub\Jarvis-WIP\jarvis\execution.py", line 284, in _execute_with_strategy
    parsed_result = self._parse_task_for_skill(task)
    ^^^^^^^^^^^^^^^^^^
TypeError: cannot unpack non-iterable NoneType object
2025-04-04 19:43:59 - execution_system - WARNING - Fallback strategy 'simple' failed for task task_20250404191419_1: Unexpected error in strategy execution for task task_20250404191419_1: cannot unpack non-iterable NoneType object
2025-04-04 19:43:59 - execution_system - INFO - Attempting fallback strategy 'robust' for task task_20250404191419_1
2025-04-04 19:43:59 - execution_system - INFO - LLM indicated no suitable skill for task: task_20250404191419_1 ('Identify performance bottlenecks in the code')
2025-04-04 19:43:59 - execution_system - ERROR - Unexpected error in strategy execution for task task_20250404191419_1: cannot unpack non-iterable NoneType object
Traceback (most recent call last):
  File "C:\Users\Administrator\Documents\GitHub\Jarvis-WIP\jarvis\execution.py", line 284, in _execute_with_strategy
    parsed_result = self._parse_task_for_skill(task)
    ^^^^^^^^^^^^^^^^^^
TypeError: cannot unpack non-iterable NoneType object
2025-04-04 19:43:59 - execution_system - WARNING - Fallback strategy 'robust' failed for task task_20250404191419_1: Unexpected error in strategy execution for task task_20250404191419_1: cannot unpack non-iterable NoneType object
2025-04-04 19:43:59 - execution_system - INFO - Finished execution for task task_20250404191419_1. Success: False, Time: 8.52s
2025-04-04 19:44:00 - execution_system - INFO - Task task_20250404191419_1 failure diagnosis: Diagnosis: The error message "cannot unpack non-iterable NoneType object" suggests that the task is attempting to unpack a value that is expected to be an iterable (such as a list or tuple), but is instead receiving a None value. This could be due to a bad parameter being passed to the task, a bug in the skill or strategy being used, or an issue with the external data being processed. Given the task description of identifying performance bottlenecks in the code and the phase being "research", it's likely that the task is relying on some external data or analysis that is not being provided correctly.

Suggestion: Retry the task with a different set of parameters or input data to see if the issue persists. If the problem
2025-04-04 19:44:38 - execution_system - INFO - Loaded 3 execution strategies.
2025-04-04 19:45:45 - execution_system - INFO - Executing task task_20250404194542_1: 'Define the scope of the research, including specific aspects of NVIDIA to focus on'
2025-04-04 19:45:45 - execution_system - INFO - Attempt 1/4 for task task_20250404194542_1
2025-04-04 19:45:45 - execution_system - INFO - LLM indicated no suitable skill for task: task_20250404194542_1 ('Define the scope of the research, including specific aspects of NVIDIA to focus on')
2025-04-04 19:45:45 - execution_system - INFO - No suitable skill identified by LLM for task 'task_20250404194542_1' ('Define the scope of the research, including specific aspects of NVIDIA to focus on'). Marking as completed internal step.
2025-04-04 19:45:45 - execution_system - INFO - Task task_20250404194542_1 completed successfully in attempt 1.
2025-04-04 19:45:45 - execution_system - INFO - Finished execution for task task_20250404194542_1. Success: True, Time: 0.22s
2025-04-04 19:45:54 - execution_system - INFO - Executing task task_20250404194553_1: 'Define the objective and identify the required information'
2025-04-04 19:45:54 - execution_system - INFO - Attempt 1/4 for task task_20250404194553_1
2025-04-04 19:45:55 - execution_system - INFO - LLM indicated no suitable skill for task: task_20250404194553_1 ('Define the objective and identify the required information')
2025-04-04 19:45:55 - execution_system - INFO - No suitable skill identified by LLM for task 'task_20250404194553_1' ('Define the objective and identify the required information'). Marking as completed internal step.
2025-04-04 19:45:55 - execution_system - INFO - Task task_20250404194553_1 completed successfully in attempt 1.
2025-04-04 19:45:55 - execution_system - INFO - Finished execution for task task_20250404194553_1. Success: True, Time: 0.22s
2025-04-04 19:49:09 - execution_system - INFO - Loaded 3 execution strategies.
2025-04-04 19:50:26 - execution_system - INFO - Executing task task_20250404195023_1: 'Define the scope of research for NVIDIA stock price and news'
2025-04-04 19:50:26 - execution_system - INFO - Attempt 1/4 for task task_20250404195023_1
2025-04-04 19:50:26 - execution_system - INFO - LLM successfully parsed task 'task_20250404195023_1' to skill: 'web', params: {'action': 'search', 'query': 'NVIDIA stock price and news'}
2025-04-04 19:50:26 - execution_system - INFO - Attempting to execute task 'task_20250404195023_1' using skill: 'web'
2025-04-04 19:50:27 - execution_system - INFO - Task task_20250404195023_1 completed successfully in attempt 1.
2025-04-04 19:50:27 - execution_system - INFO - Finished execution for task task_20250404195023_1. Success: True, Time: 1.44s
2025-04-04 19:50:28 - execution_system - INFO - Executing task task_20250404195023_2: 'Identify reliable sources for NVIDIA stock price information'
2025-04-04 19:50:28 - execution_system - INFO - Attempt 1/4 for task task_20250404195023_2
2025-04-04 19:50:29 - execution_system - INFO - LLM successfully parsed task 'task_20250404195023_2' to skill: 'web', params: {'action': 'search', 'query': 'NVIDIA stock price reliable sources'}
2025-04-04 19:50:29 - execution_system - INFO - Attempting to execute task 'task_20250404195023_2' using skill: 'web'
2025-04-04 19:50:30 - execution_system - INFO - Task task_20250404195023_2 completed successfully in attempt 1.
2025-04-04 19:50:30 - execution_system - INFO - Finished execution for task task_20250404195023_2. Success: True, Time: 1.32s
2025-04-04 19:50:31 - execution_system - INFO - Executing task task_20250404195023_3: 'Identify reliable sources for NVIDIA news and updates'
2025-04-04 19:50:31 - execution_system - INFO - Attempt 1/4 for task task_20250404195023_3
2025-04-04 19:50:31 - execution_system - INFO - LLM successfully parsed task 'task_20250404195023_3' to skill: 'web', params: {'action': 'search', 'query': 'NVIDIA news and updates'}
2025-04-04 19:50:31 - execution_system - INFO - Attempting to execute task 'task_20250404195023_3' using skill: 'web'
2025-04-04 19:50:33 - execution_system - INFO - Task task_20250404195023_3 completed successfully in attempt 1.
2025-04-04 19:50:33 - execution_system - INFO - Finished execution for task task_20250404195023_3. Success: True, Time: 1.80s
2025-04-04 19:50:34 - execution_system - INFO - Executing task task_20250404195023_4: 'Research the current price of NVIDIA stock'
2025-04-04 19:50:34 - execution_system - INFO - Attempt 1/4 for task task_20250404195023_4
2025-04-04 19:50:34 - execution_system - INFO - LLM successfully parsed task 'task_20250404195023_4' to skill: 'web', params: {'action': 'search', 'query': 'NVIDIA stock price'}
2025-04-04 19:50:34 - execution_system - INFO - Attempting to execute task 'task_20250404195023_4' using skill: 'web'
2025-04-04 19:50:36 - execution_system - INFO - Task task_20250404195023_4 completed successfully in attempt 1.
2025-04-04 19:50:36 - execution_system - INFO - Finished execution for task task_20250404195023_4. Success: True, Time: 1.78s
2025-04-04 19:50:37 - execution_system - INFO - Executing task task_20250404195023_5: 'Gather recent news articles about NVIDIA'
2025-04-04 19:50:37 - execution_system - INFO - Attempt 1/4 for task task_20250404195023_5
2025-04-04 19:50:37 - execution_system - INFO - LLM successfully parsed task 'task_20250404195023_5' to skill: 'web', params: {'action': 'search', 'query': 'NVIDIA recent news'}
2025-04-04 19:50:37 - execution_system - INFO - Attempting to execute task 'task_20250404195023_5' using skill: 'web'
2025-04-04 19:50:38 - execution_system - INFO - Task task_20250404195023_5 completed successfully in attempt 1.
2025-04-04 19:50:38 - execution_system - INFO - Finished execution for task task_20250404195023_5. Success: True, Time: 1.19s
2025-04-04 19:50:39 - execution_system - INFO - Executing task task_20250404195023_6: 'Summarize the current price of NVIDIA stock'
2025-04-04 19:50:39 - execution_system - INFO - Attempt 1/4 for task task_20250404195023_6
2025-04-04 19:50:40 - execution_system - INFO - LLM successfully parsed task 'task_20250404195023_6' to skill: 'web', params: {'action': 'search', 'query': 'NVIDIA stock price'}
2025-04-04 19:50:40 - execution_system - INFO - Attempting to execute task 'task_20250404195023_6' using skill: 'web'
2025-04-04 19:50:41 - execution_system - INFO - Task task_20250404195023_6 completed successfully in attempt 1.
2025-04-04 19:50:41 - execution_system - INFO - Finished execution for task task_20250404195023_6. Success: True, Time: 1.94s
2025-04-04 19:50:42 - execution_system - INFO - Executing task task_20250404195023_7: 'Summarize recent news about NVIDIA'
2025-04-04 19:50:42 - execution_system - INFO - Attempt 1/4 for task task_20250404195023_7
2025-04-04 19:50:43 - execution_system - INFO - LLM successfully parsed task 'task_20250404195023_7' to skill: 'web', params: {'action': 'search', 'query': 'NVIDIA recent news'}
2025-04-04 19:50:43 - execution_system - INFO - Attempting to execute task 'task_20250404195023_7' using skill: 'web'
2025-04-04 19:50:44 - execution_system - INFO - Task task_20250404195023_7 completed successfully in attempt 1.
2025-04-04 19:50:44 - execution_system - INFO - Finished execution for task task_20250404195023_7. Success: True, Time: 1.50s
2025-04-04 19:50:45 - execution_system - INFO - Executing task task_20250404195023_8: 'Compile the stock price summary and news summary into a single report'
2025-04-04 19:50:45 - execution_system - INFO - Attempt 1/4 for task task_20250404195023_8
2025-04-04 19:50:45 - execution_system - INFO - LLM indicated no suitable skill for task: task_20250404195023_8 ('Compile the stock price summary and news summary into a single report')
2025-04-04 19:50:45 - execution_system - INFO - No suitable skill identified by LLM for task 'task_20250404195023_8' ('Compile the stock price summary and news summary into a single report'). Marking as completed internal step.
2025-04-04 19:50:45 - execution_system - INFO - Task task_20250404195023_8 completed successfully in attempt 1.
2025-04-04 19:50:45 - execution_system - INFO - Finished execution for task task_20250404195023_8. Success: True, Time: 0.23s
2025-04-04 19:50:47 - execution_system - INFO - Executing task task_20250404195023_9: 'Validate the accuracy of the stock price information'
2025-04-04 19:50:47 - execution_system - INFO - Attempt 1/4 for task task_20250404195023_9
2025-04-04 19:50:47 - execution_system - INFO - LLM indicated no suitable skill for task: task_20250404195023_9 ('Validate the accuracy of the stock price information')
2025-04-04 19:50:47 - execution_system - INFO - No suitable skill identified by LLM for task 'task_20250404195023_9' ('Validate the accuracy of the stock price information'). Marking as completed internal step.
2025-04-04 19:50:47 - execution_system - INFO - Task task_20250404195023_9 completed successfully in attempt 1.
2025-04-04 19:50:47 - execution_system - INFO - Finished execution for task task_20250404195023_9. Success: True, Time: 0.23s
2025-04-04 19:50:48 - execution_system - INFO - Executing task task_20250404195023_10: 'Validate the relevance and accuracy of the news summary'
2025-04-04 19:50:48 - execution_system - INFO - Attempt 1/4 for task task_20250404195023_10
2025-04-04 19:50:54 - execution_system - INFO - LLM indicated no suitable skill for task: task_20250404195023_10 ('Validate the relevance and accuracy of the news summary')
2025-04-04 19:50:54 - execution_system - INFO - No suitable skill identified by LLM for task 'task_20250404195023_10' ('Validate the relevance and accuracy of the news summary'). Marking as completed internal step.
2025-04-04 19:50:54 - execution_system - INFO - Task task_20250404195023_10 completed successfully in attempt 1.
2025-04-04 19:50:54 - execution_system - INFO - Finished execution for task task_20250404195023_10. Success: True, Time: 6.35s
2025-04-04 19:50:56 - execution_system - INFO - Executing task task_20250404195023_11: 'Finalize the report based on validation results'
2025-04-04 19:50:56 - execution_system - INFO - Attempt 1/4 for task task_20250404195023_11
2025-04-04 19:51:03 - execution_system - INFO - LLM indicated no suitable skill for task: task_20250404195023_11 ('Finalize the report based on validation results')
2025-04-04 19:51:03 - execution_system - INFO - No suitable skill identified by LLM for task 'task_20250404195023_11' ('Finalize the report based on validation results'). Marking as completed internal step.
2025-04-04 19:51:03 - execution_system - INFO - Task task_20250404195023_11 completed successfully in attempt 1.
2025-04-04 19:51:03 - execution_system - INFO - Finished execution for task task_20250404195023_11. Success: True, Time: 7.35s
2025-04-04 19:51:04 - execution_system - INFO - Executing task task_20250404191419_1: 'Identify performance bottlenecks in the code'
2025-04-04 19:51:04 - execution_system - INFO - Attempt 1/4 for task task_20250404191419_1
2025-04-04 19:51:11 - execution_system - INFO - LLM indicated no suitable skill for task: task_20250404191419_1 ('Identify performance bottlenecks in the code')
2025-04-04 19:51:11 - execution_system - INFO - No suitable skill identified by LLM for task 'task_20250404191419_1' ('Identify performance bottlenecks in the code'). Marking as completed internal step.
2025-04-04 19:51:11 - execution_system - INFO - Task task_20250404191419_1 completed successfully in attempt 1.
2025-04-04 19:51:11 - execution_system - INFO - Finished execution for task task_20250404191419_1. Success: True, Time: 6.41s
2025-04-04 19:51:12 - execution_system - INFO - Executing task task_20250404191419_2: 'Analyze code structure and complexity'
2025-04-04 19:51:12 - execution_system - INFO - Attempt 1/4 for task task_20250404191419_2
2025-04-04 19:51:18 - execution_system - INFO - LLM indicated no suitable skill for task: task_20250404191419_2 ('Analyze code structure and complexity')
2025-04-04 19:51:18 - execution_system - INFO - No suitable skill identified by LLM for task 'task_20250404191419_2' ('Analyze code structure and complexity'). Marking as completed internal step.
2025-04-04 19:51:18 - execution_system - INFO - Task task_20250404191419_2 completed successfully in attempt 1.
2025-04-04 19:51:18 - execution_system - INFO - Finished execution for task task_20250404191419_2. Success: True, Time: 6.35s
2025-04-04 19:51:19 - execution_system - INFO - Executing task task_20250404191419_3: 'Determine optimization goals and constraints'
2025-04-04 19:51:19 - execution_system - INFO - Attempt 1/4 for task task_20250404191419_3
2025-04-04 19:51:27 - execution_system - INFO - LLM indicated no suitable skill for task: task_20250404191419_3 ('Determine optimization goals and constraints')
2025-04-04 19:51:27 - execution_system - INFO - No suitable skill identified by LLM for task 'task_20250404191419_3' ('Determine optimization goals and constraints'). Marking as completed internal step.
2025-04-04 19:51:27 - execution_system - INFO - Task task_20250404191419_3 completed successfully in attempt 1.
2025-04-04 19:51:27 - execution_system - INFO - Finished execution for task task_20250404191419_3. Success: True, Time: 7.34s
2025-04-04 19:51:28 - execution_system - INFO - Executing task task_20250404191419_4: 'Apply code optimization techniques (e.g., caching, memoization)'
2025-04-04 19:51:28 - execution_system - INFO - Attempt 1/4 for task task_20250404191419_4
2025-04-04 19:51:34 - execution_system - INFO - LLM indicated no suitable skill for task: task_20250404191419_4 ('Apply code optimization techniques (e.g., caching, memoization)')
2025-04-04 19:51:34 - execution_system - INFO - No suitable skill identified by LLM for task 'task_20250404191419_4' ('Apply code optimization techniques (e.g., caching, memoization)'). Marking as completed internal step.
2025-04-04 19:51:34 - execution_system - INFO - Task task_20250404191419_4 completed successfully in attempt 1.
2025-04-04 19:51:34 - execution_system - INFO - Finished execution for task task_20250404191419_4. Success: True, Time: 6.36s
2025-04-04 19:51:36 - execution_system - INFO - Executing task task_20250404191419_5: 'Measure and track code performance after optimization'
2025-04-04 19:51:36 - execution_system - INFO - Attempt 1/4 for task task_20250404191419_5
2025-04-04 19:51:43 - execution_system - INFO - LLM indicated no suitable skill for task: task_20250404191419_5 ('Measure and track code performance after optimization')
2025-04-04 19:51:43 - execution_system - INFO - No suitable skill identified by LLM for task 'task_20250404191419_5' ('Measure and track code performance after optimization'). Marking as completed internal step.
2025-04-04 19:51:43 - execution_system - INFO - Task task_20250404191419_5 completed successfully in attempt 1.
2025-04-04 19:51:43 - execution_system - INFO - Finished execution for task task_20250404191419_5. Success: True, Time: 7.39s
2025-04-04 19:51:44 - execution_system - INFO - Executing task task_20250404191419_6: 'Refine optimization techniques based on performance metrics'
2025-04-04 19:51:44 - execution_system - INFO - Attempt 1/4 for task task_20250404191419_6
2025-04-04 19:51:51 - execution_system - INFO - LLM indicated no suitable skill for task: task_20250404191419_6 ('Refine optimization techniques based on performance metrics')
2025-04-04 19:51:51 - execution_system - INFO - No suitable skill identified by LLM for task 'task_20250404191419_6' ('Refine optimization techniques based on performance metrics'). Marking as completed internal step.
2025-04-04 19:51:51 - execution_system - INFO - Task task_20250404191419_6 completed successfully in attempt 1.
2025-04-04 19:51:51 - execution_system - INFO - Finished execution for task task_20250404191419_6. Success: True, Time: 6.36s
2025-04-04 19:51:52 - execution_system - INFO - Executing task task_20250404191419_7: 'Repeat optimization process until desired performance is achieved'
2025-04-04 19:51:52 - execution_system - INFO - Attempt 1/4 for task task_20250404191419_7
2025-04-04 19:51:58 - execution_system - INFO - LLM indicated no suitable skill for task: task_20250404191419_7 ('Repeat optimization process until desired performance is achieved')
2025-04-04 19:51:58 - execution_system - INFO - No suitable skill identified by LLM for task 'task_20250404191419_7' ('Repeat optimization process until desired performance is achieved'). Marking as completed internal step.
2025-04-04 19:51:58 - execution_system - INFO - Task task_20250404191419_7 completed successfully in attempt 1.
2025-04-04 19:51:58 - execution_system - INFO - Finished execution for task task_20250404191419_7. Success: True, Time: 6.43s
2025-04-04 19:52:00 - execution_system - INFO - Executing task task_20250404191419_1: 'Identify performance bottlenecks in the code'
2025-04-04 19:52:00 - execution_system - INFO - Attempt 1/4 for task task_20250404191419_1
2025-04-04 19:52:06 - execution_system - INFO - LLM indicated no suitable skill for task: task_20250404191419_1 ('Identify performance bottlenecks in the code')
2025-04-04 19:52:06 - execution_system - INFO - No suitable skill identified by LLM for task 'task_20250404191419_1' ('Identify performance bottlenecks in the code'). Marking as completed internal step.
2025-04-04 19:52:06 - execution_system - INFO - Task task_20250404191419_1 completed successfully in attempt 1.
2025-04-04 19:52:06 - execution_system - INFO - Finished execution for task task_20250404191419_1. Success: True, Time: 6.40s
2025-04-04 19:52:07 - execution_system - INFO - Executing task task_20250404191419_2: 'Analyze code structure and complexity'
2025-04-04 19:52:07 - execution_system - INFO - Attempt 1/4 for task task_20250404191419_2
2025-04-04 19:52:14 - execution_system - INFO - LLM indicated no suitable skill for task: task_20250404191419_2 ('Analyze code structure and complexity')
2025-04-04 19:52:14 - execution_system - INFO - No suitable skill identified by LLM for task 'task_20250404191419_2' ('Analyze code structure and complexity'). Marking as completed internal step.
2025-04-04 19:52:14 - execution_system - INFO - Task task_20250404191419_2 completed successfully in attempt 1.
2025-04-04 19:52:14 - execution_system - INFO - Finished execution for task task_20250404191419_2. Success: True, Time: 6.49s
2025-04-04 19:52:15 - execution_system - INFO - Executing task task_20250404191419_3: 'Determine optimization goals and constraints'
2025-04-04 19:52:15 - execution_system - INFO - Attempt 1/4 for task task_20250404191419_3
2025-04-04 19:52:22 - execution_system - INFO - LLM indicated no suitable skill for task: task_20250404191419_3 ('Determine optimization goals and constraints')
2025-04-04 19:52:22 - execution_system - INFO - No suitable skill identified by LLM for task 'task_20250404191419_3' ('Determine optimization goals and constraints'). Marking as completed internal step.
2025-04-04 19:52:22 - execution_system - INFO - Task task_20250404191419_3 completed successfully in attempt 1.
2025-04-04 19:52:22 - execution_system - INFO - Finished execution for task task_20250404191419_3. Success: True, Time: 7.41s
2025-04-04 19:52:24 - execution_system - INFO - Executing task task_20250404191419_4: 'Apply code optimization techniques (e.g., caching, memoization)'
2025-04-04 19:52:24 - execution_system - INFO - Attempt 1/4 for task task_20250404191419_4
2025-04-04 19:52:30 - execution_system - INFO - LLM indicated no suitable skill for task: task_20250404191419_4 ('Apply code optimization techniques (e.g., caching, memoization)')
2025-04-04 19:52:30 - execution_system - INFO - No suitable skill identified by LLM for task 'task_20250404191419_4' ('Apply code optimization techniques (e.g., caching, memoization)'). Marking as completed internal step.
2025-04-04 19:52:30 - execution_system - INFO - Task task_20250404191419_4 completed successfully in attempt 1.
2025-04-04 19:52:30 - execution_system - INFO - Finished execution for task task_20250404191419_4. Success: True, Time: 6.40s
2025-04-04 19:52:31 - execution_system - INFO - Executing task task_20250404191419_5: 'Measure and track code performance after optimization'
2025-04-04 19:52:31 - execution_system - INFO - Attempt 1/4 for task task_20250404191419_5
2025-04-04 19:52:39 - execution_system - INFO - LLM indicated no suitable skill for task: task_20250404191419_5 ('Measure and track code performance after optimization')
2025-04-04 19:52:39 - execution_system - INFO - No suitable skill identified by LLM for task 'task_20250404191419_5' ('Measure and track code performance after optimization'). Marking as completed internal step.
2025-04-04 19:52:39 - execution_system - INFO - Task task_20250404191419_5 completed successfully in attempt 1.
2025-04-04 19:52:39 - execution_system - INFO - Finished execution for task task_20250404191419_5. Success: True, Time: 7.40s
2025-04-04 19:52:40 - execution_system - INFO - Executing task task_20250404191419_6: 'Refine optimization techniques based on performance metrics'
2025-04-04 19:52:40 - execution_system - INFO - Attempt 1/4 for task task_20250404191419_6
2025-04-04 19:52:46 - execution_system - INFO - LLM indicated no suitable skill for task: task_20250404191419_6 ('Refine optimization techniques based on performance metrics')
2025-04-04 19:52:46 - execution_system - INFO - No suitable skill identified by LLM for task 'task_20250404191419_6' ('Refine optimization techniques based on performance metrics'). Marking as completed internal step.
2025-04-04 19:52:46 - execution_system - INFO - Task task_20250404191419_6 completed successfully in attempt 1.
2025-04-04 19:52:46 - execution_system - INFO - Finished execution for task task_20250404191419_6. Success: True, Time: 6.33s
2025-04-04 19:52:47 - execution_system - INFO - Executing task task_20250404191419_7: 'Repeat optimization process until desired performance is achieved'
2025-04-04 19:52:47 - execution_system - INFO - Attempt 1/4 for task task_20250404191419_7
2025-04-04 19:52:54 - execution_system - INFO - LLM indicated no suitable skill for task: task_20250404191419_7 ('Repeat optimization process until desired performance is achieved')
2025-04-04 19:52:54 - execution_system - INFO - No suitable skill identified by LLM for task 'task_20250404191419_7' ('Repeat optimization process until desired performance is achieved'). Marking as completed internal step.
2025-04-04 19:52:54 - execution_system - INFO - Task task_20250404191419_7 completed successfully in attempt 1.
2025-04-04 19:52:54 - execution_system - INFO - Finished execution for task task_20250404191419_7. Success: True, Time: 6.38s
2025-04-04 19:52:55 - execution_system - INFO - Executing task task_20250404191419_1: 'Identify performance bottlenecks in the code'
2025-04-04 19:52:55 - execution_system - INFO - Attempt 1/4 for task task_20250404191419_1
2025-04-04 19:53:01 - execution_system - INFO - LLM indicated no suitable skill for task: task_20250404191419_1 ('Identify performance bottlenecks in the code')
2025-04-04 19:53:02 - execution_system - INFO - No suitable skill identified by LLM for task 'task_20250404191419_1' ('Identify performance bottlenecks in the code'). Marking as completed internal step.
2025-04-04 19:53:02 - execution_system - INFO - Task task_20250404191419_1 completed successfully in attempt 1.
2025-04-04 19:53:02 - execution_system - INFO - Finished execution for task task_20250404191419_1. Success: True, Time: 6.35s
2025-04-04 19:53:03 - execution_system - INFO - Executing task task_20250404191419_2: 'Analyze code structure and complexity'
2025-04-04 19:53:03 - execution_system - INFO - Attempt 1/4 for task task_20250404191419_2
2025-04-04 19:53:43 - execution_system - INFO - Loaded 3 execution strategies.
2025-04-04 19:53:49 - execution_system - INFO - Executing task task_20250404195346_1: 'Define the scope of research for NVIDIA stock price and news'
2025-04-04 19:53:49 - execution_system - INFO - Attempt 1/4 for task task_20250404195346_1
2025-04-04 19:53:49 - execution_system - INFO - LLM successfully parsed task 'task_20250404195346_1' to skill: 'web', params: {'action': 'search', 'query': 'NVIDIA stock price and news'}
2025-04-04 19:53:49 - execution_system - INFO - Attempting to execute task 'task_20250404195346_1' using skill: 'web'
2025-04-04 19:53:51 - execution_system - INFO - Task task_20250404195346_1 completed successfully in attempt 1.
2025-04-04 19:53:51 - execution_system - INFO - Finished execution for task task_20250404195346_1. Success: True, Time: 2.23s
2025-04-04 19:53:52 - execution_system - INFO - Executing task task_20250404195346_2: 'Identify reliable sources for NVIDIA stock price information'
2025-04-04 19:53:52 - execution_system - INFO - Attempt 1/4 for task task_20250404195346_2
2025-04-04 19:53:52 - execution_system - INFO - LLM successfully parsed task 'task_20250404195346_2' to skill: 'web', params: {'action': 'search', 'query': 'NVIDIA stock price reliable sources'}
2025-04-04 19:53:52 - execution_system - INFO - Attempting to execute task 'task_20250404195346_2' using skill: 'web'
2025-04-04 19:53:53 - execution_system - INFO - Task task_20250404195346_2 completed successfully in attempt 1.
2025-04-04 19:53:53 - execution_system - INFO - Finished execution for task task_20250404195346_2. Success: True, Time: 1.26s
2025-04-04 19:53:55 - execution_system - INFO - Executing task task_20250404195346_3: 'Identify reliable sources for NVIDIA news and updates'
2025-04-04 19:53:55 - execution_system - INFO - Attempt 1/4 for task task_20250404195346_3
2025-04-04 19:53:55 - execution_system - INFO - LLM successfully parsed task 'task_20250404195346_3' to skill: 'web', params: {'action': 'search', 'query': 'NVIDIA news and updates'}
2025-04-04 19:53:55 - execution_system - INFO - Attempting to execute task 'task_20250404195346_3' using skill: 'web'
2025-04-04 19:53:56 - execution_system - INFO - Task task_20250404195346_3 completed successfully in attempt 1.
2025-04-04 19:53:56 - execution_system - INFO - Finished execution for task task_20250404195346_3. Success: True, Time: 1.31s
2025-04-04 19:53:57 - execution_system - INFO - Executing task task_20250404195346_4: 'Research the current price of NVIDIA stock'
2025-04-04 19:53:57 - execution_system - INFO - Attempt 1/4 for task task_20250404195346_4
2025-04-04 19:53:57 - execution_system - INFO - LLM successfully parsed task 'task_20250404195346_4' to skill: 'web', params: {'action': 'search', 'query': 'NVIDIA stock price'}
2025-04-04 19:53:57 - execution_system - INFO - Attempting to execute task 'task_20250404195346_4' using skill: 'web'
2025-04-04 19:53:59 - execution_system - INFO - Task task_20250404195346_4 completed successfully in attempt 1.
2025-04-04 19:53:59 - execution_system - INFO - Finished execution for task task_20250404195346_4. Success: True, Time: 1.94s
2025-04-04 19:54:00 - execution_system - INFO - Executing task task_20250404195346_5: 'Research recent news about NVIDIA'
2025-04-04 19:54:00 - execution_system - INFO - Attempt 1/4 for task task_20250404195346_5
2025-04-04 19:54:00 - execution_system - INFO - LLM successfully parsed task 'task_20250404195346_5' to skill: 'web', params: {'action': 'search', 'query': 'NVIDIA recent news'}
2025-04-04 19:54:00 - execution_system - INFO - Attempting to execute task 'task_20250404195346_5' using skill: 'web'
2025-04-04 19:54:02 - execution_system - INFO - Task task_20250404195346_5 completed successfully in attempt 1.
2025-04-04 19:54:02 - execution_system - INFO - Finished execution for task task_20250404195346_5. Success: True, Time: 1.38s
2025-04-04 19:54:03 - execution_system - INFO - Executing task task_20250404195346_6: 'Summarize the findings on NVIDIA stock price'
2025-04-04 19:54:03 - execution_system - INFO - Attempt 1/4 for task task_20250404195346_6
2025-04-04 19:54:03 - execution_system - INFO - LLM successfully parsed task 'task_20250404195346_6' to skill: 'web', params: {'action': 'search', 'query': 'NVIDIA stock price'}
2025-04-04 19:54:03 - execution_system - INFO - Attempting to execute task 'task_20250404195346_6' using skill: 'web'
2025-04-04 19:54:05 - execution_system - INFO - Task task_20250404195346_6 completed successfully in attempt 1.
2025-04-04 19:54:05 - execution_system - INFO - Finished execution for task task_20250404195346_6. Success: True, Time: 1.73s
2025-04-04 19:54:06 - execution_system - INFO - Executing task task_20250404195346_7: 'Summarize the recent news about NVIDIA'
2025-04-04 19:54:06 - execution_system - INFO - Attempt 1/4 for task task_20250404195346_7
2025-04-04 19:54:06 - execution_system - INFO - LLM successfully parsed task 'task_20250404195346_7' to skill: 'web', params: {'action': 'search', 'query': 'NVIDIA recent news'}
2025-04-04 19:54:06 - execution_system - INFO - Attempting to execute task 'task_20250404195346_7' using skill: 'web'
2025-04-04 19:54:07 - execution_system - INFO - Task task_20250404195346_7 completed successfully in attempt 1.
2025-04-04 19:54:07 - execution_system - INFO - Finished execution for task task_20250404195346_7. Success: True, Time: 1.21s
2025-04-04 19:54:08 - execution_system - INFO - Executing task task_20250404195346_8: 'Combine the summaries of NVIDIA stock price and news'
2025-04-04 19:54:08 - execution_system - INFO - Attempt 1/4 for task task_20250404195346_8
2025-04-04 19:54:14 - execution_system - INFO - LLM successfully parsed task 'task_20250404195346_8' to skill: 'web', params: {'action': 'search', 'query': 'NVIDIA stock price and news'}
2025-04-04 19:54:14 - execution_system - INFO - Attempting to execute task 'task_20250404195346_8' using skill: 'web'
2025-04-04 19:54:15 - execution_system - INFO - Task task_20250404195346_8 completed successfully in attempt 1.
2025-04-04 19:54:15 - execution_system - INFO - Finished execution for task task_20250404195346_8. Success: True, Time: 6.55s
2025-04-04 19:54:16 - execution_system - INFO - Executing task task_20250404195346_9: 'Validate the accuracy of the information gathered'
2025-04-04 19:54:16 - execution_system - INFO - Attempt 1/4 for task task_20250404195346_9
2025-04-04 19:54:22 - execution_system - INFO - LLM indicated no suitable skill for task: task_20250404195346_9 ('Validate the accuracy of the information gathered')
2025-04-04 19:54:22 - execution_system - INFO - No suitable skill identified by LLM for task 'task_20250404195346_9' ('Validate the accuracy of the information gathered'). Marking as completed internal step.
2025-04-04 19:54:22 - execution_system - INFO - Task task_20250404195346_9 completed successfully in attempt 1.
2025-04-04 19:54:22 - execution_system - INFO - Finished execution for task task_20250404195346_9. Success: True, Time: 6.32s
2025-04-04 19:54:23 - execution_system - INFO - Executing task task_20250404195346_10: 'Finalize the report on NVIDIA stock price and recent news'
2025-04-04 19:54:23 - execution_system - INFO - Attempt 1/4 for task task_20250404195346_10
2025-04-04 19:54:30 - execution_system - INFO - LLM successfully parsed task 'task_20250404195346_10' to skill: 'web', params: {'action': 'search', 'query': 'NVIDIA stock price and recent news'}
2025-04-04 19:54:30 - execution_system - INFO - Attempting to execute task 'task_20250404195346_10' using skill: 'web'
2025-04-04 19:54:31 - execution_system - INFO - Task task_20250404195346_10 completed successfully in attempt 1.
2025-04-04 19:54:31 - execution_system - INFO - Finished execution for task task_20250404195346_10. Success: True, Time: 7.56s
2025-04-04 19:54:32 - execution_system - INFO - Executing task task_20250404195346_1: 'Define the scope of research for NVIDIA stock price and news'
2025-04-04 19:54:32 - execution_system - INFO - Attempt 1/4 for task task_20250404195346_1
2025-04-04 19:54:38 - execution_system - INFO - LLM successfully parsed task 'task_20250404195346_1' to skill: 'web', params: {'action': 'search', 'query': 'NVIDIA stock price and news'}
2025-04-04 19:54:38 - execution_system - INFO - Attempting to execute task 'task_20250404195346_1' using skill: 'web'
2025-04-04 19:54:39 - execution_system - INFO - Task task_20250404195346_1 completed successfully in attempt 1.
2025-04-04 19:54:39 - execution_system - INFO - Finished execution for task task_20250404195346_1. Success: True, Time: 6.67s
2025-04-04 19:54:40 - execution_system - INFO - Executing task task_20250404195346_2: 'Identify reliable sources for NVIDIA stock price information'
2025-04-04 19:54:40 - execution_system - INFO - Attempt 1/4 for task task_20250404195346_2
2025-04-04 19:54:47 - execution_system - INFO - LLM successfully parsed task 'task_20250404195346_2' to skill: 'web', params: {'action': 'search', 'query': 'NVIDIA stock price reliable sources'}
2025-04-04 19:54:47 - execution_system - INFO - Attempting to execute task 'task_20250404195346_2' using skill: 'web'
2025-04-04 19:54:48 - execution_system - INFO - Task task_20250404195346_2 completed successfully in attempt 1.
2025-04-04 19:54:48 - execution_system - INFO - Finished execution for task task_20250404195346_2. Success: True, Time: 7.27s
2025-04-04 19:54:49 - execution_system - INFO - Executing task task_20250404195346_3: 'Identify reliable sources for NVIDIA news and updates'
2025-04-04 19:54:49 - execution_system - INFO - Attempt 1/4 for task task_20250404195346_3
2025-04-04 19:54:54 - execution_system - INFO - LLM successfully parsed task 'task_20250404195346_3' to skill: 'web', params: {'action': 'search', 'query': 'NVIDIA news and updates'}
2025-04-04 19:54:54 - execution_system - INFO - Attempting to execute task 'task_20250404195346_3' using skill: 'web'
2025-04-04 19:54:55 - execution_system - INFO - Task task_20250404195346_3 completed successfully in attempt 1.
2025-04-04 19:54:55 - execution_system - INFO - Finished execution for task task_20250404195346_3. Success: True, Time: 6.49s
2025-04-04 19:54:56 - execution_system - INFO - Executing task task_20250404195346_4: 'Research the current price of NVIDIA stock'
2025-04-04 19:54:56 - execution_system - INFO - Attempt 1/4 for task task_20250404195346_4
2025-04-04 19:55:02 - execution_system - INFO - LLM successfully parsed task 'task_20250404195346_4' to skill: 'web', params: {'action': 'search', 'query': 'NVIDIA stock price'}
2025-04-04 19:55:02 - execution_system - INFO - Attempting to execute task 'task_20250404195346_4' using skill: 'web'
2025-04-04 19:55:03 - execution_system - INFO - Task task_20250404195346_4 completed successfully in attempt 1.
2025-04-04 19:55:03 - execution_system - INFO - Finished execution for task task_20250404195346_4. Success: True, Time: 6.97s
2025-04-04 19:55:05 - execution_system - INFO - Executing task task_20250404195346_5: 'Research recent news about NVIDIA'
2025-04-04 19:55:05 - execution_system - INFO - Attempt 1/4 for task task_20250404195346_5
2025-04-04 19:55:10 - execution_system - INFO - LLM successfully parsed task 'task_20250404195346_5' to skill: 'web', params: {'action': 'search', 'query': 'NVIDIA recent news'}
2025-04-04 19:55:10 - execution_system - INFO - Attempting to execute task 'task_20250404195346_5' using skill: 'web'
2025-04-04 19:55:11 - execution_system - INFO - Task task_20250404195346_5 completed successfully in attempt 1.
2025-04-04 19:55:11 - execution_system - INFO - Finished execution for task task_20250404195346_5. Success: True, Time: 6.32s
2025-04-04 19:55:12 - execution_system - INFO - Executing task task_20250404195346_6: 'Summarize the findings on NVIDIA stock price'
2025-04-04 19:55:12 - execution_system - INFO - Attempt 1/4 for task task_20250404195346_6
2025-04-04 19:55:19 - execution_system - INFO - LLM successfully parsed task 'task_20250404195346_6' to skill: 'web', params: {'action': 'search', 'query': 'NVIDIA stock price'}
2025-04-04 19:55:19 - execution_system - INFO - Attempting to execute task 'task_20250404195346_6' using skill: 'web'
2025-04-04 19:55:20 - execution_system - INFO - Task task_20250404195346_6 completed successfully in attempt 1.
2025-04-04 19:55:20 - execution_system - INFO - Finished execution for task task_20250404195346_6. Success: True, Time: 7.91s
2025-04-04 19:55:21 - execution_system - INFO - Executing task task_20250404195346_7: 'Summarize the recent news about NVIDIA'
2025-04-04 19:55:21 - execution_system - INFO - Attempt 1/4 for task task_20250404195346_7
2025-04-04 19:55:27 - execution_system - INFO - LLM successfully parsed task 'task_20250404195346_7' to skill: 'web', params: {'action': 'search', 'query': 'NVIDIA recent news'}
2025-04-04 19:55:27 - execution_system - INFO - Attempting to execute task 'task_20250404195346_7' using skill: 'web'
2025-04-04 19:55:28 - execution_system - INFO - Task task_20250404195346_7 completed successfully in attempt 1.
2025-04-04 19:55:28 - execution_system - INFO - Finished execution for task task_20250404195346_7. Success: True, Time: 6.37s
2025-04-04 19:55:29 - execution_system - INFO - Executing task task_20250404195346_8: 'Combine the summaries of NVIDIA stock price and news'
2025-04-04 19:55:29 - execution_system - INFO - Attempt 1/4 for task task_20250404195346_8
2025-04-04 19:55:34 - execution_system - INFO - LLM successfully parsed task 'task_20250404195346_8' to skill: 'web', params: {'action': 'search', 'query': 'NVIDIA stock price and news'}
2025-04-04 19:55:34 - execution_system - INFO - Attempting to execute task 'task_20250404195346_8' using skill: 'web'
2025-04-04 19:56:29 - execution_system - INFO - Loaded 3 execution strategies.
2025-04-04 20:01:24 - execution_system - INFO - Executing task task_20250404200122_1: 'Define the objective and identify the key components: current NVIDIA stock price and recent news summary'
2025-04-04 20:01:24 - execution_system - INFO - Attempt 1/4 for task task_20250404200122_1
2025-04-04 20:01:24 - execution_system - INFO - LLM successfully parsed task 'task_20250404200122_1' to skill: 'web', params: {'action': 'search', 'query': 'NVIDIA stock price and recent news'}
2025-04-04 20:01:24 - execution_system - INFO - Attempting to execute task 'task_20250404200122_1' using skill: 'web'
2025-04-04 20:01:25 - execution_system - INFO - Task task_20250404200122_1 completed successfully in attempt 1.
2025-04-04 20:01:25 - execution_system - INFO - Finished execution for task task_20250404200122_1. Success: True, Time: 1.31s
2025-04-04 20:01:26 - execution_system - INFO - Executing task task_20250404200122_2: 'Determine the sources for real-time stock price information and recent news articles about NVIDIA'
2025-04-04 20:01:26 - execution_system - INFO - Attempt 1/4 for task task_20250404200122_2
2025-04-04 20:01:27 - execution_system - INFO - LLM successfully parsed task 'task_20250404200122_2' to skill: 'web', params: {'action': 'search', 'query': 'NVIDIA real-time stock price and recent news'}
2025-04-04 20:01:27 - execution_system - INFO - Attempting to execute task 'task_20250404200122_2' using skill: 'web'
2025-04-04 20:01:28 - execution_system - INFO - Task task_20250404200122_2 completed successfully in attempt 1.
2025-04-04 20:01:28 - execution_system - INFO - Finished execution for task task_20250404200122_2. Success: True, Time: 1.62s
2025-04-04 20:01:29 - execution_system - INFO - Executing task task_20250404200122_3: 'Research and gather real-time data on the current NVIDIA stock price from chosen sources'
2025-04-04 20:01:29 - execution_system - INFO - Attempt 1/4 for task task_20250404200122_3
2025-04-04 20:01:32 - execution_system - ERROR - Unexpected error using LLM for skill parsing on task task_20250404200122_3: RetryError[<Future at 0x2def4119af0 state=finished raised LLMCommunicationError>]
Traceback (most recent call last):
  File "C:\Users\Administrator\Documents\GitHub\Jarvis-WIP\jarvis\llm.py", line 233, in _call_llm
    response = client.chat.completions.create(
               ^^^^^^^^^^^^^^^^^^^^^^^^^^^^^^^
  File "C:\Users\Administrator\AppData\Local\Programs\Python\Python312\Lib\site-packages\groq\resources\chat\completions.py", line 322, in create
    return self._post(
           ^^^^^^^^^^^
  File "C:\Users\Administrator\AppData\Local\Programs\Python\Python312\Lib\site-packages\groq\_base_client.py", line 1225, in post
    return cast(ResponseT, self.request(cast_to, opts, stream=stream, stream_cls=stream_cls))
                           ^^^^^^^^^^^^^^^^^^^^^^^^^^^^^^^^^^^^^^^^^^^^^^^^^^^^^^^^^^^^^^^^^
  File "C:\Users\Administrator\AppData\Local\Programs\Python\Python312\Lib\site-packages\groq\_base_client.py", line 917, in request
    return self._request(
           ^^^^^^^^^^^^^^
  File "C:\Users\Administrator\AppData\Local\Programs\Python\Python312\Lib\site-packages\groq\_base_client.py", line 1020, in _request
    raise self._make_status_error_from_response(err.response) from None
groq.RateLimitError: Error code: 429 - {'error': {'message': 'Rate limit reached for model `llama-3.3-70b-versatile` in organization `org_01hrqcjnarf128tmmw58z8ad26` service tier `on_demand` on tokens per day (TPD): Limit 100000, Used 99264, Requested 887. Please try again in 2m9.919999999s. Need more tokens? Upgrade to Dev Tier today at https://console.groq.com/settings/billing', 'type': 'tokens', 'code': 'rate_limit_exceeded'}}

The above exception was the direct cause of the following exception:

Traceback (most recent call last):
  File "C:\Users\Administrator\AppData\Local\Programs\Python\Python312\Lib\site-packages\tenacity\__init__.py", line 480, in __call__
    result = fn(*args, **kwargs)
             ^^^^^^^^^^^^^^^^^^^
  File "C:\Users\Administrator\Documents\GitHub\Jarvis-WIP\jarvis\llm.py", line 318, in _call_llm
    raise LLMCommunicationError(provider, e) from e
jarvis.llm.LLMCommunicationError: Error communicating with groq: Error code: 429 - {'error': {'message': 'Rate limit reached for model `llama-3.3-70b-versatile` in organization `org_01hrqcjnarf128tmmw58z8ad26` service tier `on_demand` on tokens per day (TPD): Limit 100000, Used 99264, Requested 887. Please try again in 2m9.919999999s. Need more tokens? Upgrade to Dev Tier today at https://console.groq.com/settings/billing', 'type': 'tokens', 'code': 'rate_limit_exceeded'}}

The above exception was the direct cause of the following exception:

Traceback (most recent call last):
  File "C:\Users\Administrator\Documents\GitHub\Jarvis-WIP\jarvis\execution.py", line 434, in _parse_task_for_skill
    response_content = self.llm.process_with_llm(
                       ^^^^^^^^^^^^^^^^^^^^^^^^^^
  File "C:\Users\Administrator\Documents\GitHub\Jarvis-WIP\jarvis\llm.py", line 403, in process_with_llm
    response = self._call_llm(
               ^^^^^^^^^^^^^^^
  File "C:\Users\Administrator\AppData\Local\Programs\Python\Python312\Lib\site-packages\tenacity\__init__.py", line 338, in wrapped_f
    return copy(f, *args, **kw)
           ^^^^^^^^^^^^^^^^^^^^
  File "C:\Users\Administrator\AppData\Local\Programs\Python\Python312\Lib\site-packages\tenacity\__init__.py", line 477, in __call__
    do = self.iter(retry_state=retry_state)
         ^^^^^^^^^^^^^^^^^^^^^^^^^^^^^^^^^^
  File "C:\Users\Administrator\AppData\Local\Programs\Python\Python312\Lib\site-packages\tenacity\__init__.py", line 378, in iter
    result = action(retry_state)
             ^^^^^^^^^^^^^^^^^^^
  File "C:\Users\Administrator\AppData\Local\Programs\Python\Python312\Lib\site-packages\tenacity\__init__.py", line 421, in exc_check
    raise retry_exc from fut.exception()
tenacity.RetryError: RetryError[<Future at 0x2def4119af0 state=finished raised LLMCommunicationError>]
2025-04-04 20:01:32 - execution_system - INFO - No suitable skill identified by LLM for task 'task_20250404200122_3' ('Research and gather real-time data on the current NVIDIA stock price from chosen sources'). Marking as completed internal step.
2025-04-04 20:01:32 - execution_system - INFO - Task task_20250404200122_3 completed successfully in attempt 1.
2025-04-04 20:01:32 - execution_system - INFO - Finished execution for task task_20250404200122_3. Success: True, Time: 3.22s
2025-04-04 20:01:34 - execution_system - INFO - Executing task task_20250404200122_4: 'Research and gather recent news articles about NVIDIA from chosen sources'
2025-04-04 20:01:34 - execution_system - INFO - Attempt 1/4 for task task_20250404200122_4
2025-04-04 20:01:37 - execution_system - ERROR - Unexpected error using LLM for skill parsing on task task_20250404200122_4: RetryError[<Future at 0x2def5fe3620 state=finished raised LLMCommunicationError>]
Traceback (most recent call last):
  File "C:\Users\Administrator\Documents\GitHub\Jarvis-WIP\jarvis\llm.py", line 233, in _call_llm
    response = client.chat.completions.create(
               ^^^^^^^^^^^^^^^^^^^^^^^^^^^^^^^
  File "C:\Users\Administrator\AppData\Local\Programs\Python\Python312\Lib\site-packages\groq\resources\chat\completions.py", line 322, in create
    return self._post(
           ^^^^^^^^^^^
  File "C:\Users\Administrator\AppData\Local\Programs\Python\Python312\Lib\site-packages\groq\_base_client.py", line 1225, in post
    return cast(ResponseT, self.request(cast_to, opts, stream=stream, stream_cls=stream_cls))
                           ^^^^^^^^^^^^^^^^^^^^^^^^^^^^^^^^^^^^^^^^^^^^^^^^^^^^^^^^^^^^^^^^^
  File "C:\Users\Administrator\AppData\Local\Programs\Python\Python312\Lib\site-packages\groq\_base_client.py", line 917, in request
    return self._request(
           ^^^^^^^^^^^^^^
  File "C:\Users\Administrator\AppData\Local\Programs\Python\Python312\Lib\site-packages\groq\_base_client.py", line 1020, in _request
    raise self._make_status_error_from_response(err.response) from None
groq.RateLimitError: Error code: 429 - {'error': {'message': 'Rate limit reached for model `llama-3.3-70b-versatile` in organization `org_01hrqcjnarf128tmmw58z8ad26` service tier `on_demand` on tokens per day (TPD): Limit 100000, Used 99259, Requested 879. Please try again in 1m58.584s. Need more tokens? Upgrade to Dev Tier today at https://console.groq.com/settings/billing', 'type': 'tokens', 'code': 'rate_limit_exceeded'}}

The above exception was the direct cause of the following exception:

Traceback (most recent call last):
  File "C:\Users\Administrator\AppData\Local\Programs\Python\Python312\Lib\site-packages\tenacity\__init__.py", line 480, in __call__
    result = fn(*args, **kwargs)
             ^^^^^^^^^^^^^^^^^^^
  File "C:\Users\Administrator\Documents\GitHub\Jarvis-WIP\jarvis\llm.py", line 318, in _call_llm
    raise LLMCommunicationError(provider, e) from e
jarvis.llm.LLMCommunicationError: Error communicating with groq: Error code: 429 - {'error': {'message': 'Rate limit reached for model `llama-3.3-70b-versatile` in organization `org_01hrqcjnarf128tmmw58z8ad26` service tier `on_demand` on tokens per day (TPD): Limit 100000, Used 99259, Requested 879. Please try again in 1m58.584s. Need more tokens? Upgrade to Dev Tier today at https://console.groq.com/settings/billing', 'type': 'tokens', 'code': 'rate_limit_exceeded'}}

The above exception was the direct cause of the following exception:

Traceback (most recent call last):
  File "C:\Users\Administrator\Documents\GitHub\Jarvis-WIP\jarvis\execution.py", line 434, in _parse_task_for_skill
    response_content = self.llm.process_with_llm(
                       ^^^^^^^^^^^^^^^^^^^^^^^^^^
  File "C:\Users\Administrator\Documents\GitHub\Jarvis-WIP\jarvis\llm.py", line 403, in process_with_llm
    response = self._call_llm(
               ^^^^^^^^^^^^^^^
  File "C:\Users\Administrator\AppData\Local\Programs\Python\Python312\Lib\site-packages\tenacity\__init__.py", line 338, in wrapped_f
    return copy(f, *args, **kw)
           ^^^^^^^^^^^^^^^^^^^^
  File "C:\Users\Administrator\AppData\Local\Programs\Python\Python312\Lib\site-packages\tenacity\__init__.py", line 477, in __call__
    do = self.iter(retry_state=retry_state)
         ^^^^^^^^^^^^^^^^^^^^^^^^^^^^^^^^^^
  File "C:\Users\Administrator\AppData\Local\Programs\Python\Python312\Lib\site-packages\tenacity\__init__.py", line 378, in iter
    result = action(retry_state)
             ^^^^^^^^^^^^^^^^^^^
  File "C:\Users\Administrator\AppData\Local\Programs\Python\Python312\Lib\site-packages\tenacity\__init__.py", line 421, in exc_check
    raise retry_exc from fut.exception()
tenacity.RetryError: RetryError[<Future at 0x2def5fe3620 state=finished raised LLMCommunicationError>]
2025-04-04 20:01:37 - execution_system - INFO - No suitable skill identified by LLM for task 'task_20250404200122_4' ('Research and gather recent news articles about NVIDIA from chosen sources'). Marking as completed internal step.
2025-04-04 20:01:37 - execution_system - INFO - Task task_20250404200122_4 completed successfully in attempt 1.
2025-04-04 20:01:37 - execution_system - INFO - Finished execution for task task_20250404200122_4. Success: True, Time: 3.22s
2025-04-04 20:01:38 - execution_system - INFO - Executing task task_20250404200122_5: 'Summarize the recent news articles about NVIDIA, focusing on key developments and trends'
2025-04-04 20:01:38 - execution_system - INFO - Attempt 1/4 for task task_20250404200122_5
2025-04-04 20:01:41 - execution_system - ERROR - Unexpected error using LLM for skill parsing on task task_20250404200122_5: RetryError[<Future at 0x2def5fe8350 state=finished raised LLMCommunicationError>]
Traceback (most recent call last):
  File "C:\Users\Administrator\Documents\GitHub\Jarvis-WIP\jarvis\llm.py", line 233, in _call_llm
    response = client.chat.completions.create(
               ^^^^^^^^^^^^^^^^^^^^^^^^^^^^^^^
  File "C:\Users\Administrator\AppData\Local\Programs\Python\Python312\Lib\site-packages\groq\resources\chat\completions.py", line 322, in create
    return self._post(
           ^^^^^^^^^^^
  File "C:\Users\Administrator\AppData\Local\Programs\Python\Python312\Lib\site-packages\groq\_base_client.py", line 1225, in post
    return cast(ResponseT, self.request(cast_to, opts, stream=stream, stream_cls=stream_cls))
                           ^^^^^^^^^^^^^^^^^^^^^^^^^^^^^^^^^^^^^^^^^^^^^^^^^^^^^^^^^^^^^^^^^
  File "C:\Users\Administrator\AppData\Local\Programs\Python\Python312\Lib\site-packages\groq\_base_client.py", line 917, in request
    return self._request(
           ^^^^^^^^^^^^^^
  File "C:\Users\Administrator\AppData\Local\Programs\Python\Python312\Lib\site-packages\groq\_base_client.py", line 1020, in _request
    raise self._make_status_error_from_response(err.response) from None
groq.RateLimitError: Error code: 429 - {'error': {'message': 'Rate limit reached for model `llama-3.3-70b-versatile` in organization `org_01hrqcjnarf128tmmw58z8ad26` service tier `on_demand` on tokens per day (TPD): Limit 100000, Used 99254, Requested 887. Please try again in 2m1.092s. Need more tokens? Upgrade to Dev Tier today at https://console.groq.com/settings/billing', 'type': 'tokens', 'code': 'rate_limit_exceeded'}}

The above exception was the direct cause of the following exception:

Traceback (most recent call last):
  File "C:\Users\Administrator\AppData\Local\Programs\Python\Python312\Lib\site-packages\tenacity\__init__.py", line 480, in __call__
    result = fn(*args, **kwargs)
             ^^^^^^^^^^^^^^^^^^^
  File "C:\Users\Administrator\Documents\GitHub\Jarvis-WIP\jarvis\llm.py", line 318, in _call_llm
    raise LLMCommunicationError(provider, e) from e
jarvis.llm.LLMCommunicationError: Error communicating with groq: Error code: 429 - {'error': {'message': 'Rate limit reached for model `llama-3.3-70b-versatile` in organization `org_01hrqcjnarf128tmmw58z8ad26` service tier `on_demand` on tokens per day (TPD): Limit 100000, Used 99254, Requested 887. Please try again in 2m1.092s. Need more tokens? Upgrade to Dev Tier today at https://console.groq.com/settings/billing', 'type': 'tokens', 'code': 'rate_limit_exceeded'}}

The above exception was the direct cause of the following exception:

Traceback (most recent call last):
  File "C:\Users\Administrator\Documents\GitHub\Jarvis-WIP\jarvis\execution.py", line 434, in _parse_task_for_skill
    response_content = self.llm.process_with_llm(
                       ^^^^^^^^^^^^^^^^^^^^^^^^^^
  File "C:\Users\Administrator\Documents\GitHub\Jarvis-WIP\jarvis\llm.py", line 403, in process_with_llm
    response = self._call_llm(
               ^^^^^^^^^^^^^^^
  File "C:\Users\Administrator\AppData\Local\Programs\Python\Python312\Lib\site-packages\tenacity\__init__.py", line 338, in wrapped_f
    return copy(f, *args, **kw)
           ^^^^^^^^^^^^^^^^^^^^
  File "C:\Users\Administrator\AppData\Local\Programs\Python\Python312\Lib\site-packages\tenacity\__init__.py", line 477, in __call__
    do = self.iter(retry_state=retry_state)
         ^^^^^^^^^^^^^^^^^^^^^^^^^^^^^^^^^^
  File "C:\Users\Administrator\AppData\Local\Programs\Python\Python312\Lib\site-packages\tenacity\__init__.py", line 378, in iter
    result = action(retry_state)
             ^^^^^^^^^^^^^^^^^^^
  File "C:\Users\Administrator\AppData\Local\Programs\Python\Python312\Lib\site-packages\tenacity\__init__.py", line 421, in exc_check
    raise retry_exc from fut.exception()
tenacity.RetryError: RetryError[<Future at 0x2def5fe8350 state=finished raised LLMCommunicationError>]
2025-04-04 20:01:41 - execution_system - INFO - No suitable skill identified by LLM for task 'task_20250404200122_5' ('Summarize the recent news articles about NVIDIA, focusing on key developments and trends'). Marking as completed internal step.
2025-04-04 20:01:41 - execution_system - INFO - Task task_20250404200122_5 completed successfully in attempt 1.
2025-04-04 20:01:41 - execution_system - INFO - Finished execution for task task_20250404200122_5. Success: True, Time: 3.20s
2025-04-04 20:01:42 - execution_system - INFO - Executing task task_20250404200122_6: 'Compile the current NVIDIA stock price and the summary of recent news into a comprehensive report'
2025-04-04 20:01:42 - execution_system - INFO - Attempt 1/4 for task task_20250404200122_6
2025-04-04 20:03:10 - execution_system - INFO - Loaded 3 execution strategies.
2025-04-04 20:03:16 - execution_system - INFO - Executing task task_20250404200314_1: 'Define the scope of the research, including specific stock exchange and time frame'
2025-04-04 20:03:16 - execution_system - INFO - Attempt 1/4 for task task_20250404200314_1
2025-04-04 20:03:16 - execution_system - INFO - LLM indicated no suitable skill for task: task_20250404200314_1 ('Define the scope of the research, including specific stock exchange and time frame')
2025-04-04 20:03:16 - execution_system - INFO - No suitable skill identified by LLM for task 'task_20250404200314_1' ('Define the scope of the research, including specific stock exchange and time frame'). Marking as completed internal step.
2025-04-04 20:03:16 - execution_system - INFO - Task task_20250404200314_1 completed successfully in attempt 1.
2025-04-04 20:03:16 - execution_system - INFO - Finished execution for task task_20250404200314_1. Success: True, Time: 0.28s
2025-04-04 20:03:17 - execution_system - INFO - Executing task task_20250404200314_2: 'Identify reliable sources for current NVIDIA stock price, such as financial news websites or stock exchange websites'
2025-04-04 20:03:17 - execution_system - INFO - Attempt 1/4 for task task_20250404200314_2
2025-04-04 20:03:18 - execution_system - INFO - LLM successfully parsed task 'task_20250404200314_2' to skill: 'web', params: {'action': 'search', 'query': 'NVIDIA stock price'}
2025-04-04 20:03:18 - execution_system - INFO - Attempting to execute task 'task_20250404200314_2' using skill: 'web'
2025-04-04 20:03:19 - execution_system - INFO - Task task_20250404200314_2 completed successfully in attempt 1.
2025-04-04 20:03:19 - execution_system - INFO - Finished execution for task task_20250404200314_2. Success: True, Time: 1.85s
2025-04-04 20:03:21 - execution_system - INFO - Executing task task_20250404200314_3: 'Identify reliable sources for recent news about NVIDIA, such as news articles or press releases'
2025-04-04 20:03:21 - execution_system - INFO - Attempt 1/4 for task task_20250404200314_3
2025-04-04 20:03:21 - execution_system - INFO - LLM successfully parsed task 'task_20250404200314_3' to skill: 'web', params: {'action': 'search', 'query': 'NVIDIA recent news'}
2025-04-04 20:03:21 - execution_system - INFO - Attempting to execute task 'task_20250404200314_3' using skill: 'web'
2025-04-04 20:03:22 - execution_system - INFO - Task task_20250404200314_3 completed successfully in attempt 1.
2025-04-04 20:03:22 - execution_system - INFO - Finished execution for task task_20250404200314_3. Success: True, Time: 1.32s
2025-04-04 20:03:23 - execution_system - INFO - Executing task task_20250404200314_4: 'Research the current price of NVIDIA stock using the identified sources'
2025-04-04 20:03:23 - execution_system - INFO - Attempt 1/4 for task task_20250404200314_4
2025-04-04 20:03:23 - execution_system - INFO - LLM successfully parsed task 'task_20250404200314_4' to skill: 'web', params: {'action': 'search', 'query': 'NVIDIA stock price'}
2025-04-04 20:03:23 - execution_system - INFO - Attempting to execute task 'task_20250404200314_4' using skill: 'web'
2025-04-04 20:03:25 - execution_system - INFO - Task task_20250404200314_4 completed successfully in attempt 1.
2025-04-04 20:03:25 - execution_system - INFO - Finished execution for task task_20250404200314_4. Success: True, Time: 1.80s
2025-04-04 20:03:26 - execution_system - INFO - Executing task task_20250404200314_5: 'Research recent news about NVIDIA using the identified sources'
2025-04-04 20:03:26 - execution_system - INFO - Attempt 1/4 for task task_20250404200314_5
2025-04-04 20:03:27 - execution_system - INFO - LLM successfully parsed task 'task_20250404200314_5' to skill: 'web', params: {'action': 'search', 'query': 'NVIDIA recent news'}
2025-04-04 20:03:27 - execution_system - INFO - Attempting to execute task 'task_20250404200314_5' using skill: 'web'
2025-04-04 20:03:28 - execution_system - INFO - Task task_20250404200314_5 completed successfully in attempt 1.
2025-04-04 20:03:28 - execution_system - INFO - Finished execution for task task_20250404200314_5. Success: True, Time: 1.33s
2025-04-04 20:03:29 - execution_system - INFO - Executing task task_20250404200314_6: 'Summarize the findings on the current price of NVIDIA stock'
2025-04-04 20:03:29 - execution_system - INFO - Attempt 1/4 for task task_20250404200314_6
2025-04-04 20:03:29 - execution_system - INFO - LLM successfully parsed task 'task_20250404200314_6' to skill: 'web', params: {'action': 'search', 'query': 'NVIDIA stock current price'}
2025-04-04 20:03:29 - execution_system - INFO - Attempting to execute task 'task_20250404200314_6' using skill: 'web'
2025-04-04 20:03:30 - execution_system - INFO - Task task_20250404200314_6 completed successfully in attempt 1.
2025-04-04 20:03:30 - execution_system - INFO - Finished execution for task task_20250404200314_6. Success: True, Time: 1.45s
2025-04-04 20:03:31 - execution_system - INFO - Executing task task_20250404200314_7: 'Summarize the findings on recent news about NVIDIA'
2025-04-04 20:03:31 - execution_system - INFO - Attempt 1/4 for task task_20250404200314_7
2025-04-04 20:03:32 - execution_system - INFO - LLM successfully parsed task 'task_20250404200314_7' to skill: 'web', params: {'action': 'search', 'query': 'NVIDIA recent news'}
2025-04-04 20:03:32 - execution_system - INFO - Attempting to execute task 'task_20250404200314_7' using skill: 'web'
2025-04-04 20:03:33 - execution_system - INFO - Task task_20250404200314_7 completed successfully in attempt 1.
2025-04-04 20:03:33 - execution_system - INFO - Finished execution for task task_20250404200314_7. Success: True, Time: 1.62s
2025-04-04 20:03:34 - execution_system - INFO - Executing task task_20250404200314_8: 'Combine the summaries of the current stock price and recent news into a single report'
2025-04-04 20:03:34 - execution_system - INFO - Attempt 1/4 for task task_20250404200314_8
2025-04-04 20:03:34 - execution_system - INFO - LLM indicated no suitable skill for task: task_20250404200314_8 ('Combine the summaries of the current stock price and recent news into a single report')
2025-04-04 20:03:34 - execution_system - INFO - No suitable skill identified by LLM for task 'task_20250404200314_8' ('Combine the summaries of the current stock price and recent news into a single report'). Marking as completed internal step.
2025-04-04 20:03:34 - execution_system - INFO - Task task_20250404200314_8 completed successfully in attempt 1.
2025-04-04 20:03:34 - execution_system - INFO - Finished execution for task task_20250404200314_8. Success: True, Time: 0.22s
2025-04-04 20:03:36 - execution_system - INFO - Executing task task_20250404200314_9: 'Validate the accuracy of the report by cross-checking with other sources'
2025-04-04 20:03:36 - execution_system - INFO - Attempt 1/4 for task task_20250404200314_9
2025-04-04 20:03:38 - execution_system - INFO - LLM indicated no suitable skill for task: task_20250404200314_9 ('Validate the accuracy of the report by cross-checking with other sources')
2025-04-04 20:03:38 - execution_system - INFO - No suitable skill identified by LLM for task 'task_20250404200314_9' ('Validate the accuracy of the report by cross-checking with other sources'). Marking as completed internal step.
2025-04-04 20:03:38 - execution_system - INFO - Task task_20250404200314_9 completed successfully in attempt 1.
2025-04-04 20:03:38 - execution_system - INFO - Finished execution for task task_20250404200314_9. Success: True, Time: 2.33s
2025-04-04 20:03:39 - execution_system - INFO - Executing task task_20250404200314_10: 'Refine the report based on the validation results'
2025-04-04 20:03:39 - execution_system - INFO - Attempt 1/4 for task task_20250404200314_10
2025-04-04 20:03:46 - execution_system - INFO - LLM indicated no suitable skill for task: task_20250404200314_10 ('Refine the report based on the validation results')
2025-04-04 20:03:46 - execution_system - INFO - No suitable skill identified by LLM for task 'task_20250404200314_10' ('Refine the report based on the validation results'). Marking as completed internal step.
2025-04-04 20:03:46 - execution_system - INFO - Task task_20250404200314_10 completed successfully in attempt 1.
2025-04-04 20:03:46 - execution_system - INFO - Finished execution for task task_20250404200314_10. Success: True, Time: 6.38s
2025-04-04 20:05:35 - execution_system - INFO - Loaded 3 execution strategies.
2025-04-04 20:06:10 - execution_system - INFO - Loaded 3 execution strategies.
2025-04-04 20:06:15 - execution_system - INFO - Executing task task_20250404200613_1: 'Define the sources for NVIDIA stock price and news'
2025-04-04 20:06:15 - execution_system - INFO - Attempt 1/4 for task task_20250404200613_1
2025-04-04 20:06:15 - execution_system - INFO - LLM successfully parsed task 'task_20250404200613_1' to skill: 'web', params: {'action': 'search', 'query': 'NVIDIA stock price and news'}
2025-04-04 20:06:15 - execution_system - INFO - Attempting to execute task 'task_20250404200613_1' using skill: 'web'
2025-04-04 20:06:16 - execution_system - INFO - Task task_20250404200613_1 completed successfully in attempt 1.
2025-04-04 20:06:16 - execution_system - INFO - Finished execution for task task_20250404200613_1. Success: True, Time: 1.50s
2025-04-04 20:06:17 - execution_system - INFO - Executing task task_20250404200613_2: 'Identify reliable financial websites for stock price information'
2025-04-04 20:06:17 - execution_system - INFO - Attempt 1/4 for task task_20250404200613_2
2025-04-04 20:06:18 - execution_system - INFO - LLM successfully parsed task 'task_20250404200613_2' to skill: 'web', params: {'action': 'search', 'query': 'reliable financial websites for stock price information'}
2025-04-04 20:06:18 - execution_system - INFO - Attempting to execute task 'task_20250404200613_2' using skill: 'web'
2025-04-04 20:06:19 - execution_system - INFO - Task task_20250404200613_2 completed successfully in attempt 1.
2025-04-04 20:06:19 - execution_system - INFO - Finished execution for task task_20250404200613_2. Success: True, Time: 1.36s
2025-04-04 20:06:20 - execution_system - INFO - Executing task task_20250404200613_3: 'Identify reliable news sources for NVIDIA company updates'
2025-04-04 20:06:20 - execution_system - INFO - Attempt 1/4 for task task_20250404200613_3
2025-04-04 20:06:20 - execution_system - INFO - LLM successfully parsed task 'task_20250404200613_3' to skill: 'web', params: {'action': 'search', 'query': 'NVIDIA company updates'}
2025-04-04 20:06:20 - execution_system - INFO - Attempting to execute task 'task_20250404200613_3' using skill: 'web'
2025-04-04 20:06:22 - execution_system - INFO - Task task_20250404200613_3 completed successfully in attempt 1.
2025-04-04 20:06:22 - execution_system - INFO - Finished execution for task task_20250404200613_3. Success: True, Time: 1.49s
2025-04-04 20:06:23 - execution_system - INFO - Executing task task_20250404200613_4: 'Retrieve the current NVIDIA stock price from the identified financial websites'
2025-04-04 20:06:23 - execution_system - INFO - Attempt 1/4 for task task_20250404200613_4
2025-04-04 20:06:23 - execution_system - INFO - LLM successfully parsed task 'task_20250404200613_4' to skill: 'web', params: {'action': 'search', 'query': 'NVIDIA stock price'}
2025-04-04 20:06:23 - execution_system - INFO - Attempting to execute task 'task_20250404200613_4' using skill: 'web'
2025-04-04 20:06:24 - execution_system - INFO - Task task_20250404200613_4 completed successfully in attempt 1.
2025-04-04 20:06:24 - execution_system - INFO - Finished execution for task task_20250404200613_4. Success: True, Time: 1.75s
2025-04-04 20:06:26 - execution_system - INFO - Executing task task_20250404200613_5: 'Retrieve recent news articles about NVIDIA from the identified news sources'
2025-04-04 20:06:26 - execution_system - INFO - Attempt 1/4 for task task_20250404200613_5
2025-04-04 20:06:26 - execution_system - INFO - LLM successfully parsed task 'task_20250404200613_5' to skill: 'web', params: {'action': 'search', 'query': 'NVIDIA recent news'}
2025-04-04 20:06:26 - execution_system - INFO - Attempting to execute task 'task_20250404200613_5' using skill: 'web'
2025-04-04 20:06:27 - execution_system - INFO - Task task_20250404200613_5 completed successfully in attempt 1.
2025-04-04 20:06:27 - execution_system - INFO - Finished execution for task task_20250404200613_5. Success: True, Time: 1.34s
2025-04-04 20:06:28 - execution_system - INFO - Executing task task_20250404200613_6: 'Summarize the retrieved news articles about NVIDIA'
2025-04-04 20:06:28 - execution_system - INFO - Attempt 1/4 for task task_20250404200613_6
2025-04-04 20:06:29 - execution_system - INFO - LLM successfully parsed task 'task_20250404200613_6' to skill: 'web', params: {'action': 'search', 'query': 'NVIDIA news'}
2025-04-04 20:06:29 - execution_system - INFO - Attempting to execute task 'task_20250404200613_6' using skill: 'web'
2025-04-04 20:06:30 - execution_system - INFO - Task task_20250404200613_6 completed successfully in attempt 1.
2025-04-04 20:06:30 - execution_system - INFO - Finished execution for task task_20250404200613_6. Success: True, Time: 1.32s
2025-04-04 20:06:31 - execution_system - INFO - Executing task task_20250404200613_7: 'Compile the current stock price and news summary into a single report'
2025-04-04 20:06:31 - execution_system - INFO - Attempt 1/4 for task task_20250404200613_7
2025-04-04 20:06:31 - execution_system - INFO - LLM indicated no suitable skill for task: task_20250404200613_7 ('Compile the current stock price and news summary into a single report')
2025-04-04 20:06:31 - execution_system - INFO - No suitable skill identified by LLM for task 'task_20250404200613_7' ('Compile the current stock price and news summary into a single report'). Marking as completed internal step.
2025-04-04 20:06:31 - execution_system - INFO - Task task_20250404200613_7 completed successfully in attempt 1.
2025-04-04 20:06:31 - execution_system - INFO - Finished execution for task task_20250404200613_7. Success: True, Time: 0.23s
2025-04-04 20:06:32 - execution_system - INFO - Executing task task_20250404200613_8: 'Validate the accuracy of the retrieved stock price and news summary'
2025-04-04 20:06:32 - execution_system - INFO - Attempt 1/4 for task task_20250404200613_8
2025-04-04 20:06:32 - execution_system - INFO - LLM indicated no suitable skill for task: task_20250404200613_8 ('Validate the accuracy of the retrieved stock price and news summary')
2025-04-04 20:06:32 - execution_system - INFO - No suitable skill identified by LLM for task 'task_20250404200613_8' ('Validate the accuracy of the retrieved stock price and news summary'). Marking as completed internal step.
2025-04-04 20:06:32 - execution_system - INFO - Task task_20250404200613_8 completed successfully in attempt 1.
2025-04-04 20:06:32 - execution_system - INFO - Finished execution for task task_20250404200613_8. Success: True, Time: 0.24s
2025-04-04 20:06:34 - execution_system - INFO - Executing task task_20250404200613_9: 'Refine the report based on validation results if necessary'
2025-04-04 20:06:34 - execution_system - INFO - Attempt 1/4 for task task_20250404200613_9
2025-04-04 20:06:36 - execution_system - INFO - LLM indicated no suitable skill for task: task_20250404200613_9 ('Refine the report based on validation results if necessary')
2025-04-04 20:06:36 - execution_system - INFO - No suitable skill identified by LLM for task 'task_20250404200613_9' ('Refine the report based on validation results if necessary'). Marking as completed internal step.
2025-04-04 20:06:36 - execution_system - INFO - Task task_20250404200613_9 completed successfully in attempt 1.
2025-04-04 20:06:36 - execution_system - INFO - Finished execution for task task_20250404200613_9. Success: True, Time: 2.31s
2025-04-04 20:11:24 - execution_system - INFO - Loaded 3 execution strategies.
2025-04-04 20:12:24 - execution_system - INFO - Executing task task_20250404201222_1: 'Define the sources for NVIDIA stock price and news'
2025-04-04 20:12:24 - execution_system - INFO - Attempt 1/4 for task task_20250404201222_1
2025-04-04 20:12:24 - execution_system - INFO - LLM successfully parsed task 'task_20250404201222_1' to skill: 'web', params: {'action': 'search', 'query': 'NVIDIA stock price and news'}
2025-04-04 20:12:24 - execution_system - INFO - Attempting to execute task 'task_20250404201222_1' using skill: 'web'
2025-04-04 20:12:26 - execution_system - INFO - Task task_20250404201222_1 completed successfully in attempt 1.
2025-04-04 20:12:26 - execution_system - INFO - Finished execution for task task_20250404201222_1. Success: True, Time: 1.39s
2025-04-04 20:12:27 - execution_system - INFO - Executing task task_20250404201222_2: 'Identify reliable financial and news websites for data collection'
2025-04-04 20:12:27 - execution_system - INFO - Attempt 1/4 for task task_20250404201222_2
2025-04-04 20:12:27 - execution_system - INFO - LLM successfully parsed task 'task_20250404201222_2' to skill: 'web', params: {'action': 'search', 'query': 'reliable financial and news websites'}
2025-04-04 20:12:27 - execution_system - INFO - Attempting to execute task 'task_20250404201222_2' using skill: 'web'
2025-04-04 20:12:28 - execution_system - INFO - Task task_20250404201222_2 completed successfully in attempt 1.
2025-04-04 20:12:28 - execution_system - INFO - Finished execution for task task_20250404201222_2. Success: True, Time: 1.61s
2025-04-04 20:12:30 - execution_system - INFO - Executing task task_20250404201222_3: 'Determine the time frame for recent news summary'
2025-04-04 20:12:30 - execution_system - INFO - Attempt 1/4 for task task_20250404201222_3
2025-04-04 20:12:30 - execution_system - INFO - LLM indicated no suitable skill for task: task_20250404201222_3 ('Determine the time frame for recent news summary')
2025-04-04 20:12:30 - execution_system - INFO - No suitable skill identified by LLM for task 'task_20250404201222_3' ('Determine the time frame for recent news summary'). Marking as completed internal step.
2025-04-04 20:12:30 - execution_system - INFO - Task task_20250404201222_3 completed successfully in attempt 1.
2025-04-04 20:12:30 - execution_system - INFO - Finished execution for task task_20250404201222_3. Success: True, Time: 0.23s
2025-04-04 20:12:31 - execution_system - INFO - Executing task task_20250404201222_4: 'Research the current price of NVIDIA stock'
2025-04-04 20:12:31 - execution_system - INFO - Attempt 1/4 for task task_20250404201222_4
2025-04-04 20:12:31 - execution_system - INFO - LLM successfully parsed task 'task_20250404201222_4' to skill: 'web', params: {'action': 'search', 'query': 'NVIDIA stock price'}
2025-04-04 20:12:31 - execution_system - INFO - Attempting to execute task 'task_20250404201222_4' using skill: 'web'
2025-04-04 20:12:33 - execution_system - INFO - Task task_20250404201222_4 completed successfully in attempt 1.
2025-04-04 20:12:33 - execution_system - INFO - Finished execution for task task_20250404201222_4. Success: True, Time: 2.04s
2025-04-04 20:12:34 - execution_system - INFO - Executing task task_20250404201222_5: 'Collect and summarize recent news about NVIDIA'
2025-04-04 20:12:34 - execution_system - INFO - Attempt 1/4 for task task_20250404201222_5
2025-04-04 20:12:35 - execution_system - INFO - LLM successfully parsed task 'task_20250404201222_5' to skill: 'web', params: {'action': 'search', 'query': 'NVIDIA recent news'}
2025-04-04 20:12:35 - execution_system - INFO - Attempting to execute task 'task_20250404201222_5' using skill: 'web'
2025-04-04 20:12:36 - execution_system - INFO - Task task_20250404201222_5 completed successfully in attempt 1.
2025-04-04 20:12:36 - execution_system - INFO - Finished execution for task task_20250404201222_5. Success: True, Time: 1.63s
2025-04-04 20:12:37 - execution_system - INFO - Executing task task_20250404201222_6: 'Analyze the collected data for trends and insights'
2025-04-04 20:12:37 - execution_system - INFO - Attempt 1/4 for task task_20250404201222_6
2025-04-04 20:12:38 - execution_system - INFO - LLM indicated no suitable skill for task: task_20250404201222_6 ('Analyze the collected data for trends and insights')
2025-04-04 20:12:38 - execution_system - INFO - No suitable skill identified by LLM for task 'task_20250404201222_6' ('Analyze the collected data for trends and insights'). Marking as completed internal step.
2025-04-04 20:12:38 - execution_system - INFO - Task task_20250404201222_6 completed successfully in attempt 1.
2025-04-04 20:12:38 - execution_system - INFO - Finished execution for task task_20250404201222_6. Success: True, Time: 0.25s
2025-04-04 20:12:39 - execution_system - INFO - Executing task task_20250404201222_7: 'Validate the accuracy of the collected data and summary'
2025-04-04 20:12:39 - execution_system - INFO - Attempt 1/4 for task task_20250404201222_7
2025-04-04 20:12:39 - execution_system - INFO - LLM indicated no suitable skill for task: task_20250404201222_7 ('Validate the accuracy of the collected data and summary')
2025-04-04 20:12:39 - execution_system - INFO - No suitable skill identified by LLM for task 'task_20250404201222_7' ('Validate the accuracy of the collected data and summary'). Marking as completed internal step.
2025-04-04 20:12:39 - execution_system - INFO - Task task_20250404201222_7 completed successfully in attempt 1.
2025-04-04 20:12:39 - execution_system - INFO - Finished execution for task task_20250404201222_7. Success: True, Time: 0.24s
2025-04-04 20:12:40 - execution_system - INFO - Executing task task_20250404201222_8: 'Synthesize the results and prepare a final report on NVIDIA stock price and recent news'
2025-04-04 20:12:40 - execution_system - INFO - Attempt 1/4 for task task_20250404201222_8
2025-04-04 20:12:41 - execution_system - INFO - LLM successfully parsed task 'task_20250404201222_8' to skill: 'web', params: {'action': 'search', 'query': 'NVIDIA stock price and recent news'}
2025-04-04 20:12:41 - execution_system - INFO - Attempting to execute task 'task_20250404201222_8' using skill: 'web'
2025-04-04 20:12:42 - execution_system - INFO - Task task_20250404201222_8 completed successfully in attempt 1.
2025-04-04 20:12:42 - execution_system - INFO - Finished execution for task task_20250404201222_8. Success: True, Time: 1.32s
2025-04-04 20:14:44 - execution_system - INFO - Loaded 3 execution strategies.
2025-04-04 20:14:48 - execution_system - INFO - Executing task task_20250404201446_1: 'Define the scope of research for NVIDIA stock price and recent news'
2025-04-04 20:14:48 - execution_system - INFO - Attempt 1/4 for task task_20250404201446_1
2025-04-04 20:14:48 - execution_system - INFO - LLM successfully parsed task 'task_20250404201446_1' to skill: 'web', params: {'action': 'search', 'query': 'NVIDIA stock price and recent news'}
2025-04-04 20:14:48 - execution_system - INFO - Attempting to execute task 'task_20250404201446_1' using skill: 'web'
2025-04-04 20:14:50 - execution_system - INFO - Task task_20250404201446_1 completed successfully in attempt 1.
2025-04-04 20:14:50 - execution_system - INFO - Finished execution for task task_20250404201446_1. Success: True, Time: 1.55s
2025-04-04 20:15:22 - execution_system - INFO - Loaded 3 execution strategies.
2025-04-04 20:15:27 - execution_system - INFO - Executing task task_20250404201525_1: 'Define the scope of research for NVIDIA stock price and news'
2025-04-04 20:15:27 - execution_system - INFO - Attempt 1/4 for task task_20250404201525_1
2025-04-04 20:15:27 - execution_system - INFO - LLM successfully parsed task 'task_20250404201525_1' to skill: 'web', params: {'action': 'search', 'query': 'NVIDIA stock price and news'}
2025-04-04 20:15:27 - execution_system - INFO - Attempting to execute task 'task_20250404201525_1' using skill: 'web'
2025-04-04 20:15:29 - execution_system - INFO - Task task_20250404201525_1 completed successfully in attempt 1.
2025-04-04 20:15:29 - execution_system - INFO - Finished execution for task task_20250404201525_1. Success: True, Time: 1.58s
2025-04-04 20:15:30 - execution_system - INFO - Executing task task_20250404201525_2: 'Identify reliable sources for NVIDIA stock price information'
2025-04-04 20:15:30 - execution_system - INFO - Attempt 1/4 for task task_20250404201525_2
2025-04-04 20:15:30 - execution_system - INFO - LLM successfully parsed task 'task_20250404201525_2' to skill: 'web', params: {'action': 'search', 'query': 'NVIDIA stock price reliable sources'}
2025-04-04 20:15:30 - execution_system - INFO - Attempting to execute task 'task_20250404201525_2' using skill: 'web'
2025-04-04 20:15:32 - execution_system - INFO - Task task_20250404201525_2 completed successfully in attempt 1.
2025-04-04 20:15:32 - execution_system - INFO - Finished execution for task task_20250404201525_2. Success: True, Time: 1.76s
2025-04-04 20:15:33 - execution_system - INFO - Executing task task_20250404201525_3: 'Identify reliable sources for NVIDIA news and updates'
2025-04-04 20:15:33 - execution_system - INFO - Attempt 1/4 for task task_20250404201525_3
2025-04-04 20:15:33 - execution_system - INFO - LLM successfully parsed task 'task_20250404201525_3' to skill: 'web', params: {'action': 'search', 'query': 'NVIDIA news and updates'}
2025-04-04 20:15:33 - execution_system - INFO - Attempting to execute task 'task_20250404201525_3' using skill: 'web'
2025-04-04 20:15:35 - execution_system - INFO - Task task_20250404201525_3 completed successfully in attempt 1.
2025-04-04 20:15:35 - execution_system - INFO - Finished execution for task task_20250404201525_3. Success: True, Time: 1.51s
2025-04-04 20:15:36 - execution_system - INFO - Executing task task_20250404201525_4: 'Research the current price of NVIDIA stock'
2025-04-04 20:15:36 - execution_system - INFO - Attempt 1/4 for task task_20250404201525_4
2025-04-04 20:15:36 - execution_system - INFO - LLM successfully parsed task 'task_20250404201525_4' to skill: 'web', params: {'action': 'search', 'query': 'NVIDIA stock price'}
2025-04-04 20:15:36 - execution_system - INFO - Attempting to execute task 'task_20250404201525_4' using skill: 'web'
2025-04-04 20:15:37 - execution_system - INFO - Task task_20250404201525_4 completed successfully in attempt 1.
2025-04-04 20:15:37 - execution_system - INFO - Finished execution for task task_20250404201525_4. Success: True, Time: 1.67s
2025-04-04 20:15:39 - execution_system - INFO - Executing task task_20250404201525_5: 'Gather recent news articles about NVIDIA'
2025-04-04 20:15:39 - execution_system - INFO - Attempt 1/4 for task task_20250404201525_5
2025-04-04 20:15:39 - execution_system - INFO - LLM successfully parsed task 'task_20250404201525_5' to skill: 'web', params: {'action': 'search', 'query': 'NVIDIA recent news'}
2025-04-04 20:15:39 - execution_system - INFO - Attempting to execute task 'task_20250404201525_5' using skill: 'web'
2025-04-04 20:15:40 - execution_system - INFO - Task task_20250404201525_5 completed successfully in attempt 1.
2025-04-04 20:15:40 - execution_system - INFO - Finished execution for task task_20250404201525_5. Success: True, Time: 1.61s
2025-04-04 20:15:41 - execution_system - INFO - Executing task task_20250404201525_6: 'Summarize the recent news about NVIDIA'
2025-04-04 20:15:41 - execution_system - INFO - Attempt 1/4 for task task_20250404201525_6
2025-04-04 20:15:42 - execution_system - INFO - LLM successfully parsed task 'task_20250404201525_6' to skill: 'web', params: {'action': 'search', 'query': 'NVIDIA recent news'}
2025-04-04 20:15:42 - execution_system - INFO - Attempting to execute task 'task_20250404201525_6' using skill: 'web'
2025-04-04 20:15:43 - execution_system - INFO - Task task_20250404201525_6 completed successfully in attempt 1.
2025-04-04 20:15:43 - execution_system - INFO - Finished execution for task task_20250404201525_6. Success: True, Time: 1.84s
2025-04-04 20:15:45 - execution_system - INFO - Executing task task_20250404201525_7: 'Analyze the current price of NVIDIA stock in the context of recent news'
2025-04-04 20:15:45 - execution_system - INFO - Attempt 1/4 for task task_20250404201525_7
2025-04-04 20:15:45 - execution_system - INFO - LLM successfully parsed task 'task_20250404201525_7' to skill: 'web', params: {'action': 'search', 'query': 'NVIDIA stock price recent news'}
2025-04-04 20:15:45 - execution_system - INFO - Attempting to execute task 'task_20250404201525_7' using skill: 'web'
2025-04-04 20:15:46 - execution_system - INFO - Task task_20250404201525_7 completed successfully in attempt 1.
2025-04-04 20:15:46 - execution_system - INFO - Finished execution for task task_20250404201525_7. Success: True, Time: 1.69s
2025-04-04 20:15:47 - execution_system - INFO - Executing task task_20250404201525_8: 'Validate the accuracy of the gathered information'
2025-04-04 20:15:47 - execution_system - INFO - Attempt 1/4 for task task_20250404201525_8
2025-04-04 20:15:48 - execution_system - INFO - LLM indicated no suitable skill for task: task_20250404201525_8 ('Validate the accuracy of the gathered information')
2025-04-04 20:15:48 - execution_system - INFO - No suitable skill identified by LLM for task 'task_20250404201525_8' ('Validate the accuracy of the gathered information') and not identified as a synthesis task. Marking as completed internal step.
2025-04-04 20:15:48 - execution_system - INFO - Task task_20250404201525_8 completed successfully in attempt 1.
2025-04-04 20:15:48 - execution_system - INFO - Finished execution for task task_20250404201525_8. Success: True, Time: 0.23s
2025-04-04 20:15:49 - execution_system - INFO - Executing task task_20250404201525_9: 'Synthesize the results and prepare a final report on NVIDIA stock price and recent news'
2025-04-04 20:15:49 - execution_system - INFO - Attempt 1/4 for task task_20250404201525_9
2025-04-04 20:15:49 - execution_system - INFO - LLM successfully parsed task 'task_20250404201525_9' to skill: 'web', params: {'action': 'search', 'query': 'NVIDIA stock price and recent news'}
2025-04-04 20:15:49 - execution_system - INFO - Attempting to execute task 'task_20250404201525_9' using skill: 'web'
2025-04-04 20:15:50 - execution_system - INFO - Task task_20250404201525_9 completed successfully in attempt 1.
2025-04-04 20:15:50 - execution_system - INFO - Finished execution for task task_20250404201525_9. Success: True, Time: 1.44s
2025-04-04 20:16:36 - execution_system - INFO - Loaded 3 execution strategies.
2025-04-04 20:16:40 - execution_system - INFO - Executing task task_20250404201638_1: 'Define the scope of the research, including the specific stock symbol and news sources to consider'
2025-04-04 20:16:40 - execution_system - INFO - Attempt 1/4 for task task_20250404201638_1
2025-04-04 20:16:41 - execution_system - INFO - LLM indicated no suitable skill for task: task_20250404201638_1 ('Define the scope of the research, including the specific stock symbol and news sources to consider')
2025-04-04 20:16:41 - execution_system - INFO - No suitable skill identified by LLM for task 'task_20250404201638_1' ('Define the scope of the research, including the specific stock symbol and news sources to consider') and not identified as a synthesis task. Marking as completed internal step.
2025-04-04 20:16:41 - execution_system - INFO - Task task_20250404201638_1 completed successfully in attempt 1.
2025-04-04 20:16:41 - execution_system - INFO - Finished execution for task task_20250404201638_1. Success: True, Time: 0.24s
2025-04-04 20:16:42 - execution_system - INFO - Executing task task_20250404201638_2: 'Identify reliable financial data sources for current NVIDIA stock price'
2025-04-04 20:16:42 - execution_system - INFO - Attempt 1/4 for task task_20250404201638_2
2025-04-04 20:16:42 - execution_system - INFO - LLM successfully parsed task 'task_20250404201638_2' to skill: 'web', params: {'action': 'search', 'query': 'NVIDIA stock price'}
2025-04-04 20:16:42 - execution_system - INFO - Attempting to execute task 'task_20250404201638_2' using skill: 'web'
2025-04-04 20:16:44 - execution_system - INFO - Task task_20250404201638_2 completed successfully in attempt 1.
2025-04-04 20:16:44 - execution_system - INFO - Finished execution for task task_20250404201638_2. Success: True, Time: 1.68s
2025-04-04 20:16:45 - execution_system - INFO - Executing task task_20250404201638_3: 'Identify reliable news sources for recent NVIDIA company news'
2025-04-04 20:16:45 - execution_system - INFO - Attempt 1/4 for task task_20250404201638_3
2025-04-04 20:16:45 - execution_system - INFO - LLM successfully parsed task 'task_20250404201638_3' to skill: 'web', params: {'action': 'search', 'query': 'recent NVIDIA company news'}
2025-04-04 20:16:45 - execution_system - INFO - Attempting to execute task 'task_20250404201638_3' using skill: 'web'
2025-04-04 20:16:46 - execution_system - INFO - Task task_20250404201638_3 completed successfully in attempt 1.
2025-04-04 20:16:46 - execution_system - INFO - Finished execution for task task_20250404201638_3. Success: True, Time: 1.15s
2025-04-04 20:16:47 - execution_system - INFO - Executing task task_20250404201638_4: 'Retrieve the current price of NVIDIA stock from the identified financial data sources'
2025-04-04 20:16:47 - execution_system - INFO - Attempt 1/4 for task task_20250404201638_4
2025-04-04 20:16:47 - execution_system - INFO - LLM successfully parsed task 'task_20250404201638_4' to skill: 'web', params: {'action': 'search', 'query': 'NVIDIA stock price'}
2025-04-04 20:16:47 - execution_system - INFO - Attempting to execute task 'task_20250404201638_4' using skill: 'web'
2025-04-04 20:16:49 - execution_system - INFO - Task task_20250404201638_4 completed successfully in attempt 1.
2025-04-04 20:16:49 - execution_system - INFO - Finished execution for task task_20250404201638_4. Success: True, Time: 1.99s
2025-04-04 20:16:50 - execution_system - INFO - Executing task task_20250404201638_5: 'Retrieve recent news articles about NVIDIA from the identified news sources'
2025-04-04 20:16:50 - execution_system - INFO - Attempt 1/4 for task task_20250404201638_5
2025-04-04 20:16:51 - execution_system - INFO - LLM successfully parsed task 'task_20250404201638_5' to skill: 'web', params: {'action': 'search', 'query': 'NVIDIA recent news'}
2025-04-04 20:16:51 - execution_system - INFO - Attempting to execute task 'task_20250404201638_5' using skill: 'web'
2025-04-04 20:16:52 - execution_system - INFO - Task task_20250404201638_5 completed successfully in attempt 1.
2025-04-04 20:16:52 - execution_system - INFO - Finished execution for task task_20250404201638_5. Success: True, Time: 1.78s
2025-04-04 20:16:53 - execution_system - INFO - Executing task task_20250404201638_6: 'Analyze and summarize the recent news articles about NVIDIA'
2025-04-04 20:16:53 - execution_system - INFO - Attempt 1/4 for task task_20250404201638_6
2025-04-04 20:16:53 - execution_system - INFO - Task 'task_20250404201638_6' identified as synthesis task based on description. Executing internal synthesis logic...
2025-04-04 20:16:53 - execution_system - ERROR - Internal synthesis execution failed for task task_20250404201638_6: 'ExecutionSystem' object has no attribute '_synthesize_results'
Traceback (most recent call last):
  File "C:\Users\Administrator\Documents\GitHub\Jarvis-WIP\jarvis\execution.py", line 297, in _execute_with_strategy
    synthesis_result: ExecutionResult = self._synthesize_results(task)
                                        ^^^^^^^^^^^^^^^^^^^^^^^^
  File "C:\Users\Administrator\AppData\Local\Programs\Python\Python312\Lib\site-packages\pydantic\main.py", line 994, in __getattr__
    raise AttributeError(f'{type(self).__name__!r} object has no attribute {item!r}')
AttributeError: 'ExecutionSystem' object has no attribute '_synthesize_results'
2025-04-04 20:16:53 - execution_system - WARNING - Attempt 1 failed for task task_20250404201638_6: Internal synthesis execution failed for task task_20250404201638_6: 'ExecutionSystem' object has no attribute '_synthesize_results'
2025-04-04 20:16:53 - execution_system - INFO - Retrying task task_20250404201638_6 in 1.00 seconds...
2025-04-04 20:16:54 - execution_system - INFO - Attempt 2/4 for task task_20250404201638_6
2025-04-04 20:16:54 - execution_system - INFO - Task 'task_20250404201638_6' identified as synthesis task based on description. Executing internal synthesis logic...
2025-04-04 20:16:54 - execution_system - ERROR - Internal synthesis execution failed for task task_20250404201638_6: 'ExecutionSystem' object has no attribute '_synthesize_results'
Traceback (most recent call last):
  File "C:\Users\Administrator\Documents\GitHub\Jarvis-WIP\jarvis\execution.py", line 297, in _execute_with_strategy
    synthesis_result: ExecutionResult = self._synthesize_results(task)
                                        ^^^^^^^^^^^^^^^^^^^^^^^^
  File "C:\Users\Administrator\AppData\Local\Programs\Python\Python312\Lib\site-packages\pydantic\main.py", line 994, in __getattr__
    raise AttributeError(f'{type(self).__name__!r} object has no attribute {item!r}')
AttributeError: 'ExecutionSystem' object has no attribute '_synthesize_results'
2025-04-04 20:16:54 - execution_system - WARNING - Attempt 2 failed for task task_20250404201638_6: Internal synthesis execution failed for task task_20250404201638_6: 'ExecutionSystem' object has no attribute '_synthesize_results'
2025-04-04 20:16:54 - execution_system - INFO - Retrying task task_20250404201638_6 in 2.00 seconds...
2025-04-04 20:16:56 - execution_system - INFO - Attempt 3/4 for task task_20250404201638_6
2025-04-04 20:16:56 - execution_system - INFO - Task 'task_20250404201638_6' identified as synthesis task based on description. Executing internal synthesis logic...
2025-04-04 20:16:56 - execution_system - ERROR - Internal synthesis execution failed for task task_20250404201638_6: 'ExecutionSystem' object has no attribute '_synthesize_results'
Traceback (most recent call last):
  File "C:\Users\Administrator\Documents\GitHub\Jarvis-WIP\jarvis\execution.py", line 297, in _execute_with_strategy
    synthesis_result: ExecutionResult = self._synthesize_results(task)
                                        ^^^^^^^^^^^^^^^^^^^^^^^^
  File "C:\Users\Administrator\AppData\Local\Programs\Python\Python312\Lib\site-packages\pydantic\main.py", line 994, in __getattr__
    raise AttributeError(f'{type(self).__name__!r} object has no attribute {item!r}')
AttributeError: 'ExecutionSystem' object has no attribute '_synthesize_results'
2025-04-04 20:16:56 - execution_system - WARNING - Attempt 3 failed for task task_20250404201638_6: Internal synthesis execution failed for task task_20250404201638_6: 'ExecutionSystem' object has no attribute '_synthesize_results'
2025-04-04 20:16:56 - execution_system - INFO - Retrying task task_20250404201638_6 in 4.00 seconds...
2025-04-04 20:17:00 - execution_system - INFO - Attempt 4/4 for task task_20250404201638_6
2025-04-04 20:17:00 - execution_system - INFO - Task 'task_20250404201638_6' identified as synthesis task based on description. Executing internal synthesis logic...
2025-04-04 20:17:00 - execution_system - ERROR - Internal synthesis execution failed for task task_20250404201638_6: 'ExecutionSystem' object has no attribute '_synthesize_results'
Traceback (most recent call last):
  File "C:\Users\Administrator\Documents\GitHub\Jarvis-WIP\jarvis\execution.py", line 297, in _execute_with_strategy
    synthesis_result: ExecutionResult = self._synthesize_results(task)
                                        ^^^^^^^^^^^^^^^^^^^^^^^^
  File "C:\Users\Administrator\AppData\Local\Programs\Python\Python312\Lib\site-packages\pydantic\main.py", line 994, in __getattr__
    raise AttributeError(f'{type(self).__name__!r} object has no attribute {item!r}')
AttributeError: 'ExecutionSystem' object has no attribute '_synthesize_results'
2025-04-04 20:17:00 - execution_system - WARNING - Attempt 4 failed for task task_20250404201638_6: Internal synthesis execution failed for task task_20250404201638_6: 'ExecutionSystem' object has no attribute '_synthesize_results'
2025-04-04 20:17:00 - execution_system - ERROR - Task task_20250404201638_6 failed after maximum retries (3).
2025-04-04 20:17:00 - execution_system - INFO - Primary execution failed for task task_20250404201638_6. Trying fallback strategies...
2025-04-04 20:17:00 - execution_system - INFO - Attempting fallback strategy 'simple' for task task_20250404201638_6
2025-04-04 20:17:00 - execution_system - INFO - Task 'task_20250404201638_6' identified as synthesis task based on description. Executing internal synthesis logic...
2025-04-04 20:17:00 - execution_system - ERROR - Internal synthesis execution failed for task task_20250404201638_6: 'ExecutionSystem' object has no attribute '_synthesize_results'
Traceback (most recent call last):
  File "C:\Users\Administrator\Documents\GitHub\Jarvis-WIP\jarvis\execution.py", line 297, in _execute_with_strategy
    synthesis_result: ExecutionResult = self._synthesize_results(task)
                                        ^^^^^^^^^^^^^^^^^^^^^^^^
  File "C:\Users\Administrator\AppData\Local\Programs\Python\Python312\Lib\site-packages\pydantic\main.py", line 994, in __getattr__
    raise AttributeError(f'{type(self).__name__!r} object has no attribute {item!r}')
AttributeError: 'ExecutionSystem' object has no attribute '_synthesize_results'
2025-04-04 20:17:00 - execution_system - WARNING - Fallback strategy 'simple' failed for task task_20250404201638_6: Internal synthesis execution failed for task task_20250404201638_6: 'ExecutionSystem' object has no attribute '_synthesize_results'
2025-04-04 20:17:00 - execution_system - INFO - Attempting fallback strategy 'robust' for task task_20250404201638_6
2025-04-04 20:17:00 - execution_system - INFO - Task 'task_20250404201638_6' identified as synthesis task based on description. Executing internal synthesis logic...
2025-04-04 20:17:00 - execution_system - ERROR - Internal synthesis execution failed for task task_20250404201638_6: 'ExecutionSystem' object has no attribute '_synthesize_results'
Traceback (most recent call last):
  File "C:\Users\Administrator\Documents\GitHub\Jarvis-WIP\jarvis\execution.py", line 297, in _execute_with_strategy
    synthesis_result: ExecutionResult = self._synthesize_results(task)
                                        ^^^^^^^^^^^^^^^^^^^^^^^^
  File "C:\Users\Administrator\AppData\Local\Programs\Python\Python312\Lib\site-packages\pydantic\main.py", line 994, in __getattr__
    raise AttributeError(f'{type(self).__name__!r} object has no attribute {item!r}')
AttributeError: 'ExecutionSystem' object has no attribute '_synthesize_results'
2025-04-04 20:17:00 - execution_system - WARNING - Fallback strategy 'robust' failed for task task_20250404201638_6: Internal synthesis execution failed for task task_20250404201638_6: 'ExecutionSystem' object has no attribute '_synthesize_results'
2025-04-04 20:17:00 - execution_system - INFO - Finished execution for task task_20250404201638_6. Success: False, Time: 7.05s
2025-04-04 20:17:01 - execution_system - INFO - Task task_20250404201638_6 failure diagnosis: Diagnosis: The error message indicates that the 'ExecutionSystem' object is missing the '_synthesize_results' attribute, which is necessary for task execution. This suggests a potential bug or inconsistency in the skill or execution system, possibly due to outdated or incorrect code. The task's metadata shows that it is in the execution phase, which implies that the issue lies in the internal synthesis process.

Suggestion: Retry the task after verifying the execution system's code and dependencies. If the issue persists, consider modifying the plan to use a fallback skill or an alternative execution system. Additionally, report the bug to the development team for further investigation and resolution. It may also be helpful to check the plan_id and task_id for any specific configurations or customizations that could
2025-04-04 20:17:45 - execution_system - INFO - Loaded 3 execution strategies.
2025-04-04 20:17:50 - execution_system - INFO - Executing task task_20250404201748_1: 'Define the scope of the research, including the specific stock symbol and news sources to monitor'
2025-04-04 20:17:50 - execution_system - INFO - Attempt 1/4 for task task_20250404201748_1
2025-04-04 20:17:51 - execution_system - INFO - LLM indicated no suitable skill for task: task_20250404201748_1 ('Define the scope of the research, including the specific stock symbol and news sources to monitor')
2025-04-04 20:17:51 - execution_system - INFO - No suitable skill identified by LLM for task 'task_20250404201748_1' ('Define the scope of the research, including the specific stock symbol and news sources to monitor') and not identified as a synthesis task. Marking as completed internal step.
2025-04-04 20:17:51 - execution_system - INFO - Task task_20250404201748_1 completed successfully in attempt 1.
2025-04-04 20:17:51 - execution_system - INFO - Finished execution for task task_20250404201748_1. Success: True, Time: 0.24s
2025-04-04 20:17:52 - execution_system - INFO - Executing task task_20250404201748_2: 'Identify reliable financial data sources for current stock prices, such as Yahoo Finance or Bloomberg'
2025-04-04 20:17:52 - execution_system - INFO - Attempt 1/4 for task task_20250404201748_2
2025-04-04 20:17:52 - execution_system - INFO - LLM successfully parsed task 'task_20250404201748_2' to skill: 'web', params: {'action': 'search', 'query': 'reliable financial data sources for current stock prices'}
2025-04-04 20:17:52 - execution_system - INFO - Attempting to execute task 'task_20250404201748_2' using skill: 'web'
2025-04-04 20:17:53 - execution_system - INFO - Task task_20250404201748_2 completed successfully in attempt 1.
2025-04-04 20:17:53 - execution_system - INFO - Finished execution for task task_20250404201748_2. Success: True, Time: 1.26s
2025-04-04 20:17:54 - execution_system - INFO - Executing task task_20250404201748_3: 'Determine the time frame for recent news, such as the last week or month'
2025-04-04 20:17:54 - execution_system - INFO - Attempt 1/4 for task task_20250404201748_3
2025-04-04 20:17:55 - execution_system - INFO - LLM indicated no suitable skill for task: task_20250404201748_3 ('Determine the time frame for recent news, such as the last week or month')
2025-04-04 20:17:55 - execution_system - INFO - No suitable skill identified by LLM for task 'task_20250404201748_3' ('Determine the time frame for recent news, such as the last week or month') and not identified as a synthesis task. Marking as completed internal step.
2025-04-04 20:17:55 - execution_system - INFO - Task task_20250404201748_3 completed successfully in attempt 1.
2025-04-04 20:17:55 - execution_system - INFO - Finished execution for task task_20250404201748_3. Success: True, Time: 0.25s
2025-04-04 20:17:56 - execution_system - INFO - Executing task task_20250404201748_4: 'Research the current price of NVIDIA stock using the identified financial data sources'
2025-04-04 20:17:56 - execution_system - INFO - Attempt 1/4 for task task_20250404201748_4
2025-04-04 20:17:56 - execution_system - INFO - LLM successfully parsed task 'task_20250404201748_4' to skill: 'web', params: {'action': 'search', 'query': 'NVIDIA stock price'}
2025-04-04 20:17:56 - execution_system - INFO - Attempting to execute task 'task_20250404201748_4' using skill: 'web'
2025-04-04 20:17:58 - execution_system - INFO - Task task_20250404201748_4 completed successfully in attempt 1.
2025-04-04 20:17:58 - execution_system - INFO - Finished execution for task task_20250404201748_4. Success: True, Time: 2.03s
2025-04-04 20:17:59 - execution_system - INFO - Executing task task_20250404201748_5: 'Gather recent news articles about NVIDIA from reputable sources, such as CNBC or The Wall Street Journal'
2025-04-04 20:17:59 - execution_system - INFO - Attempt 1/4 for task task_20250404201748_5
2025-04-04 20:17:59 - execution_system - INFO - LLM successfully parsed task 'task_20250404201748_5' to skill: 'web', params: {'action': 'search', 'query': 'NVIDIA news'}
2025-04-04 20:17:59 - execution_system - INFO - Attempting to execute task 'task_20250404201748_5' using skill: 'web'
2025-04-04 20:18:00 - execution_system - INFO - Task task_20250404201748_5 completed successfully in attempt 1.
2025-04-04 20:18:00 - execution_system - INFO - Finished execution for task task_20250404201748_5. Success: True, Time: 1.24s
2025-04-04 20:18:02 - execution_system - INFO - Executing task task_20250404201748_6: 'Analyze the gathered news articles to identify key trends, announcements, or events'
2025-04-04 20:18:02 - execution_system - INFO - Attempt 1/4 for task task_20250404201748_6
2025-04-04 20:18:02 - execution_system - INFO - LLM indicated no suitable skill for task: task_20250404201748_6 ('Analyze the gathered news articles to identify key trends, announcements, or events')
2025-04-04 20:18:02 - execution_system - INFO - No suitable skill identified by LLM for task 'task_20250404201748_6' ('Analyze the gathered news articles to identify key trends, announcements, or events') and not identified as a synthesis task. Marking as completed internal step.
2025-04-04 20:18:02 - execution_system - INFO - Task task_20250404201748_6 completed successfully in attempt 1.
2025-04-04 20:18:02 - execution_system - INFO - Finished execution for task task_20250404201748_6. Success: True, Time: 0.24s
2025-04-04 20:18:03 - execution_system - INFO - Executing task task_20250404201748_7: 'Summarize the current stock price and recent news trends in a concise format'
2025-04-04 20:18:03 - execution_system - INFO - Attempt 1/4 for task task_20250404201748_7
2025-04-04 20:18:03 - execution_system - INFO - Task 'task_20250404201748_7' identified as synthesis task based on description. Executing internal synthesis logic...
2025-04-04 20:18:08 - execution_system - INFO - Task task_20250404201748_7 completed successfully in attempt 1.
2025-04-04 20:18:08 - execution_system - INFO - Finished execution for task task_20250404201748_7. Success: True, Time: 5.18s
2025-04-04 20:18:09 - execution_system - INFO - Executing task task_20250404201748_8: 'Validate the accuracy of the gathered information and summary'
2025-04-04 20:18:09 - execution_system - INFO - Attempt 1/4 for task task_20250404201748_8
2025-04-04 20:18:17 - execution_system - INFO - LLM indicated no suitable skill for task: task_20250404201748_8 ('Validate the accuracy of the gathered information and summary')
2025-04-04 20:18:17 - execution_system - INFO - No suitable skill identified by LLM for task 'task_20250404201748_8' ('Validate the accuracy of the gathered information and summary') and not identified as a synthesis task. Marking as completed internal step.
2025-04-04 20:18:17 - execution_system - INFO - Task task_20250404201748_8 completed successfully in attempt 1.
2025-04-04 20:18:17 - execution_system - INFO - Finished execution for task task_20250404201748_8. Success: True, Time: 7.46s
2025-04-04 20:18:18 - execution_system - INFO - Executing task task_20250404201748_9: 'Synthesize the results, including the current stock price and recent news summary, into a final report'
2025-04-04 20:18:18 - execution_system - INFO - Attempt 1/4 for task task_20250404201748_9
2025-04-04 20:18:18 - execution_system - INFO - Task 'task_20250404201748_9' identified as synthesis task based on description. Executing internal synthesis logic...
2025-04-04 20:18:40 - execution_system - INFO - Task task_20250404201748_9 completed successfully in attempt 1.
2025-04-04 20:18:40 - execution_system - INFO - Finished execution for task task_20250404201748_9. Success: True, Time: 22.23s
2025-04-04 20:19:30 - execution_system - INFO - Loaded 3 execution strategies.
2025-04-04 20:19:52 - execution_system - INFO - Executing task task_20250404201950_1: 'Define the scope of the research, including specific stock exchange and news sources'
2025-04-04 20:19:52 - execution_system - INFO - Attempt 1/4 for task task_20250404201950_1
2025-04-04 20:19:52 - execution_system - INFO - LLM indicated no suitable skill for task: task_20250404201950_1 ('Define the scope of the research, including specific stock exchange and news sources')
2025-04-04 20:19:52 - execution_system - INFO - No suitable skill identified by LLM for task 'task_20250404201950_1' ('Define the scope of the research, including specific stock exchange and news sources') and not identified as a synthesis task. Marking as completed internal step.
2025-04-04 20:19:52 - execution_system - INFO - Task task_20250404201950_1 completed successfully in attempt 1.
2025-04-04 20:19:52 - execution_system - INFO - Finished execution for task task_20250404201950_1. Success: True, Time: 0.24s
2025-04-04 20:19:53 - execution_system - INFO - Executing task task_20250404201950_2: 'Identify reliable financial data sources for current NVIDIA stock price'
2025-04-04 20:19:53 - execution_system - INFO - Attempt 1/4 for task task_20250404201950_2
2025-04-04 20:19:54 - execution_system - INFO - LLM successfully parsed task 'task_20250404201950_2' to skill: 'web', params: {'action': 'search', 'query': 'NVIDIA stock price'}
2025-04-04 20:19:54 - execution_system - INFO - Attempting to execute task 'task_20250404201950_2' using skill: 'web'
2025-04-04 20:19:55 - execution_system - INFO - Task task_20250404201950_2 completed successfully in attempt 1.
2025-04-04 20:19:55 - execution_system - INFO - Finished execution for task task_20250404201950_2. Success: True, Time: 1.88s
2025-04-04 20:19:57 - execution_system - INFO - Executing task task_20250404201950_3: 'Identify reliable news sources for recent NVIDIA company news'
2025-04-04 20:19:57 - execution_system - INFO - Attempt 1/4 for task task_20250404201950_3
2025-04-04 20:19:57 - execution_system - INFO - LLM successfully parsed task 'task_20250404201950_3' to skill: 'web', params: {'action': 'search', 'query': 'recent NVIDIA company news'}
2025-04-04 20:19:57 - execution_system - INFO - Attempting to execute task 'task_20250404201950_3' using skill: 'web'
2025-04-04 20:19:58 - execution_system - INFO - Task task_20250404201950_3 completed successfully in attempt 1.
2025-04-04 20:19:58 - execution_system - INFO - Finished execution for task task_20250404201950_3. Success: True, Time: 1.67s
2025-04-04 20:19:59 - execution_system - INFO - Executing task task_20250404201950_4: 'Retrieve the current price of NVIDIA stock from identified financial data sources'
2025-04-04 20:19:59 - execution_system - INFO - Attempt 1/4 for task task_20250404201950_4
2025-04-04 20:20:00 - execution_system - INFO - LLM successfully parsed task 'task_20250404201950_4' to skill: 'web', params: {'action': 'search', 'query': 'NVIDIA stock price'}
2025-04-04 20:20:00 - execution_system - INFO - Attempting to execute task 'task_20250404201950_4' using skill: 'web'
2025-04-04 20:20:01 - execution_system - INFO - Task task_20250404201950_4 completed successfully in attempt 1.
2025-04-04 20:20:01 - execution_system - INFO - Finished execution for task task_20250404201950_4. Success: True, Time: 1.82s
2025-04-04 20:20:03 - execution_system - INFO - Executing task task_20250404201950_5: 'Retrieve recent news articles about NVIDIA from identified news sources'
2025-04-04 20:20:03 - execution_system - INFO - Attempt 1/4 for task task_20250404201950_5
2025-04-04 20:20:03 - execution_system - INFO - LLM successfully parsed task 'task_20250404201950_5' to skill: 'web', params: {'action': 'search', 'query': 'NVIDIA recent news'}
2025-04-04 20:20:03 - execution_system - INFO - Attempting to execute task 'task_20250404201950_5' using skill: 'web'
2025-04-04 20:20:04 - execution_system - INFO - Task task_20250404201950_5 completed successfully in attempt 1.
2025-04-04 20:20:04 - execution_system - INFO - Finished execution for task task_20250404201950_5. Success: True, Time: 1.43s
2025-04-04 20:20:05 - execution_system - INFO - Executing task task_20250404201950_6: 'Analyze and summarize the retrieved news articles'
2025-04-04 20:20:05 - execution_system - INFO - Attempt 1/4 for task task_20250404201950_6
2025-04-04 20:20:05 - execution_system - INFO - Task 'task_20250404201950_6' identified as synthesis task based on description. Executing internal synthesis logic...
2025-04-04 20:20:06 - execution_system - INFO - Task task_20250404201950_6 completed successfully in attempt 1.
2025-04-04 20:20:06 - execution_system - INFO - Finished execution for task task_20250404201950_6. Success: True, Time: 1.18s
2025-04-04 20:20:08 - execution_system - INFO - Executing task task_20250404201950_7: 'Combine the current stock price with the summarized news for a comprehensive overview'
2025-04-04 20:20:08 - execution_system - INFO - Attempt 1/4 for task task_20250404201950_7
2025-04-04 20:20:08 - execution_system - INFO - Task 'task_20250404201950_7' identified as synthesis task based on description. Executing internal synthesis logic...
2025-04-04 20:20:31 - execution_system - INFO - Task task_20250404201950_7 completed successfully in attempt 1.
2025-04-04 20:20:31 - execution_system - INFO - Finished execution for task task_20250404201950_7. Success: True, Time: 23.25s
2025-04-04 20:20:32 - execution_system - INFO - Executing task task_20250404201950_8: 'Validate the accuracy of the retrieved stock price and news summary'
2025-04-04 20:20:32 - execution_system - INFO - Attempt 1/4 for task task_20250404201950_8
2025-04-04 20:20:40 - execution_system - INFO - LLM indicated no suitable skill for task: task_20250404201950_8 ('Validate the accuracy of the retrieved stock price and news summary')
2025-04-04 20:20:40 - execution_system - INFO - No suitable skill identified by LLM for task 'task_20250404201950_8' ('Validate the accuracy of the retrieved stock price and news summary') and not identified as a synthesis task. Marking as completed internal step.
2025-04-04 20:20:40 - execution_system - INFO - Task task_20250404201950_8 completed successfully in attempt 1.
2025-04-04 20:20:40 - execution_system - INFO - Finished execution for task task_20250404201950_8. Success: True, Time: 7.53s
2025-04-04 20:20:41 - execution_system - INFO - Executing task task_20250404201950_9: 'Prepare a final report synthesizing the current NVIDIA stock price and recent news summary'
2025-04-04 20:20:41 - execution_system - INFO - Attempt 1/4 for task task_20250404201950_9
2025-04-04 20:20:41 - execution_system - INFO - Task 'task_20250404201950_9' identified as synthesis task based on description. Executing internal synthesis logic...
2025-04-04 20:21:08 - execution_system - INFO - Task task_20250404201950_9 completed successfully in attempt 1.
2025-04-04 20:21:08 - execution_system - INFO - Finished execution for task task_20250404201950_9. Success: True, Time: 27.31s
2025-04-04 20:48:19 - execution_system - INFO - Loaded 3 execution strategies.
2025-04-04 20:48:41 - execution_system - INFO - Executing task task_20250404204839_1: 'Define the scope of the search, including the specific stock symbol and desired time frame for the price data'
2025-04-04 20:48:41 - execution_system - INFO - Attempt 1/4 for task task_20250404204839_1
2025-04-04 20:48:41 - execution_system - INFO - LLM successfully parsed task 'task_20250404204839_1' to skill: 'web', params: {'action': 'search', 'query': 'stock symbol price data'}
2025-04-04 20:48:41 - execution_system - INFO - Attempting to execute task 'task_20250404204839_1' using skill: 'web'
2025-04-04 20:48:43 - execution_system - INFO - Task task_20250404204839_1 completed successfully in attempt 1.
2025-04-04 20:48:43 - execution_system - INFO - Finished execution for task task_20250404204839_1. Success: True, Time: 1.77s
2025-04-04 20:48:44 - execution_system - INFO - Executing task task_20250404204839_2: 'Identify reliable sources for real-time and historical stock price data, such as financial APIs or websites'
2025-04-04 20:48:44 - execution_system - INFO - Attempt 1/4 for task task_20250404204839_2
2025-04-04 20:48:44 - execution_system - INFO - LLM successfully parsed task 'task_20250404204839_2' to skill: 'web', params: {'action': 'search', 'query': 'reliable sources for real-time and historical stock price data'}
2025-04-04 20:48:44 - execution_system - INFO - Attempting to execute task 'task_20250404204839_2' using skill: 'web'
2025-04-04 20:48:45 - execution_system - INFO - Task task_20250404204839_2 completed successfully in attempt 1.
2025-04-04 20:48:45 - execution_system - INFO - Finished execution for task task_20250404204839_2. Success: True, Time: 1.54s
2025-04-04 20:48:47 - execution_system - INFO - Executing task task_20250404204839_3: 'Research and gather information on the current price of NVIDIA stock'
2025-04-04 20:48:47 - execution_system - INFO - Attempt 1/4 for task task_20250404204839_3
2025-04-04 20:48:47 - execution_system - INFO - LLM successfully parsed task 'task_20250404204839_3' to skill: 'web', params: {'action': 'search', 'query': 'NVIDIA stock current price'}
2025-04-04 20:48:47 - execution_system - INFO - Attempting to execute task 'task_20250404204839_3' using skill: 'web'
2025-04-04 20:48:48 - execution_system - INFO - Task task_20250404204839_3 completed successfully in attempt 1.
2025-04-04 20:48:48 - execution_system - INFO - Finished execution for task task_20250404204839_3. Success: True, Time: 1.37s
2025-04-04 20:48:49 - execution_system - INFO - Executing task task_20250404204839_4: 'Collect and organize historical price data for analysis and comparison'
2025-04-04 20:48:49 - execution_system - INFO - Attempt 1/4 for task task_20250404204839_4
2025-04-04 20:48:50 - execution_system - INFO - LLM indicated no suitable skill for task: task_20250404204839_4 ('Collect and organize historical price data for analysis and comparison')
2025-04-04 20:48:50 - execution_system - INFO - No suitable skill identified by LLM for task 'task_20250404204839_4' ('Collect and organize historical price data for analysis and comparison') and not identified as a synthesis task. Marking as completed internal step.
2025-04-04 20:48:50 - execution_system - INFO - Task task_20250404204839_4 completed successfully in attempt 1.
2025-04-04 20:48:50 - execution_system - INFO - Finished execution for task task_20250404204839_4. Success: True, Time: 0.23s
2025-04-04 20:48:51 - execution_system - INFO - Executing task task_20250404204839_5: 'Analyze the collected data to identify trends, patterns, or notable changes in the stock price'
2025-04-04 20:48:51 - execution_system - INFO - Attempt 1/4 for task task_20250404204839_5
2025-04-04 20:48:51 - execution_system - INFO - LLM indicated no suitable skill for task: task_20250404204839_5 ('Analyze the collected data to identify trends, patterns, or notable changes in the stock price')
2025-04-04 20:48:51 - execution_system - INFO - No suitable skill identified by LLM for task 'task_20250404204839_5' ('Analyze the collected data to identify trends, patterns, or notable changes in the stock price') and not identified as a synthesis task. Marking as completed internal step.
2025-04-04 20:48:51 - execution_system - INFO - Task task_20250404204839_5 completed successfully in attempt 1.
2025-04-04 20:48:51 - execution_system - INFO - Finished execution for task task_20250404204839_5. Success: True, Time: 0.21s
2025-04-04 20:48:52 - execution_system - INFO - Executing task task_20250404204839_6: 'Create a report outline, including sections for introduction, methodology, results, and conclusion'
2025-04-04 20:48:52 - execution_system - INFO - Attempt 1/4 for task task_20250404204839_6
2025-04-04 20:48:52 - execution_system - INFO - Task 'task_20250404204839_6' identified as synthesis task based on description. Executing internal synthesis logic...
2025-04-04 20:48:54 - execution_system - INFO - Task task_20250404204839_6 completed successfully in attempt 1.
2025-04-04 20:48:54 - execution_system - INFO - Finished execution for task task_20250404204839_6. Success: True, Time: 1.37s
2025-04-04 20:48:55 - execution_system - INFO - Executing task task_20250404204839_7: 'Compile the analyzed data and research findings into a comprehensive report'
2025-04-04 20:48:55 - execution_system - INFO - Attempt 1/4 for task task_20250404204839_7
2025-04-04 20:48:55 - execution_system - INFO - Task 'task_20250404204839_7' identified as synthesis task based on description. Executing internal synthesis logic...
2025-04-04 20:49:13 - execution_system - INFO - Task task_20250404204839_7 completed successfully in attempt 1.
2025-04-04 20:49:13 - execution_system - INFO - Finished execution for task task_20250404204839_7. Success: True, Time: 18.56s
2025-04-04 20:49:15 - execution_system - INFO - Executing task task_20250404204839_8: 'Synthesize the results, finalize the report, and prepare a response for the user'
2025-04-04 20:49:15 - execution_system - INFO - Attempt 1/4 for task task_20250404204839_8
2025-04-04 20:49:15 - execution_system - INFO - Task 'task_20250404204839_8' identified as synthesis task based on description. Executing internal synthesis logic...
2025-04-04 20:49:40 - execution_system - INFO - Task task_20250404204839_8 completed successfully in attempt 1.
2025-04-04 20:49:40 - execution_system - INFO - Finished execution for task task_20250404204839_8. Success: True, Time: 25.67s
