2025-04-04 20:59:22 - jarvis.execution - INFO - Loaded 3 execution strategies.
2025-04-04 21:00:44 - jarvis.execution - INFO - Loaded 3 execution strategies.
2025-04-04 21:00:49 - jarvis.execution - INFO - Executing task task_20250404210047_1: 'Define the scope of the report, including the time frame for stock price data and the type of news to be included'
2025-04-04 21:00:49 - jarvis.execution - INFO - Attempt 1/4 for task task_20250404210047_1
2025-04-04 21:00:49 - jarvis.execution - INFO - Task 'task_20250404210047_1' identified as synthesis task based on description. Executing internal synthesis logic...
2025-04-04 21:00:49 - jarvis.execution - WARNING - No previous outputs found in plan plan_20250404210046 for synthesis task task_20250404210047_1.
2025-04-04 21:00:49 - jarvis.execution - INFO - Task task_20250404210047_1 completed successfully in attempt 1.
2025-04-04 21:00:49 - jarvis.execution - INFO - Finished execution for task task_20250404210047_1. Success: True, Time: 0.32s
2025-04-04 21:00:50 - jarvis.execution - INFO - Executing task task_20250404210047_2: 'Identify reliable sources for Nvidia stock price data, such as financial websites or APIs'
2025-04-04 21:00:50 - jarvis.execution - INFO - Attempt 1/4 for task task_20250404210047_2
2025-04-04 21:00:50 - jarvis.execution - INFO - LLM successfully parsed task 'task_20250404210047_2' to skill: 'web', params: {'action': 'search', 'query': 'Nvidia stock price data'}
2025-04-04 21:00:50 - jarvis.execution - INFO - Attempting to execute task 'task_20250404210047_2' using skill: 'web'
2025-04-04 21:00:51 - jarvis.execution - INFO - Task task_20250404210047_2 completed successfully in attempt 1.
2025-04-04 21:00:51 - jarvis.execution - INFO - Finished execution for task task_20250404210047_2. Success: True, Time: 1.52s
2025-04-04 21:00:51 - jarvis.execution - INFO - Executing task task_20250404210047_3: 'Research and gather historical stock price data for Nvidia from the identified sources'
2025-04-04 21:00:51 - jarvis.execution - INFO - Attempt 1/4 for task task_20250404210047_3
2025-04-04 21:00:52 - jarvis.execution - INFO - LLM indicated no suitable skill for task: task_20250404210047_3 ('Research and gather historical stock price data for Nvidia from the identified sources')
2025-04-04 21:00:52 - jarvis.execution - INFO - No suitable skill identified by LLM for task 'task_20250404210047_3' ('Research and gather historical stock price data for Nvidia from the identified sources') and not identified as a synthesis task. Marking as completed internal step.
2025-04-04 21:00:52 - jarvis.execution - INFO - Task task_20250404210047_3 completed successfully in attempt 1.
2025-04-04 21:00:52 - jarvis.execution - INFO - Finished execution for task task_20250404210047_3. Success: True, Time: 0.25s
2025-04-04 21:00:52 - jarvis.execution - INFO - Executing task task_20250404210047_4: 'Research and gather recent news about Nvidia from reputable news sources'
2025-04-04 21:00:52 - jarvis.execution - INFO - Attempt 1/4 for task task_20250404210047_4
2025-04-04 21:00:52 - jarvis.execution - INFO - LLM successfully parsed task 'task_20250404210047_4' to skill: 'web', params: {'action': 'search', 'query': 'Nvidia recent news'}
2025-04-04 21:00:52 - jarvis.execution - INFO - Attempting to execute task 'task_20250404210047_4' using skill: 'web'
2025-04-04 21:00:53 - jarvis.execution - INFO - Task task_20250404210047_4 completed successfully in attempt 1.
2025-04-04 21:00:53 - jarvis.execution - INFO - Finished execution for task task_20250404210047_4. Success: True, Time: 1.40s
2025-04-04 21:00:54 - jarvis.execution - INFO - Executing task task_20250404210047_5: 'Analyze the gathered stock price data to identify trends and patterns'
2025-04-04 21:00:54 - jarvis.execution - INFO - Attempt 1/4 for task task_20250404210047_5
2025-04-04 21:00:54 - jarvis.execution - INFO - LLM indicated no suitable skill for task: task_20250404210047_5 ('Analyze the gathered stock price data to identify trends and patterns')
2025-04-04 21:00:54 - jarvis.execution - INFO - No suitable skill identified by LLM for task 'task_20250404210047_5' ('Analyze the gathered stock price data to identify trends and patterns') and not identified as a synthesis task. Marking as completed internal step.
2025-04-04 21:00:54 - jarvis.execution - INFO - Task task_20250404210047_5 completed successfully in attempt 1.
2025-04-04 21:00:54 - jarvis.execution - INFO - Finished execution for task task_20250404210047_5. Success: True, Time: 0.24s
2025-04-04 21:00:54 - jarvis.execution - INFO - Executing task task_20250404210047_6: 'Summarize the recent news about Nvidia, focusing on key events and developments'
2025-04-04 21:00:54 - jarvis.execution - INFO - Attempt 1/4 for task task_20250404210047_6
2025-04-04 21:00:54 - jarvis.execution - INFO - Task 'task_20250404210047_6' identified as synthesis task based on description. Executing internal synthesis logic...
2025-04-04 21:00:55 - jarvis.execution - INFO - Task task_20250404210047_6 completed successfully in attempt 1.
2025-04-04 21:00:55 - jarvis.execution - INFO - Finished execution for task task_20250404210047_6. Success: True, Time: 0.92s
2025-04-04 21:00:55 - jarvis.execution - INFO - Executing task task_20250404210047_7: 'Combine the analyzed stock price data and summarized news into a comprehensive report'
2025-04-04 21:00:55 - jarvis.execution - INFO - Attempt 1/4 for task task_20250404210047_7
2025-04-04 21:00:55 - jarvis.execution - INFO - Task 'task_20250404210047_7' identified as synthesis task based on description. Executing internal synthesis logic...
2025-04-04 21:01:00 - jarvis.execution - INFO - Task task_20250404210047_7 completed successfully in attempt 1.
2025-04-04 21:01:00 - jarvis.execution - INFO - Finished execution for task task_20250404210047_7. Success: True, Time: 4.89s
2025-04-04 21:01:00 - jarvis.execution - INFO - Executing task task_20250404210047_8: 'Review and validate the report for accuracy and completeness'
2025-04-04 21:01:00 - jarvis.execution - INFO - Attempt 1/4 for task task_20250404210047_8
2025-04-04 21:01:00 - jarvis.execution - INFO - Task 'task_20250404210047_8' identified as synthesis task based on description. Executing internal synthesis logic...
2025-04-04 21:01:16 - jarvis.execution - INFO - Task task_20250404210047_8 completed successfully in attempt 1.
2025-04-04 21:01:16 - jarvis.execution - INFO - Finished execution for task task_20250404210047_8. Success: True, Time: 15.99s
2025-04-04 21:01:58 - jarvis.execution - INFO - Loaded 3 execution strategies.
2025-04-04 21:02:05 - jarvis.execution - INFO - Executing task task_20250404210203_1: 'Define the scope of the report, including the time period and specific data points to include'
2025-04-04 21:02:05 - jarvis.execution - INFO - Attempt 1/4 for task task_20250404210203_1
2025-04-04 21:02:05 - jarvis.execution - INFO - Task 'task_20250404210203_1' identified as synthesis task based on description. Executing internal synthesis logic...
2025-04-04 21:02:05 - jarvis.execution - WARNING - No previous outputs found in plan plan_20250404210203 for synthesis task task_20250404210203_1.
2025-04-04 21:02:05 - jarvis.execution - INFO - Task task_20250404210203_1 completed successfully in attempt 1.
2025-04-04 21:02:05 - jarvis.execution - INFO - Finished execution for task task_20250404210203_1. Success: True, Time: 0.25s
2025-04-04 21:02:06 - jarvis.execution - INFO - Executing task task_20250404210203_2: 'Research and identify reliable sources for Nvidia stock price data'
2025-04-04 21:02:06 - jarvis.execution - INFO - Attempt 1/4 for task task_20250404210203_2
2025-04-04 21:02:06 - jarvis.execution - INFO - LLM successfully parsed task 'task_20250404210203_2' to skill: 'web', params: {'action': 'search', 'query': 'Nvidia stock price data reliable sources'}
2025-04-04 21:02:06 - jarvis.execution - INFO - Attempting to execute task 'task_20250404210203_2' using skill: 'web'
2025-04-04 21:02:07 - jarvis.execution - INFO - Task task_20250404210203_2 completed successfully in attempt 1.
2025-04-04 21:02:07 - jarvis.execution - INFO - Finished execution for task task_20250404210203_2. Success: True, Time: 1.36s
2025-04-04 21:02:07 - jarvis.execution - INFO - Executing task task_20250404210203_3: 'Retrieve historical and current Nvidia stock price data from the identified sources'
2025-04-04 21:02:07 - jarvis.execution - INFO - Attempt 1/4 for task task_20250404210203_3
2025-04-04 21:02:07 - jarvis.execution - INFO - LLM successfully parsed task 'task_20250404210203_3' to skill: 'web', params: {'action': 'search', 'query': 'Nvidia stock price'}
2025-04-04 21:02:07 - jarvis.execution - INFO - Attempting to execute task 'task_20250404210203_3' using skill: 'web'
2025-04-04 21:02:09 - jarvis.execution - INFO - Task task_20250404210203_3 completed successfully in attempt 1.
2025-04-04 21:02:09 - jarvis.execution - INFO - Finished execution for task task_20250404210203_3. Success: True, Time: 1.76s
2025-04-04 21:02:09 - jarvis.execution - INFO - Executing task task_20250404210203_4: 'Analyze the retrieved stock price data to identify trends and patterns'
2025-04-04 21:02:09 - jarvis.execution - INFO - Attempt 1/4 for task task_20250404210203_4
2025-04-04 21:02:09 - jarvis.execution - INFO - LLM indicated no suitable skill for task: task_20250404210203_4 ('Analyze the retrieved stock price data to identify trends and patterns')
2025-04-04 21:02:09 - jarvis.execution - INFO - No suitable skill identified by LLM for task 'task_20250404210203_4' ('Analyze the retrieved stock price data to identify trends and patterns') and not identified as a synthesis task. Marking as completed internal step.
2025-04-04 21:02:09 - jarvis.execution - INFO - Task task_20250404210203_4 completed successfully in attempt 1.
2025-04-04 21:02:09 - jarvis.execution - INFO - Finished execution for task task_20250404210203_4. Success: True, Time: 0.24s
2025-04-04 21:02:10 - jarvis.execution - INFO - Executing task task_20250404210203_5: 'Research and gather recent news about Nvidia'
2025-04-04 21:02:10 - jarvis.execution - INFO - Attempt 1/4 for task task_20250404210203_5
2025-04-04 21:02:10 - jarvis.execution - INFO - LLM successfully parsed task 'task_20250404210203_5' to skill: 'web', params: {'action': 'search', 'query': 'Nvidia recent news'}
2025-04-04 21:02:10 - jarvis.execution - INFO - Attempting to execute task 'task_20250404210203_5' using skill: 'web'
2025-04-04 21:02:11 - jarvis.execution - INFO - Task task_20250404210203_5 completed successfully in attempt 1.
2025-04-04 21:02:11 - jarvis.execution - INFO - Finished execution for task task_20250404210203_5. Success: True, Time: 1.42s
2025-04-04 21:02:11 - jarvis.execution - INFO - Executing task task_20250404210203_6: 'Summarize the recent news about Nvidia'
2025-04-04 21:02:11 - jarvis.execution - INFO - Attempt 1/4 for task task_20250404210203_6
2025-04-04 21:02:11 - jarvis.execution - INFO - Task 'task_20250404210203_6' identified as synthesis task based on description. Executing internal synthesis logic...
2025-04-04 21:02:12 - jarvis.execution - INFO - Task task_20250404210203_6 completed successfully in attempt 1.
2025-04-04 21:02:12 - jarvis.execution - INFO - Finished execution for task task_20250404210203_6. Success: True, Time: 0.20s
2025-04-04 21:02:12 - jarvis.execution - INFO - Executing task task_20250404210203_7: 'Synthesize the stock price data analysis and news summary into a comprehensive report'
2025-04-04 21:02:12 - jarvis.execution - INFO - Attempt 1/4 for task task_20250404210203_7
2025-04-04 21:02:12 - jarvis.execution - INFO - Task 'task_20250404210203_7' identified as synthesis task based on description. Executing internal synthesis logic...
2025-04-04 21:02:12 - jarvis.execution - INFO - Task task_20250404210203_7 completed successfully in attempt 1.
2025-04-04 21:02:12 - jarvis.execution - INFO - Finished execution for task task_20250404210203_7. Success: True, Time: 0.21s
2025-04-04 21:04:11 - jarvis.execution - INFO - Loaded 3 execution strategies.
2025-04-04 21:04:19 - jarvis.execution - INFO - Executing task task_20250404210417_1: 'Define the scope and requirements of the report'
2025-04-04 21:04:19 - jarvis.execution - INFO - Attempt 1/4 for task task_20250404210417_1
2025-04-04 21:04:19 - jarvis.execution - INFO - Task 'task_20250404210417_1' identified as synthesis task based on description. Executing internal synthesis logic...
2025-04-04 21:04:19 - jarvis.execution - WARNING - No previous outputs found in plan plan_20250404210417 for synthesis task task_20250404210417_1.
2025-04-04 21:04:20 - jarvis.execution - INFO - Task task_20250404210417_1 completed successfully in attempt 1.
2025-04-04 21:04:20 - jarvis.execution - INFO - Finished execution for task task_20250404210417_1. Success: True, Time: 0.22s
2025-04-04 21:04:20 - jarvis.execution - INFO - Executing task task_20250404210417_2: 'Identify reliable sources for Nvidia stock price data'
2025-04-04 21:04:20 - jarvis.execution - INFO - Attempt 1/4 for task task_20250404210417_2
2025-04-04 21:04:20 - jarvis.execution - ERROR - Unexpected error during execution strategy for task task_20250404210417_2: name 'LLMError' is not defined
Traceback (most recent call last):
  File "C:\Users\Administrator\Documents\GitHub\Jarvis-WIP\jarvis\llm.py", line 588, in process_structured_output
    raise ValueError(f"Cannot use response_model with unpatched {target_provider} client.")
ValueError: Cannot use response_model with unpatched groq client.

During handling of the above exception, another exception occurred:

Traceback (most recent call last):
  File "C:\Users\Administrator\Documents\GitHub\Jarvis-WIP\jarvis\execution.py", line 450, in _parse_task_for_skill
    parsed_response = self.llm.process_structured_output(
                      ^^^^^^^^^^^^^^^^^^^^^^^^^^^^^^^^^^^
  File "C:\Users\Administrator\Documents\GitHub\Jarvis-WIP\jarvis\llm.py", line 652, in process_structured_output
    raise LLMError(f"Unexpected LLM error: {e}")
jarvis.llm.LLMError: Unexpected LLM error: Cannot use response_model with unpatched groq client.

During handling of the above exception, another exception occurred:

Traceback (most recent call last):
  File "C:\Users\Administrator\Documents\GitHub\Jarvis-WIP\jarvis\execution.py", line 322, in _execute_with_strategy
    parsed_result = self._parse_task_for_skill(task)
                    ^^^^^^^^^^^^^^^^^^^^^^^^^^^^^^^^
  File "C:\Users\Administrator\Documents\GitHub\Jarvis-WIP\jarvis\execution.py", line 481, in _parse_task_for_skill
    except (LLMError, ValueError) as e: # Catch LLM errors or value errors from instructor/validation
            ^^^^^^^^
NameError: name 'LLMError' is not defined. Did you mean: 'EOFError'?
2025-04-04 21:04:20 - jarvis.execution - WARNING - Attempt 1 failed for task task_20250404210417_2: Unexpected error during execution strategy for task task_20250404210417_2: name 'LLMError' is not defined
2025-04-04 21:04:20 - jarvis.execution - INFO - Retrying task task_20250404210417_2 in 1.00 seconds...
2025-04-04 21:04:21 - jarvis.execution - INFO - Attempt 2/4 for task task_20250404210417_2
2025-04-04 21:04:21 - jarvis.execution - ERROR - Unexpected error during execution strategy for task task_20250404210417_2: name 'LLMError' is not defined
Traceback (most recent call last):
  File "C:\Users\Administrator\Documents\GitHub\Jarvis-WIP\jarvis\llm.py", line 588, in process_structured_output
    raise ValueError(f"Cannot use response_model with unpatched {target_provider} client.")
ValueError: Cannot use response_model with unpatched groq client.

During handling of the above exception, another exception occurred:

Traceback (most recent call last):
  File "C:\Users\Administrator\Documents\GitHub\Jarvis-WIP\jarvis\execution.py", line 450, in _parse_task_for_skill
    parsed_response = self.llm.process_structured_output(
                      ^^^^^^^^^^^^^^^^^^^^^^^^^^^^^^^^^^^
  File "C:\Users\Administrator\Documents\GitHub\Jarvis-WIP\jarvis\llm.py", line 652, in process_structured_output
    raise LLMError(f"Unexpected LLM error: {e}")
jarvis.llm.LLMError: Unexpected LLM error: Cannot use response_model with unpatched groq client.

During handling of the above exception, another exception occurred:

Traceback (most recent call last):
  File "C:\Users\Administrator\Documents\GitHub\Jarvis-WIP\jarvis\execution.py", line 322, in _execute_with_strategy
    parsed_result = self._parse_task_for_skill(task)
                    ^^^^^^^^^^^^^^^^^^^^^^^^^^^^^^^^
  File "C:\Users\Administrator\Documents\GitHub\Jarvis-WIP\jarvis\execution.py", line 481, in _parse_task_for_skill
    except (LLMError, ValueError) as e: # Catch LLM errors or value errors from instructor/validation
            ^^^^^^^^
NameError: name 'LLMError' is not defined. Did you mean: 'EOFError'?
2025-04-04 21:04:21 - jarvis.execution - WARNING - Attempt 2 failed for task task_20250404210417_2: Unexpected error during execution strategy for task task_20250404210417_2: name 'LLMError' is not defined
2025-04-04 21:04:21 - jarvis.execution - INFO - Retrying task task_20250404210417_2 in 2.00 seconds...
2025-04-04 21:04:23 - jarvis.execution - INFO - Attempt 3/4 for task task_20250404210417_2
2025-04-04 21:04:23 - jarvis.execution - ERROR - Unexpected error during execution strategy for task task_20250404210417_2: name 'LLMError' is not defined
Traceback (most recent call last):
  File "C:\Users\Administrator\Documents\GitHub\Jarvis-WIP\jarvis\llm.py", line 588, in process_structured_output
    raise ValueError(f"Cannot use response_model with unpatched {target_provider} client.")
ValueError: Cannot use response_model with unpatched groq client.

During handling of the above exception, another exception occurred:

Traceback (most recent call last):
  File "C:\Users\Administrator\Documents\GitHub\Jarvis-WIP\jarvis\execution.py", line 450, in _parse_task_for_skill
    parsed_response = self.llm.process_structured_output(
                      ^^^^^^^^^^^^^^^^^^^^^^^^^^^^^^^^^^^
  File "C:\Users\Administrator\Documents\GitHub\Jarvis-WIP\jarvis\llm.py", line 652, in process_structured_output
    raise LLMError(f"Unexpected LLM error: {e}")
jarvis.llm.LLMError: Unexpected LLM error: Cannot use response_model with unpatched groq client.

During handling of the above exception, another exception occurred:

Traceback (most recent call last):
  File "C:\Users\Administrator\Documents\GitHub\Jarvis-WIP\jarvis\execution.py", line 322, in _execute_with_strategy
    parsed_result = self._parse_task_for_skill(task)
                    ^^^^^^^^^^^^^^^^^^^^^^^^^^^^^^^^
  File "C:\Users\Administrator\Documents\GitHub\Jarvis-WIP\jarvis\execution.py", line 481, in _parse_task_for_skill
    except (LLMError, ValueError) as e: # Catch LLM errors or value errors from instructor/validation
            ^^^^^^^^
NameError: name 'LLMError' is not defined. Did you mean: 'EOFError'?
2025-04-04 21:04:23 - jarvis.execution - WARNING - Attempt 3 failed for task task_20250404210417_2: Unexpected error during execution strategy for task task_20250404210417_2: name 'LLMError' is not defined
2025-04-04 21:04:23 - jarvis.execution - INFO - Retrying task task_20250404210417_2 in 4.00 seconds...
2025-04-04 21:04:27 - jarvis.execution - INFO - Attempt 4/4 for task task_20250404210417_2
2025-04-04 21:04:27 - jarvis.execution - ERROR - Unexpected error during execution strategy for task task_20250404210417_2: name 'LLMError' is not defined
Traceback (most recent call last):
  File "C:\Users\Administrator\Documents\GitHub\Jarvis-WIP\jarvis\llm.py", line 588, in process_structured_output
    raise ValueError(f"Cannot use response_model with unpatched {target_provider} client.")
ValueError: Cannot use response_model with unpatched groq client.

During handling of the above exception, another exception occurred:

Traceback (most recent call last):
  File "C:\Users\Administrator\Documents\GitHub\Jarvis-WIP\jarvis\execution.py", line 450, in _parse_task_for_skill
    parsed_response = self.llm.process_structured_output(
                      ^^^^^^^^^^^^^^^^^^^^^^^^^^^^^^^^^^^
  File "C:\Users\Administrator\Documents\GitHub\Jarvis-WIP\jarvis\llm.py", line 652, in process_structured_output
    raise LLMError(f"Unexpected LLM error: {e}")
jarvis.llm.LLMError: Unexpected LLM error: Cannot use response_model with unpatched groq client.

During handling of the above exception, another exception occurred:

Traceback (most recent call last):
  File "C:\Users\Administrator\Documents\GitHub\Jarvis-WIP\jarvis\execution.py", line 322, in _execute_with_strategy
    parsed_result = self._parse_task_for_skill(task)
                    ^^^^^^^^^^^^^^^^^^^^^^^^^^^^^^^^
  File "C:\Users\Administrator\Documents\GitHub\Jarvis-WIP\jarvis\execution.py", line 481, in _parse_task_for_skill
    except (LLMError, ValueError) as e: # Catch LLM errors or value errors from instructor/validation
            ^^^^^^^^
NameError: name 'LLMError' is not defined. Did you mean: 'EOFError'?
2025-04-04 21:04:27 - jarvis.execution - WARNING - Attempt 4 failed for task task_20250404210417_2: Unexpected error during execution strategy for task task_20250404210417_2: name 'LLMError' is not defined
2025-04-04 21:04:27 - jarvis.execution - ERROR - Task task_20250404210417_2 failed after maximum retries (3).
2025-04-04 21:04:27 - jarvis.execution - INFO - Primary execution failed for task task_20250404210417_2. Trying fallback strategies...
2025-04-04 21:04:27 - jarvis.execution - INFO - Attempting fallback strategy 'simple' for task task_20250404210417_2
2025-04-04 21:04:27 - jarvis.execution - ERROR - Unexpected error during execution strategy for task task_20250404210417_2: name 'LLMError' is not defined
Traceback (most recent call last):
  File "C:\Users\Administrator\Documents\GitHub\Jarvis-WIP\jarvis\llm.py", line 588, in process_structured_output
    raise ValueError(f"Cannot use response_model with unpatched {target_provider} client.")
ValueError: Cannot use response_model with unpatched groq client.

During handling of the above exception, another exception occurred:

Traceback (most recent call last):
  File "C:\Users\Administrator\Documents\GitHub\Jarvis-WIP\jarvis\execution.py", line 450, in _parse_task_for_skill
    parsed_response = self.llm.process_structured_output(
                      ^^^^^^^^^^^^^^^^^^^^^^^^^^^^^^^^^^^
  File "C:\Users\Administrator\Documents\GitHub\Jarvis-WIP\jarvis\llm.py", line 652, in process_structured_output
    raise LLMError(f"Unexpected LLM error: {e}")
jarvis.llm.LLMError: Unexpected LLM error: Cannot use response_model with unpatched groq client.

During handling of the above exception, another exception occurred:

Traceback (most recent call last):
  File "C:\Users\Administrator\Documents\GitHub\Jarvis-WIP\jarvis\execution.py", line 322, in _execute_with_strategy
    parsed_result = self._parse_task_for_skill(task)
                    ^^^^^^^^^^^^^^^^^^^^^^^^^^^^^^^^
  File "C:\Users\Administrator\Documents\GitHub\Jarvis-WIP\jarvis\execution.py", line 481, in _parse_task_for_skill
    except (LLMError, ValueError) as e: # Catch LLM errors or value errors from instructor/validation
            ^^^^^^^^
NameError: name 'LLMError' is not defined. Did you mean: 'EOFError'?
2025-04-04 21:04:27 - jarvis.execution - WARNING - Fallback strategy 'simple' failed for task task_20250404210417_2: Unexpected error during execution strategy for task task_20250404210417_2: name 'LLMError' is not defined
2025-04-04 21:04:27 - jarvis.execution - INFO - Attempting fallback strategy 'robust' for task task_20250404210417_2
2025-04-04 21:04:27 - jarvis.execution - ERROR - Unexpected error during execution strategy for task task_20250404210417_2: name 'LLMError' is not defined
Traceback (most recent call last):
  File "C:\Users\Administrator\Documents\GitHub\Jarvis-WIP\jarvis\llm.py", line 588, in process_structured_output
    raise ValueError(f"Cannot use response_model with unpatched {target_provider} client.")
ValueError: Cannot use response_model with unpatched groq client.

During handling of the above exception, another exception occurred:

Traceback (most recent call last):
  File "C:\Users\Administrator\Documents\GitHub\Jarvis-WIP\jarvis\execution.py", line 450, in _parse_task_for_skill
    parsed_response = self.llm.process_structured_output(
                      ^^^^^^^^^^^^^^^^^^^^^^^^^^^^^^^^^^^
  File "C:\Users\Administrator\Documents\GitHub\Jarvis-WIP\jarvis\llm.py", line 652, in process_structured_output
    raise LLMError(f"Unexpected LLM error: {e}")
jarvis.llm.LLMError: Unexpected LLM error: Cannot use response_model with unpatched groq client.

During handling of the above exception, another exception occurred:

Traceback (most recent call last):
  File "C:\Users\Administrator\Documents\GitHub\Jarvis-WIP\jarvis\execution.py", line 322, in _execute_with_strategy
    parsed_result = self._parse_task_for_skill(task)
                    ^^^^^^^^^^^^^^^^^^^^^^^^^^^^^^^^
  File "C:\Users\Administrator\Documents\GitHub\Jarvis-WIP\jarvis\execution.py", line 481, in _parse_task_for_skill
    except (LLMError, ValueError) as e: # Catch LLM errors or value errors from instructor/validation
            ^^^^^^^^
NameError: name 'LLMError' is not defined. Did you mean: 'EOFError'?
2025-04-04 21:04:27 - jarvis.execution - WARNING - Fallback strategy 'robust' failed for task task_20250404210417_2: Unexpected error during execution strategy for task task_20250404210417_2: name 'LLMError' is not defined
2025-04-04 21:04:27 - jarvis.execution - INFO - Finished execution for task task_20250404210417_2. Success: False, Time: 7.05s
2025-04-04 21:04:28 - jarvis.execution - INFO - Task task_20250404210417_2 failure diagnosis: Diagnosis: The error message 'name 'LLMError' is not defined' suggests that the execution system encountered an undefined variable or exception during the task execution, which is likely due to a skill bug or an issue with the internal implementation of the LLM (Large Language Model). This could be caused by a missing import statement, a typo in the code, or an incorrect assumption about the availability of certain variables or functions.

Suggestion: Retry the task with an updated plan that includes error handling and logging to capture more detailed information about the failure. Additionally, review the code and implementation of the skill to ensure that all variables and functions are properly defined and imported. If the issue persists, consider using a fallback skill or an alternative approach to obtain
2025-04-04 21:05:29 - jarvis.execution - INFO - Loaded 3 execution strategies.
2025-04-04 21:11:13 - jarvis.execution - INFO - Executing task task_20250404211111_1: 'Define the scope and requirements of the report'
2025-04-04 21:11:13 - jarvis.execution - INFO - Attempt 1/4 for task task_20250404211111_1
2025-04-04 21:11:13 - jarvis.execution - INFO - Task 'task_20250404211111_1' identified as synthesis task based on description. Executing internal synthesis logic...
2025-04-04 21:11:13 - jarvis.execution - WARNING - No previous outputs found in plan plan_20250404211110 for synthesis task task_20250404211111_1.
2025-04-04 21:11:13 - jarvis.execution - INFO - Task task_20250404211111_1 completed successfully in attempt 1.
2025-04-04 21:11:13 - jarvis.execution - INFO - Finished execution for task task_20250404211111_1. Success: True, Time: 0.25s
2025-04-04 21:11:13 - jarvis.execution - INFO - Executing task task_20250404211111_2: 'Identify reliable sources for Nvidia stock price data'
2025-04-04 21:11:13 - jarvis.execution - INFO - Attempt 1/4 for task task_20250404211111_2
2025-04-04 21:11:13 - jarvis.execution - WARNING - Instructor response_model requested, but client 'groq' appears unpatched. Falling back to manual JSON parsing.
2025-04-04 21:11:14 - jarvis.execution - INFO - Attempting to execute task 'task_20250404211111_2' using skill: 'web'
2025-04-04 21:11:15 - jarvis.execution - INFO - Task task_20250404211111_2 completed successfully in attempt 1.
2025-04-04 21:11:15 - jarvis.execution - INFO - Finished execution for task task_20250404211111_2. Success: True, Time: 1.48s
2025-04-04 21:11:15 - jarvis.execution - INFO - Executing task task_20250404211111_3: 'Retrieve historical and current Nvidia stock price data'
2025-04-04 21:11:15 - jarvis.execution - INFO - Attempt 1/4 for task task_20250404211111_3
2025-04-04 21:11:15 - jarvis.execution - WARNING - Instructor response_model requested, but client 'groq' appears unpatched. Falling back to manual JSON parsing.
2025-04-04 21:11:15 - jarvis.execution - INFO - No suitable skill identified by LLM for task 'task_20250404211111_3' ('Retrieve historical and current Nvidia stock price data') and not identified as a synthesis task. Marking as completed internal step.
2025-04-04 21:11:15 - jarvis.execution - INFO - Task task_20250404211111_3 completed successfully in attempt 1.
2025-04-04 21:11:15 - jarvis.execution - INFO - Finished execution for task task_20250404211111_3. Success: True, Time: 0.24s
2025-04-04 21:11:15 - jarvis.execution - INFO - Executing task task_20250404211111_4: 'Analyze the retrieved stock price data for trends and insights'
2025-04-04 21:11:15 - jarvis.execution - INFO - Attempt 1/4 for task task_20250404211111_4
2025-04-04 21:11:15 - jarvis.execution - WARNING - Instructor response_model requested, but client 'groq' appears unpatched. Falling back to manual JSON parsing.
2025-04-04 21:11:16 - jarvis.execution - INFO - No suitable skill identified by LLM for task 'task_20250404211111_4' ('Analyze the retrieved stock price data for trends and insights') and not identified as a synthesis task. Marking as completed internal step.
2025-04-04 21:11:16 - jarvis.execution - INFO - Task task_20250404211111_4 completed successfully in attempt 1.
2025-04-04 21:11:16 - jarvis.execution - INFO - Finished execution for task task_20250404211111_4. Success: True, Time: 0.26s
2025-04-04 21:11:16 - jarvis.execution - INFO - Executing task task_20250404211111_5: 'Validate the accuracy and relevance of the analyzed data'
2025-04-04 21:11:16 - jarvis.execution - INFO - Attempt 1/4 for task task_20250404211111_5
2025-04-04 21:11:16 - jarvis.execution - WARNING - Instructor response_model requested, but client 'groq' appears unpatched. Falling back to manual JSON parsing.
2025-04-04 21:11:16 - jarvis.execution - INFO - No suitable skill identified by LLM for task 'task_20250404211111_5' ('Validate the accuracy and relevance of the analyzed data') and not identified as a synthesis task. Marking as completed internal step.
2025-04-04 21:11:16 - jarvis.execution - INFO - Task task_20250404211111_5 completed successfully in attempt 1.
2025-04-04 21:11:16 - jarvis.execution - INFO - Finished execution for task task_20250404211111_5. Success: True, Time: 0.24s
2025-04-04 21:11:17 - jarvis.execution - INFO - Executing task task_20250404211111_6: 'Compile the analyzed and validated data into a comprehensive report'
2025-04-04 21:11:17 - jarvis.execution - INFO - Attempt 1/4 for task task_20250404211111_6
2025-04-04 21:11:17 - jarvis.execution - INFO - Task 'task_20250404211111_6' identified as synthesis task based on description. Executing internal synthesis logic...
2025-04-04 21:11:17 - jarvis.execution - INFO - Task task_20250404211111_6 completed successfully in attempt 1.
2025-04-04 21:11:17 - jarvis.execution - INFO - Finished execution for task task_20250404211111_6. Success: True, Time: 0.22s
2025-04-04 21:11:17 - jarvis.execution - INFO - Executing task task_20250404211111_7: 'Synthesize the results and prepare a final report on Nvidia stock prices'
2025-04-04 21:11:17 - jarvis.execution - INFO - Attempt 1/4 for task task_20250404211111_7
2025-04-04 21:11:17 - jarvis.execution - INFO - Task 'task_20250404211111_7' identified as synthesis task based on description. Executing internal synthesis logic...
2025-04-04 21:11:17 - jarvis.execution - INFO - Task task_20250404211111_7 completed successfully in attempt 1.
2025-04-04 21:11:17 - jarvis.execution - INFO - Finished execution for task task_20250404211111_7. Success: True, Time: 0.24s
2025-04-04 21:48:46 - jarvis.execution - INFO - Loaded 3 execution strategies.
2025-04-04 21:50:16 - jarvis.execution - INFO - Loaded 3 execution strategies.
2025-04-04 22:14:01 - jarvis.execution - INFO - Loaded 3 execution strategies.
2025-04-04 22:14:33 - jarvis.execution - INFO - Loaded 3 execution strategies.
